Modules list:
-------------
main.o:
    CODE              Offs=000000  Size=0005B4  Align=00001  Fill=0000
    RODATA            Offs=000000  Size=000116  Align=00001  Fill=0000
    BSS               Offs=000000  Size=000020  Align=00001  Fill=0000
sprite.o:
    CODE              Offs=0005B4  Size=0003CB  Align=00001  Fill=0000
calendar.o:
    CODE              Offs=00097F  Size=0001DF  Align=00001  Fill=0000
    RODATA            Offs=000116  Size=000139  Align=00001  Fill=0000
    BSS               Offs=000020  Size=00001F  Align=00001  Fill=0000
    DATA              Offs=000000  Size=00004C  Align=00001  Fill=0000
common.o:
map.o:
    CODE              Offs=000B5E  Size=000C8B  Align=00001  Fill=0000
    RODATA            Offs=00024F  Size=000061  Align=00001  Fill=0000
    BSS               Offs=00003F  Size=000365  Align=00001  Fill=0000
    DATA              Offs=00004C  Size=00000B  Align=00001  Fill=0000
menus.o:
    CODE              Offs=0017E9  Size=000065  Align=00001  Fill=0000
    RODATA            Offs=0002B0  Size=000030  Align=00001  Fill=0000
    DATA              Offs=000057  Size=00000C  Align=00001  Fill=0000
ship.o:
    CODE              Offs=00184E  Size=000019  Align=00001  Fill=0000
    DATA              Offs=000063  Size=0000D8  Align=00001  Fill=0000
/Volumes/Zort/git/cc65/lib/cx16.lib(_cursor.o):
    BSS               Offs=0003A4  Size=000001  Align=00001  Fill=0000
/Volumes/Zort/git/cc65/lib/cx16.lib(_directerrno.o):
    CODE              Offs=001867  Size=000009  Align=00001  Fill=0000
/Volumes/Zort/git/cc65/lib/cx16.lib(_hextab.o):
    RODATA            Offs=0002E0  Size=000010  Align=00001  Fill=0000
/Volumes/Zort/git/cc65/lib/cx16.lib(_longminstr.o):
    RODATA            Offs=0002F0  Size=00000C  Align=00001  Fill=0000
/Volumes/Zort/git/cc65/lib/cx16.lib(_oserror.o):
    BSS               Offs=0003A5  Size=000001  Align=00001  Fill=0000
/Volumes/Zort/git/cc65/lib/cx16.lib(_printf.o):
    CODE              Offs=001870  Size=0003A1  Align=00001  Fill=0000
    BSS               Offs=0003A6  Size=00002B  Align=00001  Fill=0000
    DATA              Offs=00013B  Size=000003  Align=00001  Fill=0000
/Volumes/Zort/git/cc65/lib/cx16.lib(_seterrno.o):
    CODE              Offs=001C11  Size=000009  Align=00001  Fill=0000
/Volumes/Zort/git/cc65/lib/cx16.lib(_sys.o):
    CODE              Offs=001C1A  Size=000044  Align=00001  Fill=0000
/Volumes/Zort/git/cc65/lib/cx16.lib(add.o):
    CODE              Offs=001C5E  Size=000018  Align=00001  Fill=0000
/Volumes/Zort/git/cc65/lib/cx16.lib(addeqsp.o):
    CODE              Offs=001C76  Size=000011  Align=00001  Fill=0000
/Volumes/Zort/git/cc65/lib/cx16.lib(addysp.o):
    CODE              Offs=001C87  Size=00000E  Align=00001  Fill=0000
/Volumes/Zort/git/cc65/lib/cx16.lib(aslax1.o):
    CODE              Offs=001C95  Size=000008  Align=00001  Fill=0000
/Volumes/Zort/git/cc65/lib/cx16.lib(aslax2.o):
    CODE              Offs=001C9D  Size=00000B  Align=00001  Fill=0000
/Volumes/Zort/git/cc65/lib/cx16.lib(aslax3.o):
    CODE              Offs=001CA8  Size=00000E  Align=00001  Fill=0000
/Volumes/Zort/git/cc65/lib/cx16.lib(aslax4.o):
    CODE              Offs=001CB6  Size=000011  Align=00001  Fill=0000
/Volumes/Zort/git/cc65/lib/cx16.lib(asrax1.o):
    CODE              Offs=001CC7  Size=00000A  Align=00001  Fill=0000
/Volumes/Zort/git/cc65/lib/cx16.lib(asrax4.o):
    CODE              Offs=001CD1  Size=000019  Align=00001  Fill=0000
/Volumes/Zort/git/cc65/lib/cx16.lib(axlong.o):
    CODE              Offs=001CEA  Size=00000D  Align=00001  Fill=0000
/Volumes/Zort/git/cc65/lib/cx16.lib(c_load.o):
    CODE              Offs=001CF7  Size=00001D  Align=00001  Fill=0000
/Volumes/Zort/git/cc65/lib/cx16.lib(c_setlfs.o):
    CODE              Offs=001D14  Size=00000E  Align=00001  Fill=0000
/Volumes/Zort/git/cc65/lib/cx16.lib(c_setnam.o):
    CODE              Offs=001D22  Size=000013  Align=00001  Fill=0000
/Volumes/Zort/git/cc65/lib/cx16.lib(callmain.o):
    CODE              Offs=001D35  Size=000017  Align=00001  Fill=0000
    DATA              Offs=00013E  Size=000004  Align=00001  Fill=0000
/Volumes/Zort/git/cc65/lib/cx16.lib(cgetc.o):
    CODE              Offs=001D4C  Size=000067  Align=00001  Fill=0000
/Volumes/Zort/git/cc65/lib/cx16.lib(clrscr.o):
    CODE              Offs=001DB3  Size=000011  Align=00001  Fill=0000
/Volumes/Zort/git/cc65/lib/cx16.lib(color.o):
    CODE              Offs=001DC4  Size=00002A  Align=00001  Fill=0000
/Volumes/Zort/git/cc65/lib/cx16.lib(condes.o):
    CODE              Offs=001DEE  Size=00000C  Align=00001  Fill=0000
    DATA              Offs=000142  Size=000025  Align=00001  Fill=0000
    ONCE              Offs=000000  Size=00000C  Align=00001  Fill=0000
/Volumes/Zort/git/cc65/lib/cx16.lib(cprintf.o):
    CODE              Offs=001DFA  Size=00002A  Align=00001  Fill=0000
    BSS               Offs=0003D1  Size=000001  Align=00001  Fill=0000
/Volumes/Zort/git/cc65/lib/cx16.lib(cputc.o):
    CODE              Offs=001E24  Size=000062  Align=00001  Fill=0000
    RODATA            Offs=0002FC  Size=000008  Align=00001  Fill=0000
/Volumes/Zort/git/cc65/lib/cx16.lib(cputs.o):
    CODE              Offs=001E86  Size=00001D  Align=00001  Fill=0000
/Volumes/Zort/git/cc65/lib/cx16.lib(crt0.o):
    STARTUP           Offs=000000  Size=000021  Align=00001  Fill=0000
    ONCE              Offs=00000C  Size=00001B  Align=00001  Fill=0000
    INIT              Offs=000000  Size=000002  Align=00001  Fill=0000
/Volumes/Zort/git/cc65/lib/cx16.lib(ctype.o):
    RODATA            Offs=000304  Size=00008B  Align=00001  Fill=0000
/Volumes/Zort/git/cc65/lib/cx16.lib(ctypemask.o):
    CODE              Offs=001EA3  Size=00001E  Align=00001  Fill=0000
/Volumes/Zort/git/cc65/lib/cx16.lib(decax1.o):
    CODE              Offs=001EC1  Size=000007  Align=00001  Fill=0000
/Volumes/Zort/git/cc65/lib/cx16.lib(decsp1.o):
    CODE              Offs=001EC8  Size=000009  Align=00001  Fill=0000
/Volumes/Zort/git/cc65/lib/cx16.lib(decsp2.o):
    CODE              Offs=001ED1  Size=00000D  Align=00001  Fill=0000
/Volumes/Zort/git/cc65/lib/cx16.lib(decsp3.o):
    CODE              Offs=001EDE  Size=00000D  Align=00001  Fill=0000
/Volumes/Zort/git/cc65/lib/cx16.lib(decsp4.o):
    CODE              Offs=001EEB  Size=00000D  Align=00001  Fill=0000
/Volumes/Zort/git/cc65/lib/cx16.lib(decsp6.o):
    CODE              Offs=001EF8  Size=00000D  Align=00001  Fill=0000
/Volumes/Zort/git/cc65/lib/cx16.lib(decsp7.o):
    CODE              Offs=001F05  Size=00000D  Align=00001  Fill=0000
/Volumes/Zort/git/cc65/lib/cx16.lib(decsp8.o):
    CODE              Offs=001F12  Size=00000D  Align=00001  Fill=0000
/Volumes/Zort/git/cc65/lib/cx16.lib(div.o):
    CODE              Offs=001F1F  Size=000015  Align=00001  Fill=0000
/Volumes/Zort/git/cc65/lib/cx16.lib(divt.o):
    CODE              Offs=001F34  Size=000015  Align=00001  Fill=0000
/Volumes/Zort/git/cc65/lib/cx16.lib(errno.o):
    BSS               Offs=0003D2  Size=000002  Align=00001  Fill=0000
/Volumes/Zort/git/cc65/lib/cx16.lib(exehdr.o):
    EXEHDR            Offs=000000  Size=00000C  Align=00001  Fill=0000
/Volumes/Zort/git/cc65/lib/cx16.lib(gettime.o):
    CODE              Offs=001F49  Size=00004C  Align=00001  Fill=0000
/Volumes/Zort/git/cc65/lib/cx16.lib(gotoxy.o):
    CODE              Offs=001F95  Size=00000F  Align=00001  Fill=0000
/Volumes/Zort/git/cc65/lib/cx16.lib(icmp.o):
    CODE              Offs=001FA4  Size=00002E  Align=00001  Fill=0000
/Volumes/Zort/git/cc65/lib/cx16.lib(incax2.o):
    CODE              Offs=001FD2  Size=000007  Align=00001  Fill=0000
/Volumes/Zort/git/cc65/lib/cx16.lib(incax3.o):
    CODE              Offs=001FD9  Size=000005  Align=00001  Fill=0000
/Volumes/Zort/git/cc65/lib/cx16.lib(incax5.o):
    CODE              Offs=001FDE  Size=000005  Align=00001  Fill=0000
/Volumes/Zort/git/cc65/lib/cx16.lib(incax6.o):
    CODE              Offs=001FE3  Size=000005  Align=00001  Fill=0000
/Volumes/Zort/git/cc65/lib/cx16.lib(incax7.o):
    CODE              Offs=001FE8  Size=000005  Align=00001  Fill=0000
/Volumes/Zort/git/cc65/lib/cx16.lib(incaxy.o):
    CODE              Offs=001FED  Size=00000B  Align=00001  Fill=0000
/Volumes/Zort/git/cc65/lib/cx16.lib(incsp1.o):
    CODE              Offs=001FF8  Size=000007  Align=00001  Fill=0000
/Volumes/Zort/git/cc65/lib/cx16.lib(incsp2.o):
    CODE              Offs=001FFF  Size=000015  Align=00001  Fill=0000
/Volumes/Zort/git/cc65/lib/cx16.lib(incsp3.o):
    CODE              Offs=002014  Size=000005  Align=00001  Fill=0000
/Volumes/Zort/git/cc65/lib/cx16.lib(incsp4.o):
    CODE              Offs=002019  Size=000005  Align=00001  Fill=0000
/Volumes/Zort/git/cc65/lib/cx16.lib(incsp5.o):
    CODE              Offs=00201E  Size=000005  Align=00001  Fill=0000
/Volumes/Zort/git/cc65/lib/cx16.lib(incsp6.o):
    CODE              Offs=002023  Size=000005  Align=00001  Fill=0000
/Volumes/Zort/git/cc65/lib/cx16.lib(incsp8.o):
    CODE              Offs=002028  Size=000005  Align=00001  Fill=0000
/Volumes/Zort/git/cc65/lib/cx16.lib(jmpvec.o):
    DATA              Offs=000167  Size=000003  Align=00001  Fill=0000
/Volumes/Zort/git/cc65/lib/cx16.lib(kbhit.o):
    CODE              Offs=00202D  Size=000005  Align=00001  Fill=0000
/Volumes/Zort/git/cc65/lib/cx16.lib(kernal.o):
/Volumes/Zort/git/cc65/lib/cx16.lib(ladd.o):
    CODE              Offs=002032  Size=000024  Align=00001  Fill=0000
/Volumes/Zort/git/cc65/lib/cx16.lib(ldai.o):
    CODE              Offs=002056  Size=00000C  Align=00001  Fill=0000
/Volumes/Zort/git/cc65/lib/cx16.lib(ldaxi.o):
    CODE              Offs=002062  Size=00000D  Align=00001  Fill=0000
/Volumes/Zort/git/cc65/lib/cx16.lib(ldaxsp.o):
    CODE              Offs=00206F  Size=000009  Align=00001  Fill=0000
/Volumes/Zort/git/cc65/lib/cx16.lib(ldeaxi.o):
    CODE              Offs=002078  Size=000017  Align=00001  Fill=0000
/Volumes/Zort/git/cc65/lib/cx16.lib(leaaxsp.o):
    CODE              Offs=00208F  Size=00000C  Align=00001  Fill=0000
/Volumes/Zort/git/cc65/lib/cx16.lib(lmul.o):
    CODE              Offs=00209B  Size=000059  Align=00001  Fill=0000
/Volumes/Zort/git/cc65/lib/cx16.lib(lneg.o):
    CODE              Offs=0020F4  Size=00001E  Align=00001  Fill=0000
/Volumes/Zort/git/cc65/lib/cx16.lib(loadaddr.o):
    LOADADDR          Offs=000000  Size=000002  Align=00001  Fill=0000
/Volumes/Zort/git/cc65/lib/cx16.lib(lpush.o):
    CODE              Offs=002112  Size=00001E  Align=00001  Fill=0000
/Volumes/Zort/git/cc65/lib/cx16.lib(lsub.o):
    CODE              Offs=002130  Size=000024  Align=00001  Fill=0000
/Volumes/Zort/git/cc65/lib/cx16.lib(ltoa.o):
    CODE              Offs=002154  Size=000093  Align=00001  Fill=0000
/Volumes/Zort/git/cc65/lib/cx16.lib(ludiv.o):
    CODE              Offs=0021E7  Size=000077  Align=00001  Fill=0000
/Volumes/Zort/git/cc65/lib/cx16.lib(lumod.o):
    CODE              Offs=00225E  Size=000017  Align=00001  Fill=0000
/Volumes/Zort/git/cc65/lib/cx16.lib(makebool.o):
    CODE              Offs=002275  Size=00002C  Align=00001  Fill=0000
/Volumes/Zort/git/cc65/lib/cx16.lib(memcpy.o):
    CODE              Offs=0022A1  Size=00003C  Align=00001  Fill=0000
/Volumes/Zort/git/cc65/lib/cx16.lib(mktime.o):
    CODE              Offs=0022DD  Size=000257  Align=00001  Fill=0000
    BSS               Offs=0003D4  Size=000005  Align=00001  Fill=0000
    DATA              Offs=00016A  Size=000024  Align=00001  Fill=0000
/Volumes/Zort/git/cc65/lib/cx16.lib(mod.o):
    CODE              Offs=002534  Size=000011  Align=00001  Fill=0000
/Volumes/Zort/git/cc65/lib/cx16.lib(mul.o):
    CODE              Offs=002545  Size=000045  Align=00001  Fill=0000
/Volumes/Zort/git/cc65/lib/cx16.lib(mul8.o):
    CODE              Offs=00258A  Size=00003A  Align=00001  Fill=0000
/Volumes/Zort/git/cc65/lib/cx16.lib(mulax3.o):
    CODE              Offs=0025C4  Size=000011  Align=00001  Fill=0000
/Volumes/Zort/git/cc65/lib/cx16.lib(negabs.o):
    CODE              Offs=0025D5  Size=000012  Align=00001  Fill=0000
/Volumes/Zort/git/cc65/lib/cx16.lib(popa.o):
    CODE              Offs=0025E7  Size=00000A  Align=00001  Fill=0000
/Volumes/Zort/git/cc65/lib/cx16.lib(popptr1.o):
    CODE              Offs=0025F1  Size=00000E  Align=00001  Fill=0000
/Volumes/Zort/git/cc65/lib/cx16.lib(push1.o):
    CODE              Offs=0025FF  Size=000005  Align=00001  Fill=0000
/Volumes/Zort/git/cc65/lib/cx16.lib(pusha.o):
    CODE              Offs=002604  Size=000016  Align=00001  Fill=0000
/Volumes/Zort/git/cc65/lib/cx16.lib(pushax.o):
    CODE              Offs=00261A  Size=00001A  Align=00001  Fill=0000
/Volumes/Zort/git/cc65/lib/cx16.lib(pushw.o):
    CODE              Offs=002634  Size=00000F  Align=00001  Fill=0000
/Volumes/Zort/git/cc65/lib/cx16.lib(pushwsp.o):
    CODE              Offs=002643  Size=00001C  Align=00001  Fill=0000
/Volumes/Zort/git/cc65/lib/cx16.lib(rand.o):
    CODE              Offs=00265F  Size=000034  Align=00001  Fill=0000
    DATA              Offs=00018E  Size=000004  Align=00001  Fill=0000
/Volumes/Zort/git/cc65/lib/cx16.lib(randomize.o):
    CODE              Offs=002693  Size=000006  Align=00001  Fill=0000
/Volumes/Zort/git/cc65/lib/cx16.lib(return0.o):
    CODE              Offs=002699  Size=000004  Align=00001  Fill=0000
/Volumes/Zort/git/cc65/lib/cx16.lib(revers.o):
    CODE              Offs=00269D  Size=000013  Align=00001  Fill=0000
/Volumes/Zort/git/cc65/lib/cx16.lib(shelp.o):
    CODE              Offs=0026B0  Size=000020  Align=00001  Fill=0000
/Volumes/Zort/git/cc65/lib/cx16.lib(shrax1.o):
    CODE              Offs=0026D0  Size=000008  Align=00001  Fill=0000
/Volumes/Zort/git/cc65/lib/cx16.lib(shrax2.o):
    CODE              Offs=0026D8  Size=00000B  Align=00001  Fill=0000
/Volumes/Zort/git/cc65/lib/cx16.lib(shrax4.o):
    CODE              Offs=0026E3  Size=000011  Align=00001  Fill=0000
/Volumes/Zort/git/cc65/lib/cx16.lib(shreax4.o):
    CODE              Offs=0026F4  Size=000011  Align=00001  Fill=0000
/Volumes/Zort/git/cc65/lib/cx16.lib(sprintf.o):
    CODE              Offs=002705  Size=00002B  Align=00001  Fill=0000
    BSS               Offs=0003D9  Size=000001  Align=00001  Fill=0000
/Volumes/Zort/git/cc65/lib/cx16.lib(sprites_enable.o):
    CODE              Offs=002730  Size=00001F  Align=00001  Fill=0000
/Volumes/Zort/git/cc65/lib/cx16.lib(staspidx.o):
    CODE              Offs=00274F  Size=000016  Align=00001  Fill=0000
/Volumes/Zort/git/cc65/lib/cx16.lib(staxsp.o):
    CODE              Offs=002765  Size=00000B  Align=00001  Fill=0000
/Volumes/Zort/git/cc65/lib/cx16.lib(steaxspi.o):
    CODE              Offs=002770  Size=000022  Align=00001  Fill=0000
/Volumes/Zort/git/cc65/lib/cx16.lib(strlen.o):
    CODE              Offs=002792  Size=000016  Align=00001  Fill=0000
/Volumes/Zort/git/cc65/lib/cx16.lib(strlower.o):
    CODE              Offs=0027A8  Size=000027  Align=00001  Fill=0000
/Volumes/Zort/git/cc65/lib/cx16.lib(sub.o):
    CODE              Offs=0027CF  Size=000014  Align=00001  Fill=0000
/Volumes/Zort/git/cc65/lib/cx16.lib(time.o):
    CODE              Offs=0027E3  Size=000043  Align=00001  Fill=0000
    BSS               Offs=0003DA  Size=000008  Align=00001  Fill=0000
/Volumes/Zort/git/cc65/lib/cx16.lib(timezone.o):
    DATA              Offs=000192  Size=00000F  Align=00001  Fill=0000
/Volumes/Zort/git/cc65/lib/cx16.lib(tmcommon.o):
    CODE              Offs=002826  Size=00000D  Align=00001  Fill=0000
    DATA              Offs=0001A1  Size=000012  Align=00001  Fill=0000
/Volumes/Zort/git/cc65/lib/cx16.lib(udiv.o):
    CODE              Offs=002833  Size=00004F  Align=00001  Fill=0000
/Volumes/Zort/git/cc65/lib/cx16.lib(umod.o):
    CODE              Offs=002882  Size=000011  Align=00001  Fill=0000
/Volumes/Zort/git/cc65/lib/cx16.lib(vcprintf.o):
    CODE              Offs=002893  Size=000074  Align=00001  Fill=0000
    DATA              Offs=0001B3  Size=000008  Align=00001  Fill=0000
/Volumes/Zort/git/cc65/lib/cx16.lib(vsnprintf.o):
    CODE              Offs=002907  Size=0000DA  Align=00001  Fill=0000
    DATA              Offs=0001BB  Size=000008  Align=00001  Fill=0000
/Volumes/Zort/git/cc65/lib/cx16.lib(vsprintf.o):
    CODE              Offs=0029E1  Size=000012  Align=00001  Fill=0000
/Volumes/Zort/git/cc65/lib/cx16.lib(waitvsync.o):
    CODE              Offs=0029F3  Size=00000D  Align=00001  Fill=0000
/Volumes/Zort/git/cc65/lib/cx16.lib(xor.o):
    CODE              Offs=002A00  Size=000011  Align=00001  Fill=0000
/Volumes/Zort/git/cc65/lib/cx16.lib(zerobss.o):
    CODE              Offs=002A11  Size=000023  Align=00001  Fill=0000
/Volumes/Zort/git/cc65/lib/cx16.lib(zeropage.o):
    ZEROPAGE          Offs=000000  Size=00001A  Align=00001  Fill=0000


Segment list:
-------------
Name                   Start     End    Size  Align
----------------------------------------------------
ZEROPAGE              000022  00003B  00001A  00001
LOADADDR              0007FF  000800  000002  00001
EXEHDR                000801  00080C  00000C  00001
STARTUP               00080D  00082D  000021  00001
CODE                  00082E  003261  002A34  00001
RODATA                003262  0035F0  00038F  00001
DATA                  0035F1  0037B3  0001C3  00001
INIT                  0037B4  0037B5  000002  00001
BSS                   0037B6  003B97  0003E2  00001
ONCE                  0037B6  0037DC  000027  00001


Exports list by name:
---------------------
CHROUT                    00FFD2 RLA    CLOCK_GET_DATE_TIME       00FF50 RLA    
ENTROPY_GET               00FECF RLA    GETIN                     00FFE4 RLA    
KBDBUF_PEEK               00FEBD RLA    LOAD                      00FFD5 RLA    
PLOT                      00FFF0 RLA    RDTIM                     00FFDE RLA    
SETLFS                    00FFBA RLA    SETNAM                    00FFBD RLA    
TM                        003792 RLA    __BSS_RUN__               0037B6 RLA    
__BSS_SIZE__              0003E2 REA    __CONSTRUCTOR_COUNT__     000000 REA    
__CONSTRUCTOR_TABLE__     0037DD RLA    __DESTRUCTOR_COUNT__      000000 REA    
__DESTRUCTOR_TABLE__      0035F1 RLA    __EXEHDR__                000001 REA    
__HEADER_LAST__           00080D RLA    __HIMEM__                 009F00 REA    
__LOADADDR__              000001 REA    __MAIN_SIZE__             0096F3 REA    
__MAIN_START__            00080D RLA    __ONCE_RUN__              0037B6 RLA    
__STACKSIZE__             000800 REA    __STARTUP__               000001 REA    
___directerrno            002095 RLA    ___errno                  003B88 RLA    
___oserror                003B5B RLA    ___randomize              002EC1 RLA    
___seterrno               00243F RLA    __ctype                   003566 RLA    
__ctypeidx                003571 RLA    __hextab                  003542 RLA    
__longminstr              003552 RLA    __printf                  00218F RLA    
__sys                     002448 RLA    __tz                      003783 RLA    
_bgcolor                  002605 RLA    _cbm_k_load               002525 RLA    
_cbm_k_setlfs             002542 RLA    _cbm_k_setnam             002550 RLA    
_cgetc                    00257A RLA    _clock_gettime            002777 RLA    
_clrscr                   0025E1 RLA    _cprintf                  002628 RLA    
_cputc                    002657 RLA    _cputcxy                  002652 RLA    
_cputsxy                  0026B4 RLA    _div                      002762 RLA    
_getShipData              00207C RLA    _gotoxy                   0027C6 RLA    
_kbhit                    00285B RLA    _ltoa                     00299A RLA    
_main                     000D08 RLA    _map_calculate            001672 RLA    
_map_east                 0015C0 RLA    _map_frame_draw           001479 RLA    
_map_get_center_tile      001E54 RLA    _map_get_terrain_at       001B19 RLA    
_map_has_land_east        001F22 RLA    _map_has_land_north       001EDE RLA    
_map_has_land_south       001F00 RLA    _map_has_land_west        001F44 RLA    
_map_has_object_at        001B6F RLA    _map_has_settlement_nearby 001D66 RLA    
_map_init                 00138C RLA    _map_north                001567 RLA    
_map_place_settlement_at  001BCB RLA    _map_region               00198D RLA    
_map_south                00150E RLA    _map_west                 001619 RLA    
_memcpy                   002ACF RLA    _menus_show               002017 RLA    
_mktime                   002B96 RLA    _revers                   002ECB RLA    
_sprintf                  002F33 RLA    _sprite_define            000DE2 RLA    
_sprite_horiz_flip        001110 RLA    _sprite_horiz_unflip      001141 RLA    
_srand                    002E8D RLA    _strlen                   002FC0 RLA    
_strlower                 002FD6 RLA    _textcolor                0025F2 RLA    
_time                     003011 RLA    _ultoa                    0029D9 RLA    
_updateDate               0011AD RLA    _vcprintf                 003105 RLA    
_vera_sprites_enable      002F5E RLA    _vsprintf                 00320F RLA    
_waitvsync                003221 RLA    addeqysp                  0024A6 RLA    
addysp                    0024B6 RLA    addysp1                   0024B5 RLA    
aslax1                    0024C3 RLA    aslax3                    0024D6 RLA    
aslax4                    0024E4 RLA    asrax1                    0024F5 RLA    
asrax4                    0024FF RLA    axlong                    002518 RLA    
axulong                   00251E RLA    boolne                    002AA3 RLA    
callmain                  002563 RLA    ctypemaskdirect           0026D5 RLA    
cursor                    003B5A RLA    decax1                    0026EF RLA    
decsp1                    0026F6 RLA    decsp2                    0026FF RLA    
decsp3                    00270C RLA    decsp4                    002719 RLA    
decsp6                    002726 RLA    decsp7                    002733 RLA    
decsp8                    002740 RLA    donelib                   00261C RLA    
getlop                    002A24 RLA    gotoxy                    0027C3 RLA    
incax2                    002800 RLA    incax3                    002807 RLA    
incax4                    00281B RLA    incax5                    00280C RLA    
incax6                    002811 RLA    incax7                    002816 RLA    
incaxy                    00281D RLA    incsp1                    002826 RLA    
incsp2                    002834 RLA    incsp3                    002842 RLA    
incsp4                    002847 RLA    incsp5                    00284C RLA    
incsp6                    002851 RLA    incsp8                    002856 RLA    
initlib                   0037B6 RLA    jmpvec                    003758 RLA    
ldaidx                    002884 RLA    ldax0sp                   00289D RLA    
ldaxi                     002890 RLA    ldaxidx                   002892 RLA    
ldaxysp                   00289F RLA    ldeaxi                    0028A6 RLA    
leaa0sp                   0028BD RLA    load_jiffy                003054 RLA    
mul8x16                   002DBA RLA    mul8x16a                  002DC4 RLA    
mulax3                    002DF2 RLA    negax                     002E07 RLA    
negeax                    002922 RLA    plot                      002683 RLA    
popa                      002E15 RLA    popax                     00282D RLA    
popptr1                   002E1F RLA    popsargsudiv16            002EDE RLA    
ptr1                      00002A RLZ    ptr2                      00002C RLZ    
ptr3                      00002E RLZ    ptr4                      000030 RLZ    
push1                     002E2D RLA    pusha                     002E36 RLA    
pusha0                    002E4A RLA    pushax                    002E4C RLA    
pusheax                   002947 RLA    pushw                     002E62 RLA    
pushw0sp                  002E71 RLA    regbank                   000036 RLZ    
return0                   002EC7 RLA    shlax2                    0024CB RLA    
shlax3                    0024D6 RLA    shlax4                    0024E4 RLA    
shrax1                    002EFE RLA    shrax2                    002F06 RLA    
shrax4                    002F11 RLA    shreax4                   002F22 RLA    
sp                        000022 RLZ    sreg                      000024 RLZ    
staspidx                  002F7D RLA    staxysp                   002F95 RLA    
steaxspidx                002F9E RLA    tmp1                      000032 RLZ    
tmp2                      000033 RLZ    tmp3                      000034 RLZ    
tmp4                      000035 RLZ    tosaddax                  00248E RLA    
tosaddeax                 002866 RLA    tosdiva0                  00274D RLA    
tosdivax                  00274F RLA    tosicmp                   0027D4 RLA    
tosicmp0                  0027D2 RLA    tosmoda0                  002D62 RLA    
tosmul0ax                 0028C9 RLA    tosmula0                  002DB8 RLA    
tossubax                  002FFF RLA    tossubeax                 002962 RLA    
tosudiv0ax                002A15 RLA    tosudiveax                002A19 RLA    
tosumod0ax                002A8C RLA    tosumodax                 0030B2 RLA    
tosumula0                 002DB8 RLA    tosumulax                 002D73 RLA    
tosumuleax                0028CD RLA    tosxora0                  00322E RLA    
udiv16                    003072 RLA    udiv32                    002A47 RLA    
vsnprintf                 003138 RLA    zerobss                   00323F RLA    



Exports list by value:
----------------------
__CONSTRUCTOR_COUNT__     000000 REA    __DESTRUCTOR_COUNT__      000000 REA    
__STARTUP__               000001 REA    __EXEHDR__                000001 REA    
__LOADADDR__              000001 REA    sp                        000022 RLZ    
sreg                      000024 RLZ    ptr1                      00002A RLZ    
ptr2                      00002C RLZ    ptr3                      00002E RLZ    
ptr4                      000030 RLZ    tmp1                      000032 RLZ    
tmp2                      000033 RLZ    tmp3                      000034 RLZ    
tmp4                      000035 RLZ    regbank                   000036 RLZ    
__BSS_SIZE__              0003E2 REA    __STACKSIZE__             000800 REA    
__HEADER_LAST__           00080D RLA    __MAIN_START__            00080D RLA    
_main                     000D08 RLA    _sprite_define            000DE2 RLA    
_sprite_horiz_flip        001110 RLA    _sprite_horiz_unflip      001141 RLA    
_updateDate               0011AD RLA    _map_init                 00138C RLA    
_map_frame_draw           001479 RLA    _map_south                00150E RLA    
_map_north                001567 RLA    _map_east                 0015C0 RLA    
_map_west                 001619 RLA    _map_calculate            001672 RLA    
_map_region               00198D RLA    _map_get_terrain_at       001B19 RLA    
_map_has_object_at        001B6F RLA    _map_place_settlement_at  001BCB RLA    
_map_has_settlement_nearby 001D66 RLA    _map_get_center_tile      001E54 RLA    
_map_has_land_north       001EDE RLA    _map_has_land_south       001F00 RLA    
_map_has_land_east        001F22 RLA    _map_has_land_west        001F44 RLA    
_menus_show               002017 RLA    _getShipData              00207C RLA    
___directerrno            002095 RLA    __printf                  00218F RLA    
___seterrno               00243F RLA    __sys                     002448 RLA    
tosaddax                  00248E RLA    addeqysp                  0024A6 RLA    
addysp1                   0024B5 RLA    addysp                    0024B6 RLA    
aslax1                    0024C3 RLA    shlax2                    0024CB RLA    
aslax3                    0024D6 RLA    shlax3                    0024D6 RLA    
aslax4                    0024E4 RLA    shlax4                    0024E4 RLA    
asrax1                    0024F5 RLA    asrax4                    0024FF RLA    
axlong                    002518 RLA    axulong                   00251E RLA    
_cbm_k_load               002525 RLA    _cbm_k_setlfs             002542 RLA    
_cbm_k_setnam             002550 RLA    callmain                  002563 RLA    
_cgetc                    00257A RLA    _clrscr                   0025E1 RLA    
_textcolor                0025F2 RLA    _bgcolor                  002605 RLA    
donelib                   00261C RLA    _cprintf                  002628 RLA    
_cputcxy                  002652 RLA    _cputc                    002657 RLA    
plot                      002683 RLA    _cputsxy                  0026B4 RLA    
ctypemaskdirect           0026D5 RLA    decax1                    0026EF RLA    
decsp1                    0026F6 RLA    decsp2                    0026FF RLA    
decsp3                    00270C RLA    decsp4                    002719 RLA    
decsp6                    002726 RLA    decsp7                    002733 RLA    
decsp8                    002740 RLA    tosdiva0                  00274D RLA    
tosdivax                  00274F RLA    _div                      002762 RLA    
_clock_gettime            002777 RLA    gotoxy                    0027C3 RLA    
_gotoxy                   0027C6 RLA    tosicmp0                  0027D2 RLA    
tosicmp                   0027D4 RLA    incax2                    002800 RLA    
incax3                    002807 RLA    incax5                    00280C RLA    
incax6                    002811 RLA    incax7                    002816 RLA    
incax4                    00281B RLA    incaxy                    00281D RLA    
incsp1                    002826 RLA    popax                     00282D RLA    
incsp2                    002834 RLA    incsp3                    002842 RLA    
incsp4                    002847 RLA    incsp5                    00284C RLA    
incsp6                    002851 RLA    incsp8                    002856 RLA    
_kbhit                    00285B RLA    tosaddeax                 002866 RLA    
ldaidx                    002884 RLA    ldaxi                     002890 RLA    
ldaxidx                   002892 RLA    ldax0sp                   00289D RLA    
ldaxysp                   00289F RLA    ldeaxi                    0028A6 RLA    
leaa0sp                   0028BD RLA    tosmul0ax                 0028C9 RLA    
tosumuleax                0028CD RLA    negeax                    002922 RLA    
pusheax                   002947 RLA    tossubeax                 002962 RLA    
_ltoa                     00299A RLA    _ultoa                    0029D9 RLA    
tosudiv0ax                002A15 RLA    tosudiveax                002A19 RLA    
getlop                    002A24 RLA    udiv32                    002A47 RLA    
tosumod0ax                002A8C RLA    boolne                    002AA3 RLA    
_memcpy                   002ACF RLA    _mktime                   002B96 RLA    
tosmoda0                  002D62 RLA    tosumulax                 002D73 RLA    
tosmula0                  002DB8 RLA    tosumula0                 002DB8 RLA    
mul8x16                   002DBA RLA    mul8x16a                  002DC4 RLA    
mulax3                    002DF2 RLA    negax                     002E07 RLA    
popa                      002E15 RLA    popptr1                   002E1F RLA    
push1                     002E2D RLA    pusha                     002E36 RLA    
pusha0                    002E4A RLA    pushax                    002E4C RLA    
pushw                     002E62 RLA    pushw0sp                  002E71 RLA    
_srand                    002E8D RLA    ___randomize              002EC1 RLA    
return0                   002EC7 RLA    _revers                   002ECB RLA    
popsargsudiv16            002EDE RLA    shrax1                    002EFE RLA    
shrax2                    002F06 RLA    shrax4                    002F11 RLA    
shreax4                   002F22 RLA    _sprintf                  002F33 RLA    
_vera_sprites_enable      002F5E RLA    staspidx                  002F7D RLA    
staxysp                   002F95 RLA    steaxspidx                002F9E RLA    
_strlen                   002FC0 RLA    _strlower                 002FD6 RLA    
tossubax                  002FFF RLA    _time                     003011 RLA    
load_jiffy                003054 RLA    udiv16                    003072 RLA    
tosumodax                 0030B2 RLA    _vcprintf                 003105 RLA    
vsnprintf                 003138 RLA    _vsprintf                 00320F RLA    
_waitvsync                003221 RLA    tosxora0                  00322E RLA    
zerobss                   00323F RLA    __hextab                  003542 RLA    
__longminstr              003552 RLA    __ctype                   003566 RLA    
__ctypeidx                003571 RLA    __DESTRUCTOR_TABLE__      0035F1 RLA    
jmpvec                    003758 RLA    __tz                      003783 RLA    
TM                        003792 RLA    __ONCE_RUN__              0037B6 RLA    
initlib                   0037B6 RLA    __BSS_RUN__               0037B6 RLA    
__CONSTRUCTOR_TABLE__     0037DD RLA    cursor                    003B5A RLA    
___oserror                003B5B RLA    ___errno                  003B88 RLA    
__MAIN_SIZE__             0096F3 REA    __HIMEM__                 009F00 REA    
KBDBUF_PEEK               00FEBD RLA    ENTROPY_GET               00FECF RLA    
CLOCK_GET_DATE_TIME       00FF50 RLA    SETLFS                    00FFBA RLA    
SETNAM                    00FFBD RLA    CHROUT                    00FFD2 RLA    
LOAD                      00FFD5 RLA    RDTIM                     00FFDE RLA    
GETIN                     00FFE4 RLA    PLOT                      00FFF0 RLA    



Imports list:
-------------
CHROUT (kernal.o):
    crt0.o                    cx16/crt0.s:10
    clrscr.o                  cx16/clrscr.s:10
CLOCK_GET_DATE_TIME (kernal.o):
    gettime.o                 cx16/gettime.s:12
ENTROPY_GET (kernal.o):
    randomize.o               cx16/randomize.s:10
GETIN (kernal.o):
    cgetc.o                   cx16/cgetc.s:10
KBDBUF_PEEK (kernal.o):
    kbhit.o                   cx16/kbhit.s:10
LOAD (kernal.o):
    c_load.o                  cbm/cbm.inc:37
PLOT (kernal.o):
    cputc.o                   cx16/cputc.s:11
RDTIM (kernal.o):
    waitvsync.o               cx16/waitvsync.s:14
SETLFS (kernal.o):
    c_setlfs.o                cbm/cbm.inc:33
SETNAM (kernal.o):
    c_setnam.o                cbm/cbm.inc:34
TM (tmcommon.o):
    gettime.o                 cx16/gettime.s:11
__BSS_RUN__ ([linker generated]):
    zerobss.o                 common/zerobss.s:8
__BSS_SIZE__ ([linker generated]):
    zerobss.o                 common/zerobss.s:8
__CONSTRUCTOR_COUNT__ ([linker generated]):
    condes.o                  runtime/condes.s:18
__CONSTRUCTOR_TABLE__ ([linker generated]):
    condes.o                  runtime/condes.s:18
__DESTRUCTOR_COUNT__ ([linker generated]):
    condes.o                  runtime/condes.s:19
__DESTRUCTOR_TABLE__ ([linker generated]):
    condes.o                  runtime/condes.s:19
__EXEHDR__ (exehdr.o):
    [linker generated]        /Volumes/Zort/git/cc65/cfg/cx16.cfg:6
__HEADER_LAST__ ([linker generated]):
    [linker generated]        /Volumes/Zort/git/cc65/cfg/cx16.cfg:14
    [linker generated]        /Volumes/Zort/git/cc65/cfg/cx16.cfg:14
__HIMEM__ ([linker generated]):
    [linker generated]        /Volumes/Zort/git/cc65/cfg/cx16.cfg:15
    [linker generated]        /Volumes/Zort/git/cc65/cfg/cx16.cfg:14
__LOADADDR__ (loadaddr.o):
    [linker generated]        /Volumes/Zort/git/cc65/cfg/cx16.cfg:5
__MAIN_SIZE__ ([linker generated]):
    crt0.o                    cx16/crt0.s:11
__MAIN_START__ ([linker generated]):
    crt0.o                    cx16/crt0.s:11
__ONCE_RUN__ ([linker generated]):
    [linker generated]        /Volumes/Zort/git/cc65/cfg/cx16.cfg:15
    [linker generated]        /Volumes/Zort/git/cc65/cfg/cx16.cfg:15
__STACKSIZE__ ([linker generated]):
    [linker generated]        /Volumes/Zort/git/cc65/cfg/cx16.cfg:15
__STARTUP__ (crt0.o):
    main.o                    main.s:13
___directerrno (_directerrno.o):
    vsnprintf.o               /Volumes/Zort/git/cc65/asminc/errno.inc:10
___errno (errno.o):
    _seterrno.o               /Volumes/Zort/git/cc65/asminc/errno.inc:7
___oserror (_oserror.o):
    _directerrno.o            /Volumes/Zort/git/cc65/asminc/errno.inc:7
    c_load.o                  cbm/c_load.s:10
___randomize (randomize.o):
    main.o                    main.s:27
___seterrno (_seterrno.o):
    _directerrno.o            /Volumes/Zort/git/cc65/asminc/errno.inc:9
__ctype (ctype.o):
    ctypemask.o               common/ctypemask.s:23
__ctypeidx (ctype.o):
    ctypemask.o               common/ctypemask.s:24
__hextab (_hextab.o):
    ltoa.o                    common/ltoa.s:10
__longminstr (_longminstr.o):
    ltoa.o                    common/ltoa.s:10
__printf (_printf.o):
    vsnprintf.o               common/vsnprintf.s:10
    vcprintf.o                conio/vcprintf.s:9
__sys (_sys.o):
    main.o                    main.s:14
__tz (timezone.o):
    mktime.o                  common/mktime.s:12
_bgcolor (color.o):
    main.o                    main.s:26
_cbm_k_load (c_load.o):
    main.o                    main.s:17
_cbm_k_setlfs (c_setlfs.o):
    main.o                    main.s:18
_cbm_k_setnam (c_setnam.o):
    main.o                    main.s:19
_cgetc (cgetc.o):
    map.o                     map.s:18
    main.o                    main.s:25
_clock_gettime (gettime.o):
    time.o                    /Volumes/Zort/git/cc65/asminc/time.inc:65
_clrscr (clrscr.o):
    map.o                     map.s:13
    main.o                    main.s:20
_cprintf (cprintf.o):
    map.o                     map.s:17
    main.o                    main.s:24
_cputc (cputc.o):
    vcprintf.o                conio/vcprintf.s:9
    cputs.o                   conio/cputs.s:9
_cputcxy (cputc.o):
    map.o                     map.s:15
_cputsxy (cputs.o):
    menus.o                   menus.s:13
    map.o                     map.s:16
    calendar.o                calendar.s:15
    main.o                    main.s:23
_div (divt.o):
    mktime.o                  common/mktime.s:14
_getShipData (ship.o):
    main.o                    main.s:50
_gotoxy (gotoxy.o):
    map.o                     map.s:14
    main.o                    main.s:22
_kbhit (kbhit.o):
    cgetc.o                   cx16/cgetc.s:10
    main.o                    main.s:21
_ltoa (ltoa.o):
    _printf.o                 common/_printf.s:12
_main (main.o):
    callmain.o                runtime/callmain.s:11
_map_calculate (map.o):
    main.o                    main.s:37
_map_east (map.o):
    main.o                    main.s:35
_map_frame_draw (map.o):
    main.o                    main.s:32
_map_get_center_tile (map.o):
    main.o                    main.s:43
_map_get_terrain_at (map.o):
    main.o                    main.s:39
_map_has_land_east (map.o):
    main.o                    main.s:46
_map_has_land_north (map.o):
    main.o                    main.s:44
_map_has_land_south (map.o):
    main.o                    main.s:45
_map_has_land_west (map.o):
    main.o                    main.s:47
_map_has_object_at (map.o):
    main.o                    main.s:40
_map_has_settlement_nearby (map.o):
    main.o                    main.s:42
_map_init (map.o):
    main.o                    main.s:31
_map_north (map.o):
    main.o                    main.s:34
_map_place_settlement_at (map.o):
    main.o                    main.s:41
_map_region (map.o):
    main.o                    main.s:38
_map_south (map.o):
    main.o                    main.s:33
_map_west (map.o):
    main.o                    main.s:36
_memcpy (memcpy.o):
    vsnprintf.o               common/vsnprintf.s:10
_menus_show (menus.o):
    main.o                    main.s:49
_mktime (mktime.o):
    gettime.o                 /Volumes/Zort/git/cc65/asminc/time.inc:68
_revers (revers.o):
    map.o                     map.s:19
_sprintf (sprintf.o):
    calendar.o                calendar.s:13
_sprite_define (sprite.o):
    map.o                     map.s:39
    main.o                    main.s:28
_sprite_horiz_flip (sprite.o):
    main.o                    main.s:29
_sprite_horiz_unflip (sprite.o):
    main.o                    main.s:30
_srand (rand.o):
    randomize.o               cx16/randomize.s:10
_strlen (strlen.o):
    _printf.o                 common/_printf.s:13
_strlower (strlower.o):
    _printf.o                 common/_printf.s:13
_textcolor (color.o):
    map.o                     map.s:20
_time (time.o):
    calendar.o                calendar.s:14
_ultoa (ltoa.o):
    _printf.o                 common/_printf.s:12
_updateDate (calendar.o):
    main.o                    main.s:48
_vcprintf (vcprintf.o):
    cprintf.o                 conio/cprintf.s:8
_vera_sprites_enable (sprites_enable.o):
    main.o                    main.s:15
_vsprintf (vsprintf.o):
    sprintf.o                 common/sprintf.s:8
_waitvsync (waitvsync.o):
    main.o                    main.s:16
addeqysp (addeqsp.o):
    map.o                     map.s:1901
addysp (addysp.o):
    sprintf.o                 common/sprintf.s:8
    incsp8.o                  runtime/incsp8.s:8
    incsp6.o                  runtime/incsp6.s:8
    incsp5.o                  runtime/incsp5.s:8
    incsp4.o                  runtime/incsp4.s:8
    incsp3.o                  runtime/incsp3.s:8
    cprintf.o                 conio/cprintf.s:8
    map.o                     map.s:1901
    map.o                     map.s:1901
    map.o                     map.s:1901
addysp1 (addysp.o):
    lsub.o                    runtime/lsub.s:11
    ladd.o                    runtime/ladd.s:8
    lmul.o                    runtime/lmul.s:9
    xor.o                     runtime/xor.s:9
    sub.o                     runtime/sub.s:8
    ludiv.o                   runtime/ludiv.s:9
aslax1 (aslax1.o):
    map.o                     map.s:1901
    map.o                     map.s:1901
    map.o                     map.s:1901
    map.o                     map.s:1901
    map.o                     map.s:1901
    map.o                     map.s:1901
    map.o                     map.s:1901
aslax3 (aslax3.o):
    sprite.o                  sprite.s:563
    sprite.o                  sprite.s:563
    sprite.o                  sprite.s:563
    sprite.o                  sprite.s:563
    sprite.o                  sprite.s:563
aslax4 (aslax4.o):
    map.o                     map.s:1901
asrax1 (asrax1.o):
    sprite.o                  sprite.s:563
    sprite.o                  sprite.s:563
    sprite.o                  sprite.s:563
asrax4 (asrax4.o):
    sprite.o                  sprite.s:563
    sprite.o                  sprite.s:563
    sprite.o                  sprite.s:563
axlong (axlong.o):
    _printf.o                 common/_printf.s:11
axulong (axlong.o):
    _printf.o                 common/_printf.s:11
boolne (makebool.o):
    map.o                     map.s:1901
callmain (callmain.o):
    crt0.o                    cx16/crt0.s:9
ctypemaskdirect (ctypemask.o):
    strlower.o                common/strlower.s:14
cursor (_cursor.o):
    cgetc.o                   cx16/cgetc.s:10
decax1 (decax1.o):
    map.o                     map.s:1901
decsp1 (decsp1.o):
    time.o                    common/time.s:9
    menus.o                   menus.s:125
    map.o                     map.s:1901
decsp2 (decsp2.o):
    map.o                     map.s:1901
    map.o                     map.s:1901
    map.o                     map.s:1901
    map.o                     map.s:1901
decsp3 (decsp3.o):
    calendar.o                calendar.s:390
    main.o                    main.s:814
decsp4 (decsp4.o):
    sprintf.o                 common/sprintf.s:8
    lpush.o                   runtime/lpush.s:12
    calendar.o                calendar.s:390
decsp6 (decsp6.o):
    _printf.o                 common/_printf.s:11
    map.o                     map.s:1901
    main.o                    main.s:814
decsp7 (decsp7.o):
    map.o                     map.s:1901
decsp8 (decsp8.o):
    map.o                     map.s:1901
donelib (condes.o):
    crt0.o                    cx16/crt0.s:8
getlop (ludiv.o):
    lumod.o                   runtime/lumod.s:9
gotoxy (gotoxy.o):
    cputs.o                   conio/cputs.s:9
    cputc.o                   cx16/cputc.s:11
incax2 (incax2.o):
    map.o                     map.s:1901
    sprite.o                  sprite.s:563
    sprite.o                  sprite.s:563
incax3 (incax3.o):
    map.o                     map.s:1901
    sprite.o                  sprite.s:563
incax4 (incaxy.o):
    sprite.o                  sprite.s:563
incax5 (incax5.o):
    sprite.o                  sprite.s:563
incax6 (incax6.o):
    sprite.o                  sprite.s:563
    sprite.o                  sprite.s:563
    sprite.o                  sprite.s:563
incax7 (incax7.o):
    sprite.o                  sprite.s:563
incaxy (incaxy.o):
    incax7.o                  runtime/incax7.s:8
    incax6.o                  runtime/incax6.s:8
    incax5.o                  runtime/incax5.s:8
    incax3.o                  runtime/incax3.s:8
    map.o                     map.s:1901
    map.o                     map.s:1901
    map.o                     map.s:1901
    map.o                     map.s:1901
    map.o                     map.s:1901
    map.o                     map.s:1901
    map.o                     map.s:1901
    map.o                     map.s:1901
incsp1 (incsp1.o):
    gettime.o                 cx16/gettime.s:10
    ship.o                    ship.s:133
    menus.o                   menus.s:125
    map.o                     map.s:1901
    map.o                     map.s:1901
    map.o                     map.s:1901
    map.o                     map.s:1901
    map.o                     map.s:1901
    map.o                     map.s:1901
    map.o                     map.s:1901
    map.o                     map.s:1901
    map.o                     map.s:1901
    sprite.o                  sprite.s:563
    sprite.o                  sprite.s:563
incsp2 (incsp2.o):
    vsnprintf.o               common/vsnprintf.s:9
    staspidx.o                runtime/staspidx.s:8
    popptr1.o                 runtime/popptr1.s:8
    map.o                     map.s:1901
    sprite.o                  sprite.s:563
incsp3 (incsp3.o):
    map.o                     map.s:1901
    calendar.o                calendar.s:390
    sprite.o                  sprite.s:563
    sprite.o                  sprite.s:563
    sprite.o                  sprite.s:563
    main.o                    main.s:814
incsp4 (incsp4.o):
    map.o                     map.s:1901
    map.o                     map.s:1901
    map.o                     map.s:1901
    map.o                     map.s:1901
    map.o                     map.s:1901
    map.o                     map.s:1901
    calendar.o                calendar.s:390
    main.o                    main.s:814
incsp5 (incsp5.o):
    sprite.o                  sprite.s:563
incsp6 (incsp6.o):
    vsnprintf.o               common/vsnprintf.s:9
    main.o                    main.s:814
incsp8 (incsp8.o):
    map.o                     map.s:1901
    map.o                     map.s:1901
initlib (condes.o):
    crt0.o                    cx16/crt0.s:8
jmpvec (jmpvec.o):
    _sys.o                    common/_sys.s:8
ldaidx (ldai.o):
    sprite.o                  sprite.s:563
    sprite.o                  sprite.s:563
ldax0sp (ldaxsp.o):
    map.o                     map.s:1901
    sprite.o                  sprite.s:563
    sprite.o                  sprite.s:563
    sprite.o                  sprite.s:563
    sprite.o                  sprite.s:563
ldaxi (ldaxi.o):
    menus.o                   menus.s:125
    sprite.o                  sprite.s:563
    sprite.o                  sprite.s:563
    sprite.o                  sprite.s:563
    sprite.o                  sprite.s:563
ldaxidx (ldaxi.o):
    sprite.o                  sprite.s:563
    sprite.o                  sprite.s:563
    sprite.o                  sprite.s:563
    main.o                    main.s:814
ldaxysp (ldaxsp.o):
    vsnprintf.o               common/vsnprintf.s:9
    map.o                     map.s:1901
    map.o                     map.s:1901
    map.o                     map.s:1901
    map.o                     map.s:1901
    sprite.o                  sprite.s:563
    sprite.o                  sprite.s:563
    main.o                    main.s:814
ldeaxi (ldeaxi.o):
    time.o                    common/time.s:9
leaa0sp (leaaxsp.o):
    main.o                    main.s:814
load_jiffy (tmcommon.o):
    gettime.o                 cx16/gettime.s:11
mul8x16 (mul8.o):
    mul.o                     runtime/mul.s:8
mul8x16a (mul8.o):
    mul.o                     runtime/mul.s:8
mulax3 (mulax3.o):
    map.o                     map.s:1901
    map.o                     map.s:1901
    map.o                     map.s:1901
    map.o                     map.s:1901
negax (negabs.o):
    divt.o                    common/divt.s:17
    shelp.o                   runtime/shelp.s:11
    mod.o                     runtime/mod.s:11
    div.o                     runtime/div.s:11
    main.o                    main.s:814
negeax (lneg.o):
    ltoa.o                    common/ltoa.s:9
plot (cputc.o):
    gotoxy.o                  cx16/gotoxy.s:9
popa (popa.o):
    gotoxy.o                  cx16/gotoxy.s:9
    c_setlfs.o                cbm/c_setlfs.s:12
    c_load.o                  cbm/c_load.s:11
popax (incsp2.o):
    memcpy.o                  common/memcpy.s:14
    vsnprintf.o               common/vsnprintf.s:9
    ltoa.o                    common/ltoa.s:9
    _printf.o                 common/_printf.s:11
    vcprintf.o                conio/vcprintf.s:8
    shelp.o                   runtime/shelp.s:11
popptr1 (popptr1.o):
    memcpy.o                  common/memcpy.s:14
    umod.o                    runtime/umod.s:8
    steaxspi.o                runtime/steaxspi.s:9
    mul.o                     runtime/mul.s:9
    ltoa.o                    common/ltoa.s:9
    vcprintf.o                conio/vcprintf.s:8
    udiv.o                    runtime/udiv.s:9
    mul8.o                    runtime/mul8.s:9
popsargsudiv16 (shelp.o):
    mod.o                     runtime/mod.s:11
    div.o                     runtime/div.s:11
ptr1 (zeropage.o):
    memcpy.o                  common/memcpy.s:15
    vsnprintf.o               common/vsnprintf.s:11
    strlower.o                common/strlower.s:13
    steaxspi.o                runtime/steaxspi.s:10
    mul.o                     runtime/mul.s:10
    ltoa.o                    common/ltoa.s:11
    lmul.o                    runtime/lmul.s:10
    ldeaxi.o                  runtime/ldeaxi.s:8
    _printf.o                 /Volumes/Zort/git/cc65/asminc/zeropage.inc:12
    zerobss.o                 common/zerobss.s:9
    vcprintf.o                conio/vcprintf.s:10
    udiv.o                    runtime/udiv.s:10
    time.o                    common/time.s:10
    staspidx.o                runtime/staspidx.s:9
    sprintf.o                 common/sprintf.s:9
    shelp.o                   runtime/shelp.s:12
    pushw.o                   runtime/pushw.s:9
    popptr1.o                 runtime/popptr1.s:9
    mulax3.o                  runtime/mulax3.s:9
    mul8.o                    runtime/mul8.s:10
    ludiv.o                   runtime/ludiv.s:10
    ldaxi.o                   runtime/ldaxi.s:8
    ldai.o                    runtime/ldai.s:8
    div.o                     runtime/div.s:12
    cputs.o                   conio/cputs.s:10
    cprintf.o                 conio/cprintf.s:9
    c_setnam.o                cbm/c_setnam.s:10
    c_load.o                  cbm/c_load.s:12
    _sys.o                    common/_sys.s:9
    map.o                     map.s:11
    sprite.o                  sprite.s:11
    main.o                    main.s:11
ptr2 (zeropage.o):
    memcpy.o                  common/memcpy.s:15
    strlower.o                common/strlower.s:13
    mktime.o                  common/mktime.s:15
    ltoa.o                    common/ltoa.s:11
    _printf.o                 /Volumes/Zort/git/cc65/asminc/zeropage.inc:12
    vcprintf.o                conio/vcprintf.s:10
    lumod.o                   runtime/lumod.s:10
    ludiv.o                   runtime/ludiv.s:10
    sprite.o                  sprite.s:11
ptr3 (zeropage.o):
    memcpy.o                  common/memcpy.s:15
    ltoa.o                    common/ltoa.s:11
    lmul.o                    runtime/lmul.s:10
    vcprintf.o                conio/vcprintf.s:10
    ludiv.o                   runtime/ludiv.s:10
ptr4 (zeropage.o):
    umod.o                    runtime/umod.s:9
    strlen.o                  common/strlen.s:12
    mul.o                     runtime/mul.s:10
    lmul.o                    runtime/lmul.s:10
    udiv.o                    runtime/udiv.s:10
    shelp.o                   runtime/shelp.s:12
    mul8.o                    runtime/mul8.s:10
    ludiv.o                   runtime/ludiv.s:10
push1 (push1.o):
    _printf.o                 common/_printf.s:11
pusha (pusha.o):
    ship.o                    ship.s:133
    menus.o                   menus.s:125
    map.o                     map.s:1901
    map.o                     map.s:1901
    map.o                     map.s:1901
    map.o                     map.s:1901
    map.o                     map.s:1901
    map.o                     map.s:1901
    map.o                     map.s:1901
    map.o                     map.s:1901
    map.o                     map.s:1901
    map.o                     map.s:1901
    map.o                     map.s:1901
    map.o                     map.s:1901
    map.o                     map.s:1901
    map.o                     map.s:1901
    map.o                     map.s:1901
    map.o                     map.s:1901
    map.o                     map.s:1901
    map.o                     map.s:1901
    calendar.o                calendar.s:390
    sprite.o                  sprite.s:563
    sprite.o                  sprite.s:563
    main.o                    main.s:814
    main.o                    main.s:814
    main.o                    main.s:814
    main.o                    main.s:814
    main.o                    main.s:814
    main.o                    main.s:814
pusha0 (pushax.o):
    push1.o                   runtime/push1.s:8
    mktime.o                  common/mktime.s:13
    ship.o                    ship.s:133
    map.o                     map.s:1901
    map.o                     map.s:1901
    map.o                     map.s:1901
    map.o                     map.s:1901
    map.o                     map.s:1901
    map.o                     map.s:1901
    map.o                     map.s:1901
    calendar.o                calendar.s:390
    sprite.o                  sprite.s:563
    main.o                    main.s:814
    main.o                    main.s:814
pushax (pushax.o):
    mktime.o                  common/mktime.s:13
    gettime.o                 cx16/gettime.s:10
    callmain.o                runtime/callmain.s:11
    _printf.o                 common/_printf.s:11
    vcprintf.o                conio/vcprintf.s:8
    pushw.o                   runtime/pushw.s:8
    cprintf.o                 conio/cprintf.s:8
    map.o                     map.s:1901
    map.o                     map.s:1901
    map.o                     map.s:1901
    map.o                     map.s:1901
    map.o                     map.s:1901
    map.o                     map.s:1901
    map.o                     map.s:1901
    map.o                     map.s:1901
    calendar.o                calendar.s:390
    calendar.o                calendar.s:390
    sprite.o                  sprite.s:563
    sprite.o                  sprite.s:563
    sprite.o                  sprite.s:563
    sprite.o                  sprite.s:563
    sprite.o                  sprite.s:563
    main.o                    main.s:814
    main.o                    main.s:814
    main.o                    main.s:814
    main.o                    main.s:814
pusheax (lpush.o):
    mktime.o                  common/mktime.s:13
    gettime.o                 cx16/gettime.s:10
    _printf.o                 common/_printf.s:11
    calendar.o                calendar.s:390
    calendar.o                calendar.s:390
pushw (pushw.o):
    calendar.o                calendar.s:390
pushw0sp (pushwsp.o):
    vsprintf.o                common/vsprintf.s:8
regbank (zeropage.o):
    _printf.o                 /Volumes/Zort/git/cc65/asminc/zeropage.inc:14
return0 (return0.o):
    gettime.o                 cx16/gettime.s:10
shlax2 (aslax2.o):
    map.o                     map.s:1901
shlax3 (aslax3.o):
    map.o                     map.s:1901
    sprite.o                  sprite.s:563
shlax4 (aslax4.o):
    map.o                     map.s:1901
shrax1 (shrax1.o):
    sprite.o                  sprite.s:563
    sprite.o                  sprite.s:563
    sprite.o                  sprite.s:563
shrax2 (shrax2.o):
    mktime.o                  common/mktime.s:14
shrax4 (shrax4.o):
    sprite.o                  sprite.s:563
    sprite.o                  sprite.s:563
    sprite.o                  sprite.s:563
shreax4 (shreax4.o):
    calendar.o                calendar.s:390
sp (zeropage.o):
    memcpy.o                  common/memcpy.s:15
    lsub.o                    runtime/lsub.s:12
    ladd.o                    runtime/ladd.s:9
    vsnprintf.o               common/vsnprintf.s:11
    pushwsp.o                 runtime/pushwsp.s:8
    lmul.o                    runtime/lmul.s:10
    _printf.o                 /Volumes/Zort/git/cc65/asminc/zeropage.inc:11
    xor.o                     runtime/xor.s:10
    vcprintf.o                conio/vcprintf.s:10
    sub.o                     runtime/sub.s:9
    staxsp.o                  runtime/staxsp.s:8
    staspidx.o                runtime/staspidx.s:9
    sprintf.o                 common/sprintf.s:9
    pushax.o                  runtime/pushax.s:8
    pusha.o                   runtime/pusha.s:8
    popptr1.o                 runtime/popptr1.s:9
    popa.o                    runtime/popa.s:8
    ludiv.o                   runtime/ludiv.s:10
    lpush.o                   runtime/lpush.s:13
    leaaxsp.o                 runtime/leaaxsp.s:8
    ldaxsp.o                  runtime/ldaxsp.s:8
    incsp2.o                  runtime/incsp2.s:8
    incsp1.o                  runtime/incsp1.s:8
    icmp.o                    runtime/icmp.s:9
    decsp8.o                  runtime/decsp8.s:8
    decsp7.o                  runtime/decsp7.s:8
    decsp6.o                  runtime/decsp6.s:8
    decsp4.o                  runtime/decsp4.s:8
    decsp3.o                  runtime/decsp3.s:8
    decsp2.o                  runtime/decsp2.s:8
    decsp1.o                  runtime/decsp1.s:8
    crt0.o                    /Volumes/Zort/git/cc65/asminc/zeropage.inc:11
    cprintf.o                 conio/cprintf.s:9
    addysp.o                  runtime/addysp.s:8
    addeqsp.o                 runtime/addeqsp.s:8
    add.o                     runtime/add.s:12
    ship.o                    ship.s:10
    menus.o                   menus.s:10
    map.o                     map.s:10
    calendar.o                calendar.s:10
    sprite.o                  sprite.s:10
    main.o                    main.s:10
sreg (zeropage.o):
    lsub.o                    runtime/lsub.s:12
    lneg.o                    runtime/lneg.s:11
    ladd.o                    runtime/ladd.s:9
    divt.o                    common/divt.s:18
    umod.o                    runtime/umod.s:9
    tmcommon.o                cx16/tmcommon.s:9
    steaxspi.o                runtime/steaxspi.s:10
    mktime.o                  common/mktime.s:15
    ltoa.o                    common/ltoa.s:11
    lmul.o                    runtime/lmul.s:10
    ldeaxi.o                  runtime/ldeaxi.s:8
    axlong.o                  runtime/axlong.s:9
    _printf.o                 /Volumes/Zort/git/cc65/asminc/zeropage.inc:11
    udiv.o                    runtime/udiv.s:10
    time.o                    common/time.s:10
    shreax4.o                 runtime/shreax4.s:8
    mod.o                     runtime/mod.s:12
    lumod.o                   runtime/lumod.s:10
    ludiv.o                   runtime/ludiv.s:10
    lpush.o                   runtime/lpush.s:13
    icmp.o                    runtime/icmp.s:9
    map.o                     map.s:10
    calendar.o                calendar.s:10
    sprite.o                  sprite.s:10
staspidx (staspidx.o):
    map.o                     map.s:1901
staxysp (staxsp.o):
    vsprintf.o                common/vsprintf.s:8
    map.o                     map.s:1901
    map.o                     map.s:1901
    main.o                    main.s:814
steaxspidx (steaxspi.o):
    gettime.o                 cx16/gettime.s:10
tmp1 (zeropage.o):
    ladd.o                    runtime/ladd.s:9
    divt.o                    common/divt.s:18
    steaxspi.o                runtime/steaxspi.s:10
    shrax2.o                  runtime/shrax2.s:8
    mul.o                     runtime/mul.s:10
    ltoa.o                    common/ltoa.s:11
    _printf.o                 /Volumes/Zort/git/cc65/asminc/zeropage.inc:13
    xor.o                     runtime/xor.s:10
    waitvsync.o               cx16/waitvsync.s:13
    vcprintf.o                conio/vcprintf.s:10
    time.o                    common/time.s:10
    staspidx.o                runtime/staspidx.s:9
    shreax4.o                 runtime/shreax4.s:8
    shrax4.o                  runtime/shrax4.s:8
    shrax1.o                  runtime/shrax1.s:8
    shelp.o                   runtime/shelp.s:12
    mod.o                     runtime/mod.s:12
    incaxy.o                  runtime/incaxy.s:8
    div.o                     runtime/div.s:12
    color.o                   cx16/color.s:11
    c_setlfs.o                cbm/c_setlfs.s:13
    asrax4.o                  runtime/asrax4.s:9
    asrax1.o                  runtime/asrax1.s:8
    aslax4.o                  runtime/aslax4.s:8
    aslax3.o                  runtime/aslax3.s:8
    aslax2.o                  runtime/aslax2.s:8
    aslax1.o                  runtime/aslax1.s:8
tmp2 (zeropage.o):
    steaxspi.o                runtime/steaxspi.s:10
    lmul.o                    runtime/lmul.s:10
    time.o                    common/time.s:10
    shelp.o                   runtime/shelp.s:12
    div.o                     runtime/div.s:12
tmp3 (zeropage.o):
    steaxspi.o                runtime/steaxspi.s:10
    mktime.o                  common/mktime.s:15
    lmul.o                    runtime/lmul.s:10
    lumod.o                   runtime/lumod.s:10
    ludiv.o                   runtime/ludiv.s:10
tmp4 (zeropage.o):
    lmul.o                    runtime/lmul.s:10
    lumod.o                   runtime/lumod.s:10
    ludiv.o                   runtime/ludiv.s:10
tosaddax (add.o):
    map.o                     map.s:1901
tosaddeax (ladd.o):
    mktime.o                  common/mktime.s:14
tosdiva0 (div.o):
    map.o                     map.s:1901
    map.o                     map.s:1901
tosdivax (div.o):
    divt.o                    common/divt.s:17
tosicmp (icmp.o):
    main.o                    main.s:814
tosicmp0 (icmp.o):
    main.o                    main.s:814
tosmoda0 (mod.o):
    map.o                     map.s:1901
tosmul0ax (lmul.o):
    gettime.o                 cx16/gettime.s:10
tosmula0 (mul8.o):
    ship.o                    ship.s:133
    map.o                     map.s:1901
tossubax (sub.o):
    map.o                     map.s:1901
tossubeax (lsub.o):
    mktime.o                  common/mktime.s:14
tosudiv0ax (ludiv.o):
    calendar.o                calendar.s:390
    calendar.o                calendar.s:390
tosudiveax (ludiv.o):
    calendar.o                calendar.s:390
tosumod0ax (lumod.o):
    calendar.o                calendar.s:390
    calendar.o                calendar.s:390
tosumodax (umod.o):
    mktime.o                  common/mktime.s:14
tosumula0 (mul8.o):
    map.o                     map.s:1901
tosumulax (mul.o):
    mktime.o                  common/mktime.s:14
tosumuleax (lmul.o):
    mktime.o                  common/mktime.s:14
tosxora0 (xor.o):
    sprite.o                  sprite.s:563
udiv16 (udiv.o):
    umod.o                    runtime/umod.s:8
    shelp.o                   runtime/shelp.s:11
udiv32 (ludiv.o):
    lumod.o                   runtime/lumod.s:9
vsnprintf (vsnprintf.o):
    vsprintf.o                common/vsprintf.s:9
zerobss (zerobss.o):
    crt0.o                    cx16/crt0.s:9

