Modules list:
-------------
main.o:
    CODE              Offs=000000  Size=000379  Align=00001  Fill=0000
    RODATA            Offs=000000  Size=0001ED  Align=00001  Fill=0000
    BSS               Offs=000000  Size=00001D  Align=00001  Fill=0000
    DATA              Offs=000000  Size=000011  Align=00001  Fill=0000
sprite.o:
    CODE              Offs=000379  Size=0003C8  Align=00001  Fill=0000
calendar.o:
    CODE              Offs=000741  Size=0001C6  Align=00001  Fill=0000
    RODATA            Offs=0001ED  Size=000139  Align=00001  Fill=0000
    BSS               Offs=00001D  Size=00001E  Align=00001  Fill=0000
    DATA              Offs=000011  Size=00004C  Align=00001  Fill=0000
common.o:
    CODE              Offs=000907  Size=00000F  Align=00001  Fill=0000
map.o:
    CODE              Offs=000916  Size=000421  Align=00001  Fill=0000
    RODATA            Offs=000326  Size=000041  Align=00001  Fill=0000
    BSS               Offs=00003B  Size=000011  Align=00001  Fill=0000
menus.o:
    CODE              Offs=000D37  Size=000066  Align=00001  Fill=0000
    RODATA            Offs=000367  Size=000032  Align=00001  Fill=0000
PSG.o:
    CODE              Offs=000D9D  Size=000090  Align=00001  Fill=0000
    DATA              Offs=00005D  Size=00006C  Align=00001  Fill=0000
/Users/rje/git/cc65/lib/cx16.lib(_cursor.o):
    BSS               Offs=00004C  Size=000001  Align=00001  Fill=0000
/Users/rje/git/cc65/lib/cx16.lib(_directerrno.o):
    CODE              Offs=000E2D  Size=000009  Align=00001  Fill=0000
/Users/rje/git/cc65/lib/cx16.lib(_hextab.o):
    RODATA            Offs=000399  Size=000010  Align=00001  Fill=0000
/Users/rje/git/cc65/lib/cx16.lib(_longminstr.o):
    RODATA            Offs=0003A9  Size=00000C  Align=00001  Fill=0000
/Users/rje/git/cc65/lib/cx16.lib(_oserror.o):
    BSS               Offs=00004D  Size=000001  Align=00001  Fill=0000
/Users/rje/git/cc65/lib/cx16.lib(_printf.o):
    CODE              Offs=000E36  Size=0003A5  Align=00001  Fill=0000
    BSS               Offs=00004E  Size=00002B  Align=00001  Fill=0000
    DATA              Offs=0000C9  Size=000003  Align=00001  Fill=0000
/Users/rje/git/cc65/lib/cx16.lib(_seterrno.o):
    CODE              Offs=0011DB  Size=000009  Align=00001  Fill=0000
/Users/rje/git/cc65/lib/cx16.lib(add.o):
    CODE              Offs=0011E4  Size=000018  Align=00001  Fill=0000
/Users/rje/git/cc65/lib/cx16.lib(addeqsp.o):
    CODE              Offs=0011FC  Size=000011  Align=00001  Fill=0000
/Users/rje/git/cc65/lib/cx16.lib(addysp.o):
    CODE              Offs=00120D  Size=00000E  Align=00001  Fill=0000
/Users/rje/git/cc65/lib/cx16.lib(aslax1.o):
    CODE              Offs=00121B  Size=000008  Align=00001  Fill=0000
/Users/rje/git/cc65/lib/cx16.lib(aslax3.o):
    CODE              Offs=001223  Size=00000E  Align=00001  Fill=0000
/Users/rje/git/cc65/lib/cx16.lib(aslax4.o):
    CODE              Offs=001231  Size=000011  Align=00001  Fill=0000
/Users/rje/git/cc65/lib/cx16.lib(asrax1.o):
    CODE              Offs=001242  Size=00000A  Align=00001  Fill=0000
/Users/rje/git/cc65/lib/cx16.lib(asrax4.o):
    CODE              Offs=00124C  Size=000019  Align=00001  Fill=0000
/Users/rje/git/cc65/lib/cx16.lib(axlong.o):
    CODE              Offs=001265  Size=00000D  Align=00001  Fill=0000
/Users/rje/git/cc65/lib/cx16.lib(c_bsout.o):
/Users/rje/git/cc65/lib/cx16.lib(c_load.o):
    CODE              Offs=001272  Size=00001D  Align=00001  Fill=0000
/Users/rje/git/cc65/lib/cx16.lib(c_setlfs.o):
    CODE              Offs=00128F  Size=00000E  Align=00001  Fill=0000
/Users/rje/git/cc65/lib/cx16.lib(c_setnam.o):
    CODE              Offs=00129D  Size=000013  Align=00001  Fill=0000
/Users/rje/git/cc65/lib/cx16.lib(callmain.o):
    CODE              Offs=0012B0  Size=000017  Align=00001  Fill=0000
    DATA              Offs=0000CC  Size=000004  Align=00001  Fill=0000
/Users/rje/git/cc65/lib/cx16.lib(cgetc.o):
    CODE              Offs=0012C7  Size=000064  Align=00001  Fill=0000
/Users/rje/git/cc65/lib/cx16.lib(clrscr.o):
    CODE              Offs=00132B  Size=000011  Align=00001  Fill=0000
/Users/rje/git/cc65/lib/cx16.lib(color.o):
    CODE              Offs=00133C  Size=00002A  Align=00001  Fill=0000
/Users/rje/git/cc65/lib/cx16.lib(condes.o):
    CODE              Offs=001366  Size=00000C  Align=00001  Fill=0000
    DATA              Offs=0000D0  Size=000025  Align=00001  Fill=0000
    ONCE              Offs=000000  Size=00000C  Align=00001  Fill=0000
/Users/rje/git/cc65/lib/cx16.lib(cprintf.o):
    CODE              Offs=001372  Size=00002A  Align=00001  Fill=0000
    BSS               Offs=000079  Size=000001  Align=00001  Fill=0000
/Users/rje/git/cc65/lib/cx16.lib(cputc.o):
    CODE              Offs=00139C  Size=00005F  Align=00001  Fill=0000
    RODATA            Offs=0003B5  Size=000008  Align=00001  Fill=0000
/Users/rje/git/cc65/lib/cx16.lib(cputs.o):
    CODE              Offs=0013FB  Size=000023  Align=00001  Fill=0000
/Users/rje/git/cc65/lib/cx16.lib(crt0.o):
    STARTUP           Offs=000000  Size=000028  Align=00001  Fill=0000
    ONCE              Offs=00000C  Size=000023  Align=00001  Fill=0000
    INIT              Offs=000000  Size=000002  Align=00001  Fill=0000
/Users/rje/git/cc65/lib/cx16.lib(ctype.o):
    RODATA            Offs=0003BD  Size=00008B  Align=00001  Fill=0000
/Users/rje/git/cc65/lib/cx16.lib(ctypemask.o):
    CODE              Offs=00141E  Size=00001E  Align=00001  Fill=0000
/Users/rje/git/cc65/lib/cx16.lib(decax1.o):
    CODE              Offs=00143C  Size=000007  Align=00001  Fill=0000
/Users/rje/git/cc65/lib/cx16.lib(decaxy.o):
    CODE              Offs=001443  Size=000009  Align=00001  Fill=0000
/Users/rje/git/cc65/lib/cx16.lib(decsp1.o):
    CODE              Offs=00144C  Size=000009  Align=00001  Fill=0000
/Users/rje/git/cc65/lib/cx16.lib(decsp3.o):
    CODE              Offs=001455  Size=00000D  Align=00001  Fill=0000
/Users/rje/git/cc65/lib/cx16.lib(decsp4.o):
    CODE              Offs=001462  Size=00000D  Align=00001  Fill=0000
/Users/rje/git/cc65/lib/cx16.lib(decsp6.o):
    CODE              Offs=00146F  Size=00000D  Align=00001  Fill=0000
/Users/rje/git/cc65/lib/cx16.lib(div.o):
    CODE              Offs=00147C  Size=000015  Align=00001  Fill=0000
/Users/rje/git/cc65/lib/cx16.lib(divt.o):
    CODE              Offs=001491  Size=000015  Align=00001  Fill=0000
/Users/rje/git/cc65/lib/cx16.lib(errno.o):
    BSS               Offs=00007A  Size=000002  Align=00001  Fill=0000
/Users/rje/git/cc65/lib/cx16.lib(exehdr.o):
    EXEHDR            Offs=000000  Size=00000C  Align=00001  Fill=0000
/Users/rje/git/cc65/lib/cx16.lib(gettime.o):
    CODE              Offs=0014A6  Size=00004C  Align=00001  Fill=0000
/Users/rje/git/cc65/lib/cx16.lib(gotoxy.o):
    CODE              Offs=0014F2  Size=00000F  Align=00001  Fill=0000
/Users/rje/git/cc65/lib/cx16.lib(icmp.o):
    CODE              Offs=001501  Size=00002E  Align=00001  Fill=0000
/Users/rje/git/cc65/lib/cx16.lib(incax2.o):
    CODE              Offs=00152F  Size=000007  Align=00001  Fill=0000
/Users/rje/git/cc65/lib/cx16.lib(incax3.o):
    CODE              Offs=001536  Size=000005  Align=00001  Fill=0000
/Users/rje/git/cc65/lib/cx16.lib(incax5.o):
    CODE              Offs=00153B  Size=000005  Align=00001  Fill=0000
/Users/rje/git/cc65/lib/cx16.lib(incax6.o):
    CODE              Offs=001540  Size=000005  Align=00001  Fill=0000
/Users/rje/git/cc65/lib/cx16.lib(incax7.o):
    CODE              Offs=001545  Size=000005  Align=00001  Fill=0000
/Users/rje/git/cc65/lib/cx16.lib(incaxy.o):
    CODE              Offs=00154A  Size=00000B  Align=00001  Fill=0000
/Users/rje/git/cc65/lib/cx16.lib(incsp1.o):
    CODE              Offs=001555  Size=000007  Align=00001  Fill=0000
/Users/rje/git/cc65/lib/cx16.lib(incsp2.o):
    CODE              Offs=00155C  Size=000015  Align=00001  Fill=0000
/Users/rje/git/cc65/lib/cx16.lib(incsp3.o):
    CODE              Offs=001571  Size=000005  Align=00001  Fill=0000
/Users/rje/git/cc65/lib/cx16.lib(incsp4.o):
    CODE              Offs=001576  Size=000005  Align=00001  Fill=0000
/Users/rje/git/cc65/lib/cx16.lib(incsp5.o):
    CODE              Offs=00157B  Size=000005  Align=00001  Fill=0000
/Users/rje/git/cc65/lib/cx16.lib(incsp6.o):
    CODE              Offs=001580  Size=000005  Align=00001  Fill=0000
/Users/rje/git/cc65/lib/cx16.lib(kbhit.o):
    CODE              Offs=001585  Size=00000E  Align=00001  Fill=0000
/Users/rje/git/cc65/lib/cx16.lib(kernal.o):
/Users/rje/git/cc65/lib/cx16.lib(ladd.o):
    CODE              Offs=001593  Size=000024  Align=00001  Fill=0000
/Users/rje/git/cc65/lib/cx16.lib(ldai.o):
    CODE              Offs=0015B7  Size=00000C  Align=00001  Fill=0000
/Users/rje/git/cc65/lib/cx16.lib(ldaxi.o):
    CODE              Offs=0015C3  Size=00000D  Align=00001  Fill=0000
/Users/rje/git/cc65/lib/cx16.lib(ldaxsp.o):
    CODE              Offs=0015D0  Size=000009  Align=00001  Fill=0000
/Users/rje/git/cc65/lib/cx16.lib(ldeaxi.o):
    CODE              Offs=0015D9  Size=000017  Align=00001  Fill=0000
/Users/rje/git/cc65/lib/cx16.lib(lmul.o):
    CODE              Offs=0015F0  Size=000059  Align=00001  Fill=0000
/Users/rje/git/cc65/lib/cx16.lib(lneg.o):
    CODE              Offs=001649  Size=00001E  Align=00001  Fill=0000
/Users/rje/git/cc65/lib/cx16.lib(loadaddr.o):
    LOADADDR          Offs=000000  Size=000002  Align=00001  Fill=0000
/Users/rje/git/cc65/lib/cx16.lib(lpush.o):
    CODE              Offs=001667  Size=00001E  Align=00001  Fill=0000
/Users/rje/git/cc65/lib/cx16.lib(lsub.o):
    CODE              Offs=001685  Size=000024  Align=00001  Fill=0000
/Users/rje/git/cc65/lib/cx16.lib(ltoa.o):
    CODE              Offs=0016A9  Size=000093  Align=00001  Fill=0000
/Users/rje/git/cc65/lib/cx16.lib(ludiv.o):
    CODE              Offs=00173C  Size=000077  Align=00001  Fill=0000
/Users/rje/git/cc65/lib/cx16.lib(lumod.o):
    CODE              Offs=0017B3  Size=000017  Align=00001  Fill=0000
/Users/rje/git/cc65/lib/cx16.lib(memcpy.o):
    CODE              Offs=0017CA  Size=00003C  Align=00001  Fill=0000
/Users/rje/git/cc65/lib/cx16.lib(mktime.o):
    CODE              Offs=001806  Size=0003D7  Align=00001  Fill=0000
    RODATA            Offs=000448  Size=00002E  Align=00001  Fill=0000
/Users/rje/git/cc65/lib/cx16.lib(mod.o):
    CODE              Offs=001BDD  Size=000011  Align=00001  Fill=0000
/Users/rje/git/cc65/lib/cx16.lib(mul.o):
    CODE              Offs=001BEE  Size=000045  Align=00001  Fill=0000
/Users/rje/git/cc65/lib/cx16.lib(mul8.o):
    CODE              Offs=001C33  Size=00003A  Align=00001  Fill=0000
/Users/rje/git/cc65/lib/cx16.lib(negabs.o):
    CODE              Offs=001C6D  Size=000012  Align=00001  Fill=0000
/Users/rje/git/cc65/lib/cx16.lib(popa.o):
    CODE              Offs=001C7F  Size=00000A  Align=00001  Fill=0000
/Users/rje/git/cc65/lib/cx16.lib(popptr1.o):
    CODE              Offs=001C89  Size=00000E  Align=00001  Fill=0000
/Users/rje/git/cc65/lib/cx16.lib(push1.o):
    CODE              Offs=001C97  Size=000005  Align=00001  Fill=0000
/Users/rje/git/cc65/lib/cx16.lib(pusha.o):
    CODE              Offs=001C9C  Size=000016  Align=00001  Fill=0000
/Users/rje/git/cc65/lib/cx16.lib(pushax.o):
    CODE              Offs=001CB2  Size=00001A  Align=00001  Fill=0000
/Users/rje/git/cc65/lib/cx16.lib(pushw.o):
    CODE              Offs=001CCC  Size=00000F  Align=00001  Fill=0000
/Users/rje/git/cc65/lib/cx16.lib(pushwsp.o):
    CODE              Offs=001CDB  Size=00001C  Align=00001  Fill=0000
/Users/rje/git/cc65/lib/cx16.lib(rand.o):
    CODE              Offs=001CF7  Size=000034  Align=00001  Fill=0000
    DATA              Offs=0000F5  Size=000004  Align=00001  Fill=0000
/Users/rje/git/cc65/lib/cx16.lib(randomize.o):
    CODE              Offs=001D2B  Size=000006  Align=00001  Fill=0000
/Users/rje/git/cc65/lib/cx16.lib(regswap2.o):
    CODE              Offs=001D31  Size=000016  Align=00001  Fill=0000
/Users/rje/git/cc65/lib/cx16.lib(return0.o):
    CODE              Offs=001D47  Size=000004  Align=00001  Fill=0000
/Users/rje/git/cc65/lib/cx16.lib(revers.o):
    CODE              Offs=001D4B  Size=000013  Align=00001  Fill=0000
/Users/rje/git/cc65/lib/cx16.lib(shelp.o):
    CODE              Offs=001D5E  Size=000020  Align=00001  Fill=0000
/Users/rje/git/cc65/lib/cx16.lib(shrax1.o):
    CODE              Offs=001D7E  Size=000008  Align=00001  Fill=0000
/Users/rje/git/cc65/lib/cx16.lib(shrax2.o):
    CODE              Offs=001D86  Size=00000B  Align=00001  Fill=0000
/Users/rje/git/cc65/lib/cx16.lib(shrax4.o):
    CODE              Offs=001D91  Size=000011  Align=00001  Fill=0000
/Users/rje/git/cc65/lib/cx16.lib(shreax4.o):
    CODE              Offs=001DA2  Size=000011  Align=00001  Fill=0000
/Users/rje/git/cc65/lib/cx16.lib(sprintf.o):
    CODE              Offs=001DB3  Size=00002B  Align=00001  Fill=0000
    BSS               Offs=00007C  Size=000001  Align=00001  Fill=0000
/Users/rje/git/cc65/lib/cx16.lib(sprites_enable.o):
    CODE              Offs=001DDE  Size=00001F  Align=00001  Fill=0000
/Users/rje/git/cc65/lib/cx16.lib(staxsp.o):
    CODE              Offs=001DFD  Size=00000B  Align=00001  Fill=0000
/Users/rje/git/cc65/lib/cx16.lib(staxspi.o):
    CODE              Offs=001E08  Size=00001A  Align=00001  Fill=0000
/Users/rje/git/cc65/lib/cx16.lib(steaxspi.o):
    CODE              Offs=001E22  Size=000022  Align=00001  Fill=0000
/Users/rje/git/cc65/lib/cx16.lib(strlen.o):
    CODE              Offs=001E44  Size=000016  Align=00001  Fill=0000
/Users/rje/git/cc65/lib/cx16.lib(strlower.o):
    CODE              Offs=001E5A  Size=000027  Align=00001  Fill=0000
/Users/rje/git/cc65/lib/cx16.lib(subysp.o):
    CODE              Offs=001E81  Size=00000D  Align=00001  Fill=0000
/Users/rje/git/cc65/lib/cx16.lib(time.o):
    CODE              Offs=001E8E  Size=000043  Align=00001  Fill=0000
    BSS               Offs=00007D  Size=000008  Align=00001  Fill=0000
/Users/rje/git/cc65/lib/cx16.lib(timezone.o):
    DATA              Offs=0000F9  Size=00000F  Align=00001  Fill=0000
/Users/rje/git/cc65/lib/cx16.lib(tmcommon.o):
    CODE              Offs=001ED1  Size=00000D  Align=00001  Fill=0000
    DATA              Offs=000108  Size=000012  Align=00001  Fill=0000
/Users/rje/git/cc65/lib/cx16.lib(udiv.o):
    CODE              Offs=001EDE  Size=00004F  Align=00001  Fill=0000
/Users/rje/git/cc65/lib/cx16.lib(umod.o):
    CODE              Offs=001F2D  Size=000011  Align=00001  Fill=0000
/Users/rje/git/cc65/lib/cx16.lib(vcprintf.o):
    CODE              Offs=001F3E  Size=000078  Align=00001  Fill=0000
    DATA              Offs=00011A  Size=000008  Align=00001  Fill=0000
/Users/rje/git/cc65/lib/cx16.lib(vsnprintf.o):
    CODE              Offs=001FB6  Size=0000DA  Align=00001  Fill=0000
    DATA              Offs=000122  Size=000008  Align=00001  Fill=0000
/Users/rje/git/cc65/lib/cx16.lib(vsprintf.o):
    CODE              Offs=002090  Size=000012  Align=00001  Fill=0000
/Users/rje/git/cc65/lib/cx16.lib(zerobss.o):
    CODE              Offs=0020A2  Size=000023  Align=00001  Fill=0000
/Users/rje/git/cc65/lib/cx16.lib(zeropage.o):
    ZEROPAGE          Offs=000000  Size=00001A  Align=00001  Fill=0000


Segment list:
-------------
Name                   Start     End    Size  Align
----------------------------------------------------
ZEROPAGE              000022  00003B  00001A  00001
LOADADDR              0007FF  000800  000002  00001
EXEHDR                000801  00080C  00000C  00001
STARTUP               00080D  000834  000028  00001
CODE                  000835  0028F9  0020C5  00001
RODATA                0028FA  002D6F  000476  00001
DATA                  002D70  002E99  00012A  00001
INIT                  002E9A  002E9B  000002  00001
BSS                   002E9C  002F20  000085  00001
ONCE                  002E9C  002ECA  00002F  00001


Exports list by name:
---------------------
BSOUT                     00FFD2 RLA    CHROUT                    00FFD2 RLA    
CLOCK_GET_DATE_TIME       00FF50 RLA    ENTROPY_GET               00FECF RLA    
GETIN                     00FFE4 RLA    LOAD                      00FFD5 RLA    
PLOT                      00FFF0 RLA    SETLFS                    00FFBA RLA    
SETNAM                    00FFBD RLA    TM                        002E78 RLA    
__BSS_RUN__               002E9C RLA    __BSS_SIZE__              000085 REA    
__CONSTRUCTOR_COUNT__     000000 REA    __CONSTRUCTOR_TABLE__     002ECB RLA    
__DESTRUCTOR_COUNT__      000000 REA    __DESTRUCTOR_TABLE__      002D70 RLA    
__EXEHDR__                000001 REA    __HEADER_LAST__           00080D RLA    
__HIMEM__                 009F00 REA    __LOADADDR__              000001 REA    
__MAIN_SIZE__             0096F3 REA    __MAIN_START__            00080D RLA    
__ONCE_RUN__              002E9C RLA    __STACKSIZE__             000800 REA    
__STARTUP__               000001 REA    __ctype                   002CB7 RLA    
__ctypeidx                002CC2 RLA    __directerrno             001662 RLA    
__errno                   002F16 RLA    __hextab                  002C93 RLA    
__longminstr              002CA3 RLA    __oserror                 002EE9 RLA    
__printf                  00175E RLA    __randomize               002560 RLA    
__seterrno                001A10 RLA    __tz                      002E69 RLA    
_bgcolor                  001B84 RLA    _cbm_k_bsout              00FFD2 RLA    
_cbm_k_load               001AA7 RLA    _cbm_k_setlfs             001AC4 RLA    
_cbm_k_setnam             001AD2 RLA    _cgetc                    001AFC RLA    
_clock_gettime            001CDB RLA    _clrscr                   001B60 RLA    
_cprintf                  001BA7 RLA    _cputc                    001BD6 RLA    
_cputsxy                  001C30 RLA    _div                      001CC6 RLA    
_gotoxy                   001D2A RLA    _kbhit                    001DBA RLA    
_ltoa                     001EF6 RLA    _main                     000B53 RLA    
_map_calculate            001302 RLA    _map_east                 001292 RLA    
_map_init                 00114B RLA    _map_north                00125A RLA    
_map_show                 00156B RLA    _map_south                001222 RLA    
_map_west                 0012CA RLA    _memcpy                   001FFF RLA    
_menus_init               00156C RLA    _mktime                   00203B RLA    
_revers                   002580 RLA    _setBank                  00113C RLA    
_sprintf                  0025E8 RLA    _sprite_define            000BAE RLA    
_sprite_horiz_flip        000ED5 RLA    _sprite_horiz_unflip      000F06 RLA    
_srand                    00252C RLA    _strlen                   002679 RLA    
_strlower                 00268F RLA    _theDate                  000F76 RLA    
_time                     0026C3 RLA    _ultoa                    001F35 RLA    
_vcprintf                 0027BB RLA    _vera_sprites_enable      002613 RLA    
_vsprintf                 0028C5 RLA    addeq0sp                  001A31 RLA    
addeqysp                  001A33 RLA    addysp                    001A43 RLA    
addysp1                   001A42 RLA    aslax1                    001A50 RLA    
aslax3                    001A58 RLA    aslax4                    001A66 RLA    
asrax1                    001A77 RLA    asrax4                    001A81 RLA    
axlong                    001A9A RLA    axulong                   001AA0 RLA    
callmain                  001AE5 RLA    ctypemaskdirect           001C57 RLA    
cursor                    002EE8 RLA    decax1                    001C71 RLA    
decaxy                    001C78 RLA    decsp1                    001C81 RLA    
decsp3                    001C8A RLA    decsp4                    001C97 RLA    
decsp6                    001CA4 RLA    donelib                   001B9B RLA    
getlop                    001F80 RLA    gotoxy                    001D27 RLA    
incax2                    001D64 RLA    incax3                    001D6B RLA    
incax4                    001D7F RLA    incax5                    001D70 RLA    
incax6                    001D75 RLA    incax7                    001D7A RLA    
incaxy                    001D81 RLA    incsp1                    001D8A RLA    
incsp2                    001D98 RLA    incsp3                    001DA6 RLA    
incsp4                    001DAB RLA    incsp5                    001DB0 RLA    
incsp6                    001DB5 RLA    initlib                   002E9C RLA    
ldaidx                    001DEC RLA    ldax0sp                   001E05 RLA    
ldaxi                     001DF8 RLA    ldaxidx                   001DFA RLA    
ldaxysp                   001E07 RLA    ldeaxi                    001E0E RLA    
load_jiffy                002706 RLA    mul8x16                   00246A RLA    
mul8x16a                  002474 RLA    negax                     0024A6 RLA    
negeax                    001E7E RLA    plot                      001C02 RLA    
popa                      0024B4 RLA    popax                     001D91 RLA    
popptr1                   0024BE RLA    popsargsudiv16            002593 RLA    
ptr1                      00002A RLZ    ptr2                      00002C RLZ    
ptr3                      00002E RLZ    ptr4                      000030 RLZ    
push1                     0024CC RLA    pusha                     0024D5 RLA    
pusha0                    0024E9 RLA    pushax                    0024EB RLA    
pusheax                   001EA3 RLA    pushw                     002501 RLA    
pushw0sp                  002510 RLA    pushwysp                  002512 RLA    
regbank                   000036 RLZ    regswap2                  002566 RLA    
return0                   00257C RLA    shlax3                    001A58 RLA    
shlax4                    001A66 RLA    shrax1                    0025B3 RLA    
shrax2                    0025BB RLA    shrax4                    0025C6 RLA    
shreax4                   0025D7 RLA    sp                        000022 RLZ    
sreg                      000024 RLZ    stax0sp                   002632 RLA    
staxspidx                 00263D RLA    staxysp                   002634 RLA    
steaxspidx                002657 RLA    subysp                    0026B6 RLA    
tmp1                      000032 RLZ    tmp2                      000033 RLZ    
tmp3                      000034 RLZ    tmp4                      000035 RLZ    
tosaddax                  001A1B RLA    tosaddeax                 001DCE RLA    
tosdiva0                  001CB1 RLA    tosdivax                  001CB3 RLA    
tosicmp                   001D38 RLA    tosmoda0                  002412 RLA    
tosmul0ax                 001E25 RLA    tosmula0                  002468 RLA    
tossubeax                 001EBE RLA    tosudiv0ax                001F71 RLA    
tosudiveax                001F75 RLA    tosumod0ax                001FE8 RLA    
tosumoda0                 002762 RLA    tosumodax                 002764 RLA    
tosumul0ax                001E25 RLA    tosumula0                 002468 RLA    
tosumulax                 002423 RLA    tosumuleax                001E29 RLA    
udiv16                    002724 RLA    udiv32                    001FA3 RLA    
vsnprintf                 0027EE RLA    zerobss                   0028D7 RLA    



Exports list by value:
----------------------
__CONSTRUCTOR_COUNT__     000000 REA    __DESTRUCTOR_COUNT__      000000 REA    
__STARTUP__               000001 REA    __LOADADDR__              000001 REA    
__EXEHDR__                000001 REA    sp                        000022 RLZ    
sreg                      000024 RLZ    ptr1                      00002A RLZ    
ptr2                      00002C RLZ    ptr3                      00002E RLZ    
ptr4                      000030 RLZ    tmp1                      000032 RLZ    
tmp2                      000033 RLZ    tmp3                      000034 RLZ    
tmp4                      000035 RLZ    regbank                   000036 RLZ    
__BSS_SIZE__              000085 REA    __STACKSIZE__             000800 REA    
__HEADER_LAST__           00080D RLA    __MAIN_START__            00080D RLA    
_main                     000B53 RLA    _sprite_define            000BAE RLA    
_sprite_horiz_flip        000ED5 RLA    _sprite_horiz_unflip      000F06 RLA    
_theDate                  000F76 RLA    _setBank                  00113C RLA    
_map_init                 00114B RLA    _map_south                001222 RLA    
_map_north                00125A RLA    _map_east                 001292 RLA    
_map_west                 0012CA RLA    _map_calculate            001302 RLA    
_map_show                 00156B RLA    _menus_init               00156C RLA    
__directerrno             001662 RLA    __printf                  00175E RLA    
__seterrno                001A10 RLA    tosaddax                  001A1B RLA    
addeq0sp                  001A31 RLA    addeqysp                  001A33 RLA    
addysp1                   001A42 RLA    addysp                    001A43 RLA    
aslax1                    001A50 RLA    aslax3                    001A58 RLA    
shlax3                    001A58 RLA    aslax4                    001A66 RLA    
shlax4                    001A66 RLA    asrax1                    001A77 RLA    
asrax4                    001A81 RLA    axlong                    001A9A RLA    
axulong                   001AA0 RLA    _cbm_k_load               001AA7 RLA    
_cbm_k_setlfs             001AC4 RLA    _cbm_k_setnam             001AD2 RLA    
callmain                  001AE5 RLA    _cgetc                    001AFC RLA    
_clrscr                   001B60 RLA    _bgcolor                  001B84 RLA    
donelib                   001B9B RLA    _cprintf                  001BA7 RLA    
_cputc                    001BD6 RLA    plot                      001C02 RLA    
_cputsxy                  001C30 RLA    ctypemaskdirect           001C57 RLA    
decax1                    001C71 RLA    decaxy                    001C78 RLA    
decsp1                    001C81 RLA    decsp3                    001C8A RLA    
decsp4                    001C97 RLA    decsp6                    001CA4 RLA    
tosdiva0                  001CB1 RLA    tosdivax                  001CB3 RLA    
_div                      001CC6 RLA    _clock_gettime            001CDB RLA    
gotoxy                    001D27 RLA    _gotoxy                   001D2A RLA    
tosicmp                   001D38 RLA    incax2                    001D64 RLA    
incax3                    001D6B RLA    incax5                    001D70 RLA    
incax6                    001D75 RLA    incax7                    001D7A RLA    
incax4                    001D7F RLA    incaxy                    001D81 RLA    
incsp1                    001D8A RLA    popax                     001D91 RLA    
incsp2                    001D98 RLA    incsp3                    001DA6 RLA    
incsp4                    001DAB RLA    incsp5                    001DB0 RLA    
incsp6                    001DB5 RLA    _kbhit                    001DBA RLA    
tosaddeax                 001DCE RLA    ldaidx                    001DEC RLA    
ldaxi                     001DF8 RLA    ldaxidx                   001DFA RLA    
ldax0sp                   001E05 RLA    ldaxysp                   001E07 RLA    
ldeaxi                    001E0E RLA    tosumul0ax                001E25 RLA    
tosmul0ax                 001E25 RLA    tosumuleax                001E29 RLA    
negeax                    001E7E RLA    pusheax                   001EA3 RLA    
tossubeax                 001EBE RLA    _ltoa                     001EF6 RLA    
_ultoa                    001F35 RLA    tosudiv0ax                001F71 RLA    
tosudiveax                001F75 RLA    getlop                    001F80 RLA    
udiv32                    001FA3 RLA    tosumod0ax                001FE8 RLA    
_memcpy                   001FFF RLA    _mktime                   00203B RLA    
tosmoda0                  002412 RLA    tosumulax                 002423 RLA    
tosumula0                 002468 RLA    tosmula0                  002468 RLA    
mul8x16                   00246A RLA    mul8x16a                  002474 RLA    
negax                     0024A6 RLA    popa                      0024B4 RLA    
popptr1                   0024BE RLA    push1                     0024CC RLA    
pusha                     0024D5 RLA    pusha0                    0024E9 RLA    
pushax                    0024EB RLA    pushw                     002501 RLA    
pushw0sp                  002510 RLA    pushwysp                  002512 RLA    
_srand                    00252C RLA    __randomize               002560 RLA    
regswap2                  002566 RLA    return0                   00257C RLA    
_revers                   002580 RLA    popsargsudiv16            002593 RLA    
shrax1                    0025B3 RLA    shrax2                    0025BB RLA    
shrax4                    0025C6 RLA    shreax4                   0025D7 RLA    
_sprintf                  0025E8 RLA    _vera_sprites_enable      002613 RLA    
stax0sp                   002632 RLA    staxysp                   002634 RLA    
staxspidx                 00263D RLA    steaxspidx                002657 RLA    
_strlen                   002679 RLA    _strlower                 00268F RLA    
subysp                    0026B6 RLA    _time                     0026C3 RLA    
load_jiffy                002706 RLA    udiv16                    002724 RLA    
tosumoda0                 002762 RLA    tosumodax                 002764 RLA    
_vcprintf                 0027BB RLA    vsnprintf                 0027EE RLA    
_vsprintf                 0028C5 RLA    zerobss                   0028D7 RLA    
__hextab                  002C93 RLA    __longminstr              002CA3 RLA    
__ctype                   002CB7 RLA    __ctypeidx                002CC2 RLA    
__DESTRUCTOR_TABLE__      002D70 RLA    __tz                      002E69 RLA    
TM                        002E78 RLA    initlib                   002E9C RLA    
__ONCE_RUN__              002E9C RLA    __BSS_RUN__               002E9C RLA    
__CONSTRUCTOR_TABLE__     002ECB RLA    cursor                    002EE8 RLA    
__oserror                 002EE9 RLA    __errno                   002F16 RLA    
__MAIN_SIZE__             0096F3 REA    __HIMEM__                 009F00 REA    
ENTROPY_GET               00FECF RLA    CLOCK_GET_DATE_TIME       00FF50 RLA    
SETLFS                    00FFBA RLA    SETNAM                    00FFBD RLA    
BSOUT                     00FFD2 RLA    _cbm_k_bsout              00FFD2 RLA    
CHROUT                    00FFD2 RLA    LOAD                      00FFD5 RLA    
GETIN                     00FFE4 RLA    PLOT                      00FFF0 RLA    



Imports list:
-------------
BSOUT (kernal.o):
    c_bsout.o                 cbm/cbm.inc:49
CHROUT (kernal.o):
    crt0.o                    cx16/crt0.s:10
    clrscr.o                  cx16/clrscr.s:10
    c_bsout.o                 cbm/cbm.inc:50
CLOCK_GET_DATE_TIME (kernal.o):
    gettime.o                 cx16/gettime.s:12
ENTROPY_GET (kernal.o):
    randomize.o               cx16/randomize.s:10
GETIN (kernal.o):
    cgetc.o                   cx16/cgetc.s:10
LOAD (kernal.o):
    c_load.o                  cbm/cbm.inc:37
PLOT (kernal.o):
    cputc.o                   cx16/cputc.s:11
SETLFS (kernal.o):
    c_setlfs.o                cbm/cbm.inc:33
SETNAM (kernal.o):
    c_setnam.o                cbm/cbm.inc:34
TM (tmcommon.o):
    gettime.o                 cx16/gettime.s:11
__BSS_RUN__ ([linker generated]):
    zerobss.o                 common/zerobss.s:8
__BSS_SIZE__ ([linker generated]):
    zerobss.o                 common/zerobss.s:8
__CONSTRUCTOR_COUNT__ ([linker generated]):
    condes.o                  runtime/condes.s:18
__CONSTRUCTOR_TABLE__ ([linker generated]):
    condes.o                  runtime/condes.s:18
__DESTRUCTOR_COUNT__ ([linker generated]):
    condes.o                  runtime/condes.s:19
__DESTRUCTOR_TABLE__ ([linker generated]):
    condes.o                  runtime/condes.s:19
__EXEHDR__ (exehdr.o):
    [linker generated]        /Users/rje/git/cc65/cfg/cx16.cfg:6
__HEADER_LAST__ ([linker generated]):
    [linker generated]        /Users/rje/git/cc65/cfg/cx16.cfg:14
    [linker generated]        /Users/rje/git/cc65/cfg/cx16.cfg:14
__HIMEM__ ([linker generated]):
    [linker generated]        /Users/rje/git/cc65/cfg/cx16.cfg:15
    [linker generated]        /Users/rje/git/cc65/cfg/cx16.cfg:14
__LOADADDR__ (loadaddr.o):
    [linker generated]        /Users/rje/git/cc65/cfg/cx16.cfg:5
__MAIN_SIZE__ ([linker generated]):
    crt0.o                    cx16/crt0.s:11
__MAIN_START__ ([linker generated]):
    crt0.o                    cx16/crt0.s:11
__ONCE_RUN__ ([linker generated]):
    [linker generated]        /Users/rje/git/cc65/cfg/cx16.cfg:15
    [linker generated]        /Users/rje/git/cc65/cfg/cx16.cfg:15
__STACKSIZE__ ([linker generated]):
    [linker generated]        /Users/rje/git/cc65/cfg/cx16.cfg:15
__STARTUP__ (crt0.o):
    main.o                    main.s:13
__ctype (ctype.o):
    ctypemask.o               common/ctypemask.s:23
__ctypeidx (ctype.o):
    ctypemask.o               common/ctypemask.s:24
__directerrno (_directerrno.o):
    vsnprintf.o               /Users/rje/git/cc65/asminc/errno.inc:10
__errno (errno.o):
    _seterrno.o               /Users/rje/git/cc65/asminc/errno.inc:7
__hextab (_hextab.o):
    ltoa.o                    common/ltoa.s:10
__longminstr (_longminstr.o):
    ltoa.o                    common/ltoa.s:10
__oserror (_oserror.o):
    _directerrno.o            /Users/rje/git/cc65/asminc/errno.inc:7
    c_load.o                  cbm/c_load.s:10
__printf (_printf.o):
    vsnprintf.o               common/vsnprintf.s:10
    vcprintf.o                conio/vcprintf.s:9
__randomize (randomize.o):
    main.o                    main.s:25
__seterrno (_seterrno.o):
    _directerrno.o            /Users/rje/git/cc65/asminc/errno.inc:9
__tz (timezone.o):
    mktime.o                  ../libwrk/cx16/mktime.s:14
_bgcolor (color.o):
    main.o                    main.s:24
_cbm_k_bsout (c_bsout.o):
    main.o                    main.s:15
_cbm_k_load (c_load.o):
    main.o                    main.s:16
_cbm_k_setlfs (c_setlfs.o):
    main.o                    main.s:17
_cbm_k_setnam (c_setnam.o):
    main.o                    main.s:18
_cgetc (cgetc.o):
    main.o                    main.s:23
_clock_gettime (gettime.o):
    time.o                    /Users/rje/git/cc65/asminc/time.inc:65
_clrscr (clrscr.o):
    main.o                    main.s:19
_cprintf (cprintf.o):
    map.o                     map.s:15
    main.o                    main.s:22
_cputc (cputc.o):
    vcprintf.o                conio/vcprintf.s:9
    cputs.o                   conio/cputs.s:9
_cputsxy (cputs.o):
    menus.o                   menus.s:13
    map.o                     map.s:14
    main.o                    main.s:21
_div (divt.o):
    mktime.o                  ../libwrk/cx16/mktime.s:13
_gotoxy (gotoxy.o):
    map.o                     map.s:13
_kbhit (kbhit.o):
    cgetc.o                   cx16/cgetc.s:10
    main.o                    main.s:20
_ltoa (ltoa.o):
    _printf.o                 common/_printf.s:12
_main (main.o):
    callmain.o                runtime/callmain.s:11
_map_calculate (map.o):
    main.o                    main.s:35
_map_east (map.o):
    main.o                    main.s:33
_map_init (map.o):
    main.o                    main.s:30
_map_north (map.o):
    main.o                    main.s:32
_map_show (map.o):
    main.o                    main.s:36
_map_south (map.o):
    main.o                    main.s:31
_map_west (map.o):
    main.o                    main.s:34
_memcpy (memcpy.o):
    vsnprintf.o               common/vsnprintf.s:10
_menus_init (menus.o):
    main.o                    main.s:38
_mktime (mktime.o):
    gettime.o                 /Users/rje/git/cc65/asminc/time.inc:68
_revers (revers.o):
    map.o                     map.s:16
_setBank (common.o):
    main.o                    main.s:26
_sprintf (sprintf.o):
    calendar.o                calendar.s:13
_sprite_define (sprite.o):
    map.o                     map.s:24
    main.o                    main.s:27
_sprite_horiz_flip (sprite.o):
    main.o                    main.s:28
_sprite_horiz_unflip (sprite.o):
    main.o                    main.s:29
_srand (rand.o):
    randomize.o               cx16/randomize.s:10
_strlen (strlen.o):
    _printf.o                 common/_printf.s:13
_strlower (strlower.o):
    _printf.o                 common/_printf.s:13
_theDate (calendar.o):
    main.o                    main.s:37
_time (time.o):
    calendar.o                calendar.s:14
_ultoa (ltoa.o):
    _printf.o                 common/_printf.s:12
_vcprintf (vcprintf.o):
    cprintf.o                 conio/cprintf.s:8
_vera_sprites_enable (sprites_enable.o):
    main.o                    main.s:14
_vsprintf (vsprintf.o):
    sprintf.o                 common/sprintf.s:8
addeq0sp (addeqsp.o):
    map.o                     map.s:608
    sprite.o                  sprite.s:560
addeqysp (addeqsp.o):
    map.o                     map.s:608
    map.o                     map.s:608
addysp (addysp.o):
    incsp6.o                  runtime/incsp6.s:8
    mktime.o                  ../libwrk/cx16/mktime.s:618
    sprintf.o                 common/sprintf.s:8
    incsp5.o                  runtime/incsp5.s:8
    incsp4.o                  runtime/incsp4.s:8
    incsp3.o                  runtime/incsp3.s:8
    cprintf.o                 conio/cprintf.s:8
    map.o                     map.s:608
addysp1 (addysp.o):
    lsub.o                    runtime/lsub.s:11
    ladd.o                    runtime/ladd.s:8
    lmul.o                    runtime/lmul.s:9
    ludiv.o                   runtime/ludiv.s:9
aslax1 (aslax1.o):
    mktime.o                  ../libwrk/cx16/mktime.s:618
    PSG.o                     PSG.s:160
    map.o                     map.s:608
aslax3 (aslax3.o):
    sprite.o                  sprite.s:560
    sprite.o                  sprite.s:560
    sprite.o                  sprite.s:560
    sprite.o                  sprite.s:560
    sprite.o                  sprite.s:560
aslax4 (aslax4.o):
    map.o                     map.s:608
asrax1 (asrax1.o):
    sprite.o                  sprite.s:560
    sprite.o                  sprite.s:560
    sprite.o                  sprite.s:560
asrax4 (asrax4.o):
    sprite.o                  sprite.s:560
    sprite.o                  sprite.s:560
    sprite.o                  sprite.s:560
axlong (axlong.o):
    _printf.o                 common/_printf.s:11
axulong (axlong.o):
    mktime.o                  ../libwrk/cx16/mktime.s:618
    _printf.o                 common/_printf.s:11
callmain (callmain.o):
    crt0.o                    cx16/crt0.s:9
ctypemaskdirect (ctypemask.o):
    strlower.o                common/strlower.s:14
cursor (_cursor.o):
    cgetc.o                   cx16/cgetc.s:10
decax1 (decax1.o):
    mktime.o                  ../libwrk/cx16/mktime.s:618
decaxy (decaxy.o):
    mktime.o                  ../libwrk/cx16/mktime.s:618
decsp1 (decsp1.o):
    time.o                    common/time.s:9
    main.o                    main.s:607
decsp3 (decsp3.o):
    calendar.o                calendar.s:378
decsp4 (decsp4.o):
    mktime.o                  ../libwrk/cx16/mktime.s:618
    sprintf.o                 common/sprintf.s:8
    lpush.o                   runtime/lpush.s:12
    map.o                     map.s:608
    calendar.o                calendar.s:378
decsp6 (decsp6.o):
    _printf.o                 common/_printf.s:11
donelib (condes.o):
    crt0.o                    cx16/crt0.s:8
getlop (ludiv.o):
    lumod.o                   runtime/lumod.s:9
gotoxy (gotoxy.o):
    cputc.o                   cx16/cputc.s:11
    cputs.o                   conio/cputs.s:9
incax2 (incax2.o):
    sprite.o                  sprite.s:560
    sprite.o                  sprite.s:560
incax3 (incax3.o):
    sprite.o                  sprite.s:560
incax4 (incaxy.o):
    mktime.o                  ../libwrk/cx16/mktime.s:618
    sprite.o                  sprite.s:560
incax5 (incax5.o):
    sprite.o                  sprite.s:560
incax6 (incax6.o):
    sprite.o                  sprite.s:560
    sprite.o                  sprite.s:560
    sprite.o                  sprite.s:560
incax7 (incax7.o):
    sprite.o                  sprite.s:560
incaxy (incaxy.o):
    incax7.o                  runtime/incax7.s:8
    incax6.o                  runtime/incax6.s:8
    incax5.o                  runtime/incax5.s:8
    incax3.o                  runtime/incax3.s:8
    PSG.o                     PSG.s:160
    map.o                     map.s:608
    map.o                     map.s:608
incsp1 (incsp1.o):
    gettime.o                 cx16/gettime.s:10
    map.o                     map.s:608
    map.o                     map.s:608
    map.o                     map.s:608
    map.o                     map.s:608
    common.o                  common.s:33
    sprite.o                  sprite.s:560
    sprite.o                  sprite.s:560
    main.o                    main.s:607
incsp2 (incsp2.o):
    vsnprintf.o               common/vsnprintf.s:9
    staxspi.o                 runtime/staxspi.s:9
    mktime.o                  ../libwrk/cx16/mktime.s:618
    popptr1.o                 runtime/popptr1.s:8
    PSG.o                     PSG.s:160
    sprite.o                  sprite.s:560
incsp3 (incsp3.o):
    calendar.o                calendar.s:378
    sprite.o                  sprite.s:560
    sprite.o                  sprite.s:560
    sprite.o                  sprite.s:560
incsp4 (incsp4.o):
    PSG.o                     PSG.s:160
    map.o                     map.s:608
    calendar.o                calendar.s:378
    main.o                    main.s:607
incsp5 (incsp5.o):
    sprite.o                  sprite.s:560
incsp6 (incsp6.o):
    vsnprintf.o               common/vsnprintf.s:9
initlib (condes.o):
    crt0.o                    cx16/crt0.s:8
ldaidx (ldai.o):
    sprite.o                  sprite.s:560
    sprite.o                  sprite.s:560
ldax0sp (ldaxsp.o):
    mktime.o                  ../libwrk/cx16/mktime.s:618
    PSG.o                     PSG.s:160
    PSG.o                     PSG.s:160
    map.o                     map.s:608
    sprite.o                  sprite.s:560
    sprite.o                  sprite.s:560
    sprite.o                  sprite.s:560
    sprite.o                  sprite.s:560
    sprite.o                  sprite.s:560
ldaxi (ldaxi.o):
    mktime.o                  ../libwrk/cx16/mktime.s:618
    PSG.o                     PSG.s:160
    PSG.o                     PSG.s:160
    sprite.o                  sprite.s:560
    sprite.o                  sprite.s:560
    sprite.o                  sprite.s:560
    sprite.o                  sprite.s:560
ldaxidx (ldaxi.o):
    PSG.o                     PSG.s:160
    sprite.o                  sprite.s:560
    sprite.o                  sprite.s:560
    sprite.o                  sprite.s:560
ldaxysp (ldaxsp.o):
    vsnprintf.o               common/vsnprintf.s:9
    mktime.o                  ../libwrk/cx16/mktime.s:618
    PSG.o                     PSG.s:160
    map.o                     map.s:608
    map.o                     map.s:608
    sprite.o                  sprite.s:560
    main.o                    main.s:607
ldeaxi (ldeaxi.o):
    time.o                    common/time.s:9
load_jiffy (tmcommon.o):
    gettime.o                 cx16/gettime.s:11
mul8x16 (mul8.o):
    mul.o                     runtime/mul.s:8
mul8x16a (mul8.o):
    mul.o                     runtime/mul.s:8
negax (negabs.o):
    divt.o                    common/divt.s:17
    shelp.o                   runtime/shelp.s:11
    mod.o                     runtime/mod.s:11
    div.o                     runtime/div.s:11
    main.o                    main.s:607
negeax (lneg.o):
    ltoa.o                    common/ltoa.s:9
plot (cputc.o):
    gotoxy.o                  cx16/gotoxy.s:9
popa (popa.o):
    gotoxy.o                  cx16/gotoxy.s:9
    c_setlfs.o                cbm/c_setlfs.s:12
    c_load.o                  cbm/c_load.s:11
popax (incsp2.o):
    memcpy.o                  common/memcpy.s:14
    vsnprintf.o               common/vsnprintf.s:9
    ltoa.o                    common/ltoa.s:9
    _printf.o                 common/_printf.s:11
    vcprintf.o                conio/vcprintf.s:8
    shelp.o                   runtime/shelp.s:11
popptr1 (popptr1.o):
    memcpy.o                  common/memcpy.s:14
    umod.o                    runtime/umod.s:8
    steaxspi.o                runtime/steaxspi.s:9
    mul.o                     runtime/mul.s:9
    ltoa.o                    common/ltoa.s:9
    vcprintf.o                conio/vcprintf.s:8
    udiv.o                    runtime/udiv.s:9
    mul8.o                    runtime/mul8.s:9
popsargsudiv16 (shelp.o):
    mod.o                     runtime/mod.s:11
    div.o                     runtime/div.s:11
ptr1 (zeropage.o):
    memcpy.o                  common/memcpy.s:15
    vsnprintf.o               common/vsnprintf.s:11
    strlower.o                common/strlower.s:13
    steaxspi.o                runtime/steaxspi.s:10
    staxspi.o                 runtime/staxspi.s:10
    mul.o                     runtime/mul.s:10
    mktime.o                  ../libwrk/cx16/mktime.s:11
    ltoa.o                    common/ltoa.s:11
    lmul.o                    runtime/lmul.s:10
    ldeaxi.o                  runtime/ldeaxi.s:8
    _printf.o                 /Users/rje/git/cc65/asminc/zeropage.inc:12
    zerobss.o                 common/zerobss.s:9
    vcprintf.o                conio/vcprintf.s:10
    udiv.o                    runtime/udiv.s:10
    time.o                    common/time.s:10
    sprintf.o                 common/sprintf.s:9
    shelp.o                   runtime/shelp.s:12
    pushw.o                   runtime/pushw.s:9
    popptr1.o                 runtime/popptr1.s:9
    mul8.o                    runtime/mul8.s:10
    ludiv.o                   runtime/ludiv.s:10
    ldaxi.o                   runtime/ldaxi.s:8
    ldai.o                    runtime/ldai.s:8
    div.o                     runtime/div.s:12
    cputs.o                   conio/cputs.s:10
    cprintf.o                 conio/cprintf.s:9
    c_setnam.o                cbm/c_setnam.s:10
    c_load.o                  cbm/c_load.s:12
    PSG.o                     PSG.s:11
    map.o                     map.s:11
    sprite.o                  sprite.s:11
    main.o                    main.s:11
ptr2 (zeropage.o):
    memcpy.o                  common/memcpy.s:15
    strlower.o                common/strlower.s:13
    strlen.o                  common/strlen.s:12
    ltoa.o                    common/ltoa.s:11
    _printf.o                 /Users/rje/git/cc65/asminc/zeropage.inc:12
    vcprintf.o                conio/vcprintf.s:10
    lumod.o                   runtime/lumod.s:10
    ludiv.o                   runtime/ludiv.s:10
    sprite.o                  sprite.s:11
ptr3 (zeropage.o):
    memcpy.o                  common/memcpy.s:15
    ltoa.o                    common/ltoa.s:11
    lmul.o                    runtime/lmul.s:10
    vcprintf.o                conio/vcprintf.s:10
    ludiv.o                   runtime/ludiv.s:10
ptr4 (zeropage.o):
    umod.o                    runtime/umod.s:9
    mul.o                     runtime/mul.s:10
    lmul.o                    runtime/lmul.s:10
    udiv.o                    runtime/udiv.s:10
    shelp.o                   runtime/shelp.s:12
    mul8.o                    runtime/mul8.s:10
    ludiv.o                   runtime/ludiv.s:10
push1 (push1.o):
    _printf.o                 common/_printf.s:11
pusha (pusha.o):
    menus.o                   menus.s:85
    map.o                     map.s:608
    map.o                     map.s:608
    map.o                     map.s:608
    map.o                     map.s:608
    map.o                     map.s:608
    map.o                     map.s:608
    common.o                  common.s:33
    sprite.o                  sprite.s:560
    sprite.o                  sprite.s:560
    main.o                    main.s:607
    main.o                    main.s:607
    main.o                    main.s:607
    main.o                    main.s:607
pusha0 (pushax.o):
    push1.o                   runtime/push1.s:8
    map.o                     map.s:608
    calendar.o                calendar.s:378
pushax (pushax.o):
    mktime.o                  ../libwrk/cx16/mktime.s:618
    mktime.o                  ../libwrk/cx16/mktime.s:618
    gettime.o                 cx16/gettime.s:10
    callmain.o                runtime/callmain.s:11
    _printf.o                 common/_printf.s:11
    vcprintf.o                conio/vcprintf.s:8
    pushw.o                   runtime/pushw.s:8
    cprintf.o                 conio/cprintf.s:8
    PSG.o                     PSG.s:160
    PSG.o                     PSG.s:160
    map.o                     map.s:608
    calendar.o                calendar.s:378
    calendar.o                calendar.s:378
    sprite.o                  sprite.s:560
    sprite.o                  sprite.s:560
    sprite.o                  sprite.s:560
    sprite.o                  sprite.s:560
    sprite.o                  sprite.s:560
    main.o                    main.s:607
    main.o                    main.s:607
    main.o                    main.s:607
    main.o                    main.s:607
pusheax (lpush.o):
    mktime.o                  ../libwrk/cx16/mktime.s:618
    gettime.o                 cx16/gettime.s:10
    _printf.o                 common/_printf.s:11
    calendar.o                calendar.s:378
    calendar.o                calendar.s:378
pushw (pushw.o):
    calendar.o                calendar.s:378
pushw0sp (pushwsp.o):
    mktime.o                  ../libwrk/cx16/mktime.s:618
    vsprintf.o                common/vsprintf.s:8
pushwysp (pushwsp.o):
    map.o                     map.s:608
regbank (zeropage.o):
    regswap2.o                runtime/regswap2.s:8
    mktime.o                  ../libwrk/cx16/mktime.s:10
    _printf.o                 /Users/rje/git/cc65/asminc/zeropage.inc:14
regswap2 (regswap2.o):
    mktime.o                  ../libwrk/cx16/mktime.s:618
return0 (return0.o):
    gettime.o                 cx16/gettime.s:10
shlax3 (aslax3.o):
    sprite.o                  sprite.s:560
shlax4 (aslax4.o):
    PSG.o                     PSG.s:160
shrax1 (shrax1.o):
    sprite.o                  sprite.s:560
    sprite.o                  sprite.s:560
    sprite.o                  sprite.s:560
shrax2 (shrax2.o):
    mktime.o                  ../libwrk/cx16/mktime.s:618
    PSG.o                     PSG.s:160
shrax4 (shrax4.o):
    PSG.o                     PSG.s:160
    sprite.o                  sprite.s:560
    sprite.o                  sprite.s:560
    sprite.o                  sprite.s:560
shreax4 (shreax4.o):
    calendar.o                calendar.s:378
sp (zeropage.o):
    memcpy.o                  common/memcpy.s:15
    lsub.o                    runtime/lsub.s:12
    ladd.o                    runtime/ladd.s:9
    vsnprintf.o               common/vsnprintf.s:11
    staxspi.o                 runtime/staxspi.s:10
    regswap2.o                runtime/regswap2.s:8
    mktime.o                  ../libwrk/cx16/mktime.s:10
    lmul.o                    runtime/lmul.s:10
    decsp6.o                  runtime/decsp6.s:8
    _printf.o                 /Users/rje/git/cc65/asminc/zeropage.inc:11
    vcprintf.o                conio/vcprintf.s:10
    subysp.o                  runtime/subysp.s:9
    staxsp.o                  runtime/staxsp.s:8
    sprintf.o                 common/sprintf.s:9
    pushwsp.o                 runtime/pushwsp.s:8
    pushax.o                  runtime/pushax.s:8
    pusha.o                   runtime/pusha.s:8
    popptr1.o                 runtime/popptr1.s:9
    popa.o                    runtime/popa.s:8
    ludiv.o                   runtime/ludiv.s:10
    lpush.o                   runtime/lpush.s:13
    ldaxsp.o                  runtime/ldaxsp.s:8
    incsp2.o                  runtime/incsp2.s:8
    incsp1.o                  runtime/incsp1.s:8
    icmp.o                    runtime/icmp.s:9
    decsp4.o                  runtime/decsp4.s:8
    decsp3.o                  runtime/decsp3.s:8
    decsp1.o                  runtime/decsp1.s:8
    crt0.o                    /Users/rje/git/cc65/asminc/zeropage.inc:11
    cprintf.o                 conio/cprintf.s:9
    addysp.o                  runtime/addysp.s:8
    addeqsp.o                 runtime/addeqsp.s:8
    add.o                     runtime/add.s:12
    map.o                     map.s:10
    common.o                  common.s:10
    calendar.o                calendar.s:10
    sprite.o                  sprite.s:10
    main.o                    main.s:10
sreg (zeropage.o):
    lsub.o                    runtime/lsub.s:12
    lneg.o                    runtime/lneg.s:11
    ladd.o                    runtime/ladd.s:9
    divt.o                    common/divt.s:18
    umod.o                    runtime/umod.s:9
    tmcommon.o                cx16/tmcommon.s:9
    steaxspi.o                runtime/steaxspi.s:10
    mktime.o                  ../libwrk/cx16/mktime.s:10
    ltoa.o                    common/ltoa.s:11
    lmul.o                    runtime/lmul.s:10
    ldeaxi.o                  runtime/ldeaxi.s:8
    axlong.o                  runtime/axlong.s:9
    _printf.o                 /Users/rje/git/cc65/asminc/zeropage.inc:11
    udiv.o                    runtime/udiv.s:10
    time.o                    common/time.s:10
    shreax4.o                 runtime/shreax4.s:8
    mod.o                     runtime/mod.s:12
    lumod.o                   runtime/lumod.s:10
    ludiv.o                   runtime/ludiv.s:10
    lpush.o                   runtime/lpush.s:13
    icmp.o                    runtime/icmp.s:9
    PSG.o                     PSG.s:10
    calendar.o                calendar.s:10
    sprite.o                  sprite.s:10
stax0sp (staxsp.o):
    mktime.o                  ../libwrk/cx16/mktime.s:618
    map.o                     map.s:608
staxspidx (staxspi.o):
    mktime.o                  ../libwrk/cx16/mktime.s:618
staxysp (staxsp.o):
    mktime.o                  ../libwrk/cx16/mktime.s:618
    vsprintf.o                common/vsprintf.s:8
    map.o                     map.s:608
    map.o                     map.s:608
steaxspidx (steaxspi.o):
    gettime.o                 cx16/gettime.s:10
subysp (subysp.o):
    map.o                     map.s:608
tmp1 (zeropage.o):
    ladd.o                    runtime/ladd.s:9
    divt.o                    common/divt.s:18
    decaxy.o                  runtime/decaxy.s:8
    steaxspi.o                runtime/steaxspi.s:10
    staxspi.o                 runtime/staxspi.s:10
    mul.o                     runtime/mul.s:10
    mktime.o                  ../libwrk/cx16/mktime.s:11
    ltoa.o                    common/ltoa.s:11
    _printf.o                 /Users/rje/git/cc65/asminc/zeropage.inc:13
    vcprintf.o                conio/vcprintf.s:10
    time.o                    common/time.s:10
    shreax4.o                 runtime/shreax4.s:8
    shrax4.o                  runtime/shrax4.s:8
    shrax2.o                  runtime/shrax2.s:8
    shrax1.o                  runtime/shrax1.s:8
    shelp.o                   runtime/shelp.s:12
    mod.o                     runtime/mod.s:12
    incaxy.o                  runtime/incaxy.s:8
    div.o                     runtime/div.s:12
    cputs.o                   conio/cputs.s:10
    color.o                   cx16/color.s:11
    c_setlfs.o                cbm/c_setlfs.s:13
    asrax4.o                  runtime/asrax4.s:9
    asrax1.o                  runtime/asrax1.s:8
    aslax4.o                  runtime/aslax4.s:8
    aslax3.o                  runtime/aslax3.s:8
    aslax1.o                  runtime/aslax1.s:8
tmp2 (zeropage.o):
    steaxspi.o                runtime/steaxspi.s:10
    lmul.o                    runtime/lmul.s:10
    time.o                    common/time.s:10
    shelp.o                   runtime/shelp.s:12
    div.o                     runtime/div.s:12
tmp3 (zeropage.o):
    steaxspi.o                runtime/steaxspi.s:10
    lmul.o                    runtime/lmul.s:10
    lumod.o                   runtime/lumod.s:10
    ludiv.o                   runtime/ludiv.s:10
tmp4 (zeropage.o):
    lmul.o                    runtime/lmul.s:10
    lumod.o                   runtime/lumod.s:10
    ludiv.o                   runtime/ludiv.s:10
tosaddax (add.o):
    map.o                     map.s:608
tosaddeax (ladd.o):
    mktime.o                  ../libwrk/cx16/mktime.s:618
tosdiva0 (div.o):
    map.o                     map.s:608
tosdivax (div.o):
    divt.o                    common/divt.s:17
tosicmp (icmp.o):
    mktime.o                  ../libwrk/cx16/mktime.s:618
    main.o                    main.s:607
tosmoda0 (mod.o):
    map.o                     map.s:608
tosmul0ax (lmul.o):
    gettime.o                 cx16/gettime.s:10
tosmula0 (mul8.o):
    map.o                     map.s:608
tossubeax (lsub.o):
    mktime.o                  ../libwrk/cx16/mktime.s:618
tosudiv0ax (ludiv.o):
    calendar.o                calendar.s:378
    calendar.o                calendar.s:378
tosudiveax (ludiv.o):
    calendar.o                calendar.s:378
tosumod0ax (lumod.o):
    calendar.o                calendar.s:378
    calendar.o                calendar.s:378
tosumoda0 (umod.o):
    mktime.o                  ../libwrk/cx16/mktime.s:618
    mktime.o                  ../libwrk/cx16/mktime.s:618
tosumodax (umod.o):
    mktime.o                  ../libwrk/cx16/mktime.s:618
tosumul0ax (lmul.o):
    mktime.o                  ../libwrk/cx16/mktime.s:618
tosumula0 (mul8.o):
    mktime.o                  ../libwrk/cx16/mktime.s:618
tosumulax (mul.o):
    mktime.o                  ../libwrk/cx16/mktime.s:618
tosumuleax (lmul.o):
    mktime.o                  ../libwrk/cx16/mktime.s:618
udiv16 (udiv.o):
    umod.o                    runtime/umod.s:8
    shelp.o                   runtime/shelp.s:11
udiv32 (ludiv.o):
    lumod.o                   runtime/lumod.s:9
vsnprintf (vsnprintf.o):
    vsprintf.o                common/vsprintf.s:9
zerobss (zerobss.o):
    crt0.o                    cx16/crt0.s:9

