Modules list:
-------------
main.o:
    CODE              Offs=000000  Size=0002C9  Align=00001  Fill=0000
    RODATA            Offs=000000  Size=000053  Align=00001  Fill=0000
    BSS               Offs=000000  Size=00001D  Align=00001  Fill=0000
    DATA              Offs=000000  Size=000002  Align=00001  Fill=0000
sprite.o:
    CODE              Offs=0002C9  Size=0003C8  Align=00001  Fill=0000
calendar.o:
    CODE              Offs=000691  Size=0001C6  Align=00001  Fill=0000
    RODATA            Offs=000053  Size=000139  Align=00001  Fill=0000
    BSS               Offs=00001D  Size=00001E  Align=00001  Fill=0000
    DATA              Offs=000002  Size=00004C  Align=00001  Fill=0000
common.o:
    CODE              Offs=000857  Size=00000F  Align=00001  Fill=0000
map.o:
    CODE              Offs=000866  Size=000430  Align=00001  Fill=0000
    RODATA            Offs=00018C  Size=00006B  Align=00001  Fill=0000
    BSS               Offs=00003B  Size=000011  Align=00001  Fill=0000
    DATA              Offs=00004E  Size=000012  Align=00001  Fill=0000
menus.o:
    CODE              Offs=000C96  Size=000066  Align=00001  Fill=0000
    RODATA            Offs=0001F7  Size=000032  Align=00001  Fill=0000
PSG.o:
    CODE              Offs=000CFC  Size=000090  Align=00001  Fill=0000
    DATA              Offs=000060  Size=00006C  Align=00001  Fill=0000
/Users/rje/git/cc65/lib/cx16.lib(_cursor.o):
    BSS               Offs=00004C  Size=000001  Align=00001  Fill=0000
/Users/rje/git/cc65/lib/cx16.lib(_directerrno.o):
    CODE              Offs=000D8C  Size=000009  Align=00001  Fill=0000
/Users/rje/git/cc65/lib/cx16.lib(_hextab.o):
    RODATA            Offs=000229  Size=000010  Align=00001  Fill=0000
/Users/rje/git/cc65/lib/cx16.lib(_longminstr.o):
    RODATA            Offs=000239  Size=00000C  Align=00001  Fill=0000
/Users/rje/git/cc65/lib/cx16.lib(_oserror.o):
    BSS               Offs=00004D  Size=000001  Align=00001  Fill=0000
/Users/rje/git/cc65/lib/cx16.lib(_printf.o):
    CODE              Offs=000D95  Size=0003A5  Align=00001  Fill=0000
    BSS               Offs=00004E  Size=00002B  Align=00001  Fill=0000
    DATA              Offs=0000CC  Size=000003  Align=00001  Fill=0000
/Users/rje/git/cc65/lib/cx16.lib(_seterrno.o):
    CODE              Offs=00113A  Size=000009  Align=00001  Fill=0000
/Users/rje/git/cc65/lib/cx16.lib(add.o):
    CODE              Offs=001143  Size=000018  Align=00001  Fill=0000
/Users/rje/git/cc65/lib/cx16.lib(addeqsp.o):
    CODE              Offs=00115B  Size=000011  Align=00001  Fill=0000
/Users/rje/git/cc65/lib/cx16.lib(addysp.o):
    CODE              Offs=00116C  Size=00000E  Align=00001  Fill=0000
/Users/rje/git/cc65/lib/cx16.lib(aslax1.o):
    CODE              Offs=00117A  Size=000008  Align=00001  Fill=0000
/Users/rje/git/cc65/lib/cx16.lib(aslax2.o):
    CODE              Offs=001182  Size=00000B  Align=00001  Fill=0000
/Users/rje/git/cc65/lib/cx16.lib(aslax3.o):
    CODE              Offs=00118D  Size=00000E  Align=00001  Fill=0000
/Users/rje/git/cc65/lib/cx16.lib(aslax4.o):
    CODE              Offs=00119B  Size=000011  Align=00001  Fill=0000
/Users/rje/git/cc65/lib/cx16.lib(asrax1.o):
    CODE              Offs=0011AC  Size=00000A  Align=00001  Fill=0000
/Users/rje/git/cc65/lib/cx16.lib(asrax4.o):
    CODE              Offs=0011B6  Size=000019  Align=00001  Fill=0000
/Users/rje/git/cc65/lib/cx16.lib(axlong.o):
    CODE              Offs=0011CF  Size=00000D  Align=00001  Fill=0000
/Users/rje/git/cc65/lib/cx16.lib(c_bsout.o):
/Users/rje/git/cc65/lib/cx16.lib(c_load.o):
    CODE              Offs=0011DC  Size=00001D  Align=00001  Fill=0000
/Users/rje/git/cc65/lib/cx16.lib(c_setlfs.o):
    CODE              Offs=0011F9  Size=00000E  Align=00001  Fill=0000
/Users/rje/git/cc65/lib/cx16.lib(c_setnam.o):
    CODE              Offs=001207  Size=000013  Align=00001  Fill=0000
/Users/rje/git/cc65/lib/cx16.lib(callmain.o):
    CODE              Offs=00121A  Size=000017  Align=00001  Fill=0000
    DATA              Offs=0000CF  Size=000004  Align=00001  Fill=0000
/Users/rje/git/cc65/lib/cx16.lib(cgetc.o):
    CODE              Offs=001231  Size=000064  Align=00001  Fill=0000
/Users/rje/git/cc65/lib/cx16.lib(clrscr.o):
    CODE              Offs=001295  Size=000011  Align=00001  Fill=0000
/Users/rje/git/cc65/lib/cx16.lib(color.o):
    CODE              Offs=0012A6  Size=00002A  Align=00001  Fill=0000
/Users/rje/git/cc65/lib/cx16.lib(condes.o):
    CODE              Offs=0012D0  Size=00000C  Align=00001  Fill=0000
    DATA              Offs=0000D3  Size=000025  Align=00001  Fill=0000
    ONCE              Offs=000000  Size=00000C  Align=00001  Fill=0000
/Users/rje/git/cc65/lib/cx16.lib(cprintf.o):
    CODE              Offs=0012DC  Size=00002A  Align=00001  Fill=0000
    BSS               Offs=000079  Size=000001  Align=00001  Fill=0000
/Users/rje/git/cc65/lib/cx16.lib(cputc.o):
    CODE              Offs=001306  Size=00005F  Align=00001  Fill=0000
    RODATA            Offs=000245  Size=000008  Align=00001  Fill=0000
/Users/rje/git/cc65/lib/cx16.lib(cputs.o):
    CODE              Offs=001365  Size=000023  Align=00001  Fill=0000
/Users/rje/git/cc65/lib/cx16.lib(crt0.o):
    STARTUP           Offs=000000  Size=000028  Align=00001  Fill=0000
    ONCE              Offs=00000C  Size=000023  Align=00001  Fill=0000
    INIT              Offs=000000  Size=000002  Align=00001  Fill=0000
/Users/rje/git/cc65/lib/cx16.lib(ctype.o):
    RODATA            Offs=00024D  Size=00008B  Align=00001  Fill=0000
/Users/rje/git/cc65/lib/cx16.lib(ctypemask.o):
    CODE              Offs=001388  Size=00001E  Align=00001  Fill=0000
/Users/rje/git/cc65/lib/cx16.lib(decax1.o):
    CODE              Offs=0013A6  Size=000007  Align=00001  Fill=0000
/Users/rje/git/cc65/lib/cx16.lib(decaxy.o):
    CODE              Offs=0013AD  Size=000009  Align=00001  Fill=0000
/Users/rje/git/cc65/lib/cx16.lib(decsp1.o):
    CODE              Offs=0013B6  Size=000009  Align=00001  Fill=0000
/Users/rje/git/cc65/lib/cx16.lib(decsp2.o):
    CODE              Offs=0013BF  Size=00000D  Align=00001  Fill=0000
/Users/rje/git/cc65/lib/cx16.lib(decsp3.o):
    CODE              Offs=0013CC  Size=00000D  Align=00001  Fill=0000
/Users/rje/git/cc65/lib/cx16.lib(decsp4.o):
    CODE              Offs=0013D9  Size=00000D  Align=00001  Fill=0000
/Users/rje/git/cc65/lib/cx16.lib(decsp6.o):
    CODE              Offs=0013E6  Size=00000D  Align=00001  Fill=0000
/Users/rje/git/cc65/lib/cx16.lib(decsp7.o):
    CODE              Offs=0013F3  Size=00000D  Align=00001  Fill=0000
/Users/rje/git/cc65/lib/cx16.lib(div.o):
    CODE              Offs=001400  Size=000015  Align=00001  Fill=0000
/Users/rje/git/cc65/lib/cx16.lib(divt.o):
    CODE              Offs=001415  Size=000015  Align=00001  Fill=0000
/Users/rje/git/cc65/lib/cx16.lib(errno.o):
    BSS               Offs=00007A  Size=000002  Align=00001  Fill=0000
/Users/rje/git/cc65/lib/cx16.lib(exehdr.o):
    EXEHDR            Offs=000000  Size=00000C  Align=00001  Fill=0000
/Users/rje/git/cc65/lib/cx16.lib(gettime.o):
    CODE              Offs=00142A  Size=00004C  Align=00001  Fill=0000
/Users/rje/git/cc65/lib/cx16.lib(gotoxy.o):
    CODE              Offs=001476  Size=00000F  Align=00001  Fill=0000
/Users/rje/git/cc65/lib/cx16.lib(icmp.o):
    CODE              Offs=001485  Size=00002E  Align=00001  Fill=0000
/Users/rje/git/cc65/lib/cx16.lib(incax2.o):
    CODE              Offs=0014B3  Size=000007  Align=00001  Fill=0000
/Users/rje/git/cc65/lib/cx16.lib(incax3.o):
    CODE              Offs=0014BA  Size=000005  Align=00001  Fill=0000
/Users/rje/git/cc65/lib/cx16.lib(incax5.o):
    CODE              Offs=0014BF  Size=000005  Align=00001  Fill=0000
/Users/rje/git/cc65/lib/cx16.lib(incax6.o):
    CODE              Offs=0014C4  Size=000005  Align=00001  Fill=0000
/Users/rje/git/cc65/lib/cx16.lib(incax7.o):
    CODE              Offs=0014C9  Size=000005  Align=00001  Fill=0000
/Users/rje/git/cc65/lib/cx16.lib(incaxy.o):
    CODE              Offs=0014CE  Size=00000B  Align=00001  Fill=0000
/Users/rje/git/cc65/lib/cx16.lib(incsp1.o):
    CODE              Offs=0014D9  Size=000007  Align=00001  Fill=0000
/Users/rje/git/cc65/lib/cx16.lib(incsp2.o):
    CODE              Offs=0014E0  Size=000015  Align=00001  Fill=0000
/Users/rje/git/cc65/lib/cx16.lib(incsp3.o):
    CODE              Offs=0014F5  Size=000005  Align=00001  Fill=0000
/Users/rje/git/cc65/lib/cx16.lib(incsp4.o):
    CODE              Offs=0014FA  Size=000005  Align=00001  Fill=0000
/Users/rje/git/cc65/lib/cx16.lib(incsp5.o):
    CODE              Offs=0014FF  Size=000005  Align=00001  Fill=0000
/Users/rje/git/cc65/lib/cx16.lib(incsp6.o):
    CODE              Offs=001504  Size=000005  Align=00001  Fill=0000
/Users/rje/git/cc65/lib/cx16.lib(incsp7.o):
    CODE              Offs=001509  Size=000005  Align=00001  Fill=0000
/Users/rje/git/cc65/lib/cx16.lib(kbhit.o):
    CODE              Offs=00150E  Size=00000E  Align=00001  Fill=0000
/Users/rje/git/cc65/lib/cx16.lib(kernal.o):
/Users/rje/git/cc65/lib/cx16.lib(ladd.o):
    CODE              Offs=00151C  Size=000024  Align=00001  Fill=0000
/Users/rje/git/cc65/lib/cx16.lib(ldai.o):
    CODE              Offs=001540  Size=00000C  Align=00001  Fill=0000
/Users/rje/git/cc65/lib/cx16.lib(ldaxi.o):
    CODE              Offs=00154C  Size=00000D  Align=00001  Fill=0000
/Users/rje/git/cc65/lib/cx16.lib(ldaxsp.o):
    CODE              Offs=001559  Size=000009  Align=00001  Fill=0000
/Users/rje/git/cc65/lib/cx16.lib(ldeaxi.o):
    CODE              Offs=001562  Size=000017  Align=00001  Fill=0000
/Users/rje/git/cc65/lib/cx16.lib(lmul.o):
    CODE              Offs=001579  Size=000059  Align=00001  Fill=0000
/Users/rje/git/cc65/lib/cx16.lib(lneg.o):
    CODE              Offs=0015D2  Size=00001E  Align=00001  Fill=0000
/Users/rje/git/cc65/lib/cx16.lib(loadaddr.o):
    LOADADDR          Offs=000000  Size=000002  Align=00001  Fill=0000
/Users/rje/git/cc65/lib/cx16.lib(lpush.o):
    CODE              Offs=0015F0  Size=00001E  Align=00001  Fill=0000
/Users/rje/git/cc65/lib/cx16.lib(lsub.o):
    CODE              Offs=00160E  Size=000024  Align=00001  Fill=0000
/Users/rje/git/cc65/lib/cx16.lib(ltoa.o):
    CODE              Offs=001632  Size=000093  Align=00001  Fill=0000
/Users/rje/git/cc65/lib/cx16.lib(ludiv.o):
    CODE              Offs=0016C5  Size=000077  Align=00001  Fill=0000
/Users/rje/git/cc65/lib/cx16.lib(lumod.o):
    CODE              Offs=00173C  Size=000017  Align=00001  Fill=0000
/Users/rje/git/cc65/lib/cx16.lib(memcpy.o):
    CODE              Offs=001753  Size=00003C  Align=00001  Fill=0000
/Users/rje/git/cc65/lib/cx16.lib(mktime.o):
    CODE              Offs=00178F  Size=0003D7  Align=00001  Fill=0000
    RODATA            Offs=0002D8  Size=00002E  Align=00001  Fill=0000
/Users/rje/git/cc65/lib/cx16.lib(mod.o):
    CODE              Offs=001B66  Size=000011  Align=00001  Fill=0000
/Users/rje/git/cc65/lib/cx16.lib(mul.o):
    CODE              Offs=001B77  Size=000045  Align=00001  Fill=0000
/Users/rje/git/cc65/lib/cx16.lib(mul8.o):
    CODE              Offs=001BBC  Size=00003A  Align=00001  Fill=0000
/Users/rje/git/cc65/lib/cx16.lib(negabs.o):
    CODE              Offs=001BF6  Size=000012  Align=00001  Fill=0000
/Users/rje/git/cc65/lib/cx16.lib(popa.o):
    CODE              Offs=001C08  Size=00000A  Align=00001  Fill=0000
/Users/rje/git/cc65/lib/cx16.lib(popptr1.o):
    CODE              Offs=001C12  Size=00000E  Align=00001  Fill=0000
/Users/rje/git/cc65/lib/cx16.lib(push1.o):
    CODE              Offs=001C20  Size=000005  Align=00001  Fill=0000
/Users/rje/git/cc65/lib/cx16.lib(pusha.o):
    CODE              Offs=001C25  Size=000016  Align=00001  Fill=0000
/Users/rje/git/cc65/lib/cx16.lib(pushax.o):
    CODE              Offs=001C3B  Size=00001A  Align=00001  Fill=0000
/Users/rje/git/cc65/lib/cx16.lib(pushw.o):
    CODE              Offs=001C55  Size=00000F  Align=00001  Fill=0000
/Users/rje/git/cc65/lib/cx16.lib(pushwsp.o):
    CODE              Offs=001C64  Size=00001C  Align=00001  Fill=0000
/Users/rje/git/cc65/lib/cx16.lib(rand.o):
    CODE              Offs=001C80  Size=000034  Align=00001  Fill=0000
    DATA              Offs=0000F8  Size=000004  Align=00001  Fill=0000
/Users/rje/git/cc65/lib/cx16.lib(randomize.o):
    CODE              Offs=001CB4  Size=000006  Align=00001  Fill=0000
/Users/rje/git/cc65/lib/cx16.lib(regswap2.o):
    CODE              Offs=001CBA  Size=000016  Align=00001  Fill=0000
/Users/rje/git/cc65/lib/cx16.lib(return0.o):
    CODE              Offs=001CD0  Size=000004  Align=00001  Fill=0000
/Users/rje/git/cc65/lib/cx16.lib(revers.o):
    CODE              Offs=001CD4  Size=000013  Align=00001  Fill=0000
/Users/rje/git/cc65/lib/cx16.lib(shelp.o):
    CODE              Offs=001CE7  Size=000020  Align=00001  Fill=0000
/Users/rje/git/cc65/lib/cx16.lib(shrax1.o):
    CODE              Offs=001D07  Size=000008  Align=00001  Fill=0000
/Users/rje/git/cc65/lib/cx16.lib(shrax2.o):
    CODE              Offs=001D0F  Size=00000B  Align=00001  Fill=0000
/Users/rje/git/cc65/lib/cx16.lib(shrax4.o):
    CODE              Offs=001D1A  Size=000011  Align=00001  Fill=0000
/Users/rje/git/cc65/lib/cx16.lib(shreax4.o):
    CODE              Offs=001D2B  Size=000011  Align=00001  Fill=0000
/Users/rje/git/cc65/lib/cx16.lib(sprintf.o):
    CODE              Offs=001D3C  Size=00002B  Align=00001  Fill=0000
    BSS               Offs=00007C  Size=000001  Align=00001  Fill=0000
/Users/rje/git/cc65/lib/cx16.lib(sprites_enable.o):
    CODE              Offs=001D67  Size=00001F  Align=00001  Fill=0000
/Users/rje/git/cc65/lib/cx16.lib(staxsp.o):
    CODE              Offs=001D86  Size=00000B  Align=00001  Fill=0000
/Users/rje/git/cc65/lib/cx16.lib(staxspi.o):
    CODE              Offs=001D91  Size=00001A  Align=00001  Fill=0000
/Users/rje/git/cc65/lib/cx16.lib(steaxspi.o):
    CODE              Offs=001DAB  Size=000022  Align=00001  Fill=0000
/Users/rje/git/cc65/lib/cx16.lib(strlen.o):
    CODE              Offs=001DCD  Size=000016  Align=00001  Fill=0000
/Users/rje/git/cc65/lib/cx16.lib(strlower.o):
    CODE              Offs=001DE3  Size=000027  Align=00001  Fill=0000
/Users/rje/git/cc65/lib/cx16.lib(time.o):
    CODE              Offs=001E0A  Size=000043  Align=00001  Fill=0000
    BSS               Offs=00007D  Size=000008  Align=00001  Fill=0000
/Users/rje/git/cc65/lib/cx16.lib(timezone.o):
    DATA              Offs=0000FC  Size=00000F  Align=00001  Fill=0000
/Users/rje/git/cc65/lib/cx16.lib(tmcommon.o):
    CODE              Offs=001E4D  Size=00000D  Align=00001  Fill=0000
    DATA              Offs=00010B  Size=000012  Align=00001  Fill=0000
/Users/rje/git/cc65/lib/cx16.lib(udiv.o):
    CODE              Offs=001E5A  Size=00004F  Align=00001  Fill=0000
/Users/rje/git/cc65/lib/cx16.lib(umod.o):
    CODE              Offs=001EA9  Size=000011  Align=00001  Fill=0000
/Users/rje/git/cc65/lib/cx16.lib(vcprintf.o):
    CODE              Offs=001EBA  Size=000078  Align=00001  Fill=0000
    DATA              Offs=00011D  Size=000008  Align=00001  Fill=0000
/Users/rje/git/cc65/lib/cx16.lib(vsnprintf.o):
    CODE              Offs=001F32  Size=0000DA  Align=00001  Fill=0000
    DATA              Offs=000125  Size=000008  Align=00001  Fill=0000
/Users/rje/git/cc65/lib/cx16.lib(vsprintf.o):
    CODE              Offs=00200C  Size=000012  Align=00001  Fill=0000
/Users/rje/git/cc65/lib/cx16.lib(zerobss.o):
    CODE              Offs=00201E  Size=000023  Align=00001  Fill=0000
/Users/rje/git/cc65/lib/cx16.lib(zeropage.o):
    ZEROPAGE          Offs=000000  Size=00001A  Align=00001  Fill=0000


Segment list:
-------------
Name                   Start     End    Size  Align
----------------------------------------------------
ZEROPAGE              000022  00003B  00001A  00001
LOADADDR              0007FF  000800  000002  00001
EXEHDR                000801  00080C  00000C  00001
STARTUP               00080D  000834  000028  00001
CODE                  000835  002875  002041  00001
RODATA                002876  002B7B  000306  00001
DATA                  002B7C  002CA8  00012D  00001
INIT                  002CA9  002CAA  000002  00001
BSS                   002CAB  002D2F  000085  00001
ONCE                  002CAB  002CD9  00002F  00001


Exports list by name:
---------------------
BSOUT                     00FFD2 RLA    CHROUT                    00FFD2 RLA    
CLOCK_GET_DATE_TIME       00FF50 RLA    ENTROPY_GET               00FECF RLA    
GETIN                     00FFE4 RLA    LOAD                      00FFD5 RLA    
PLOT                      00FFF0 RLA    SETLFS                    00FFBA RLA    
SETNAM                    00FFBD RLA    TM                        002C87 RLA    
__BSS_RUN__               002CAB RLA    __BSS_SIZE__              000085 REA    
__CONSTRUCTOR_COUNT__     000000 REA    __CONSTRUCTOR_TABLE__     002CDA RLA    
__DESTRUCTOR_COUNT__      000000 REA    __DESTRUCTOR_TABLE__      002B7C RLA    
__EXEHDR__                000001 REA    __HEADER_LAST__           00080D RLA    
__HIMEM__                 009F00 REA    __LOADADDR__              000001 REA    
__MAIN_SIZE__             0096F3 REA    __MAIN_START__            00080D RLA    
__ONCE_RUN__              002CAB RLA    __STACKSIZE__             000800 REA    
__STARTUP__               000001 REA    __ctype                   002AC3 RLA    
__ctypeidx                002ACE RLA    __directerrno             0015C1 RLA    
__errno                   002D25 RLA    __hextab                  002A9F RLA    
__longminstr              002AAF RLA    __oserror                 002CF8 RLA    
__printf                  0016BD RLA    __randomize               0024E9 RLA    
__seterrno                00196F RLA    __tz                      002C78 RLA    
_bgcolor                  001AEE RLA    _cbm_k_bsout              00FFD2 RLA    
_cbm_k_load               001A11 RLA    _cbm_k_setlfs             001A2E RLA    
_cbm_k_setnam             001A3C RLA    _cgetc                    001A66 RLA    
_clock_gettime            001C5F RLA    _clrscr                   001ACA RLA    
_cprintf                  001B11 RLA    _cputc                    001B40 RLA    
_cputcxy                  001B3B RLA    _cputsxy                  001B9A RLA    
_div                      001C4A RLA    _gotoxy                   001CAE RLA    
_kbhit                    001D43 RLA    _ltoa                     001E7F RLA    
_main                     000AA3 RLA    _map_calculate            001223 RLA    
_map_east                 0011B5 RLA    _map_frame_draw           0010B2 RLA    
_map_init                 00109B RLA    _map_north                00117F RLA    
_map_region               0013F3 RLA    _map_south                001147 RLA    
_map_west                 0011ED RLA    _memcpy                   001F88 RLA    
_menus_init               0014CB RLA    _mktime                   001FC4 RLA    
_revers                   002509 RLA    _setBank                  00108C RLA    
_sprintf                  002571 RLA    _sprite_define            000AFE RLA    
_sprite_horiz_flip        000E25 RLA    _sprite_horiz_unflip      000E56 RLA    
_srand                    0024B5 RLA    _strlen                   002602 RLA    
_strlower                 002618 RLA    _textcolor                001ADB RLA    
_theDate                  000EC6 RLA    _time                     00263F RLA    
_ultoa                    001EBE RLA    _vcprintf                 002737 RLA    
_vera_sprites_enable      00259C RLA    _vsprintf                 002841 RLA    
addeq0sp                  001990 RLA    addysp                    0019A2 RLA    
addysp1                   0019A1 RLA    aslax1                    0019AF RLA    
aslax3                    0019C2 RLA    aslax4                    0019D0 RLA    
asrax1                    0019E1 RLA    asrax4                    0019EB RLA    
axlong                    001A04 RLA    axulong                   001A0A RLA    
callmain                  001A4F RLA    ctypemaskdirect           001BC1 RLA    
cursor                    002CF7 RLA    decax1                    001BDB RLA    
decaxy                    001BE2 RLA    decsp1                    001BEB RLA    
decsp2                    001BF4 RLA    decsp3                    001C01 RLA    
decsp4                    001C0E RLA    decsp6                    001C1B RLA    
decsp7                    001C28 RLA    donelib                   001B05 RLA    
getlop                    001F09 RLA    gotoxy                    001CAB RLA    
incax2                    001CE8 RLA    incax3                    001CEF RLA    
incax4                    001D03 RLA    incax5                    001CF4 RLA    
incax6                    001CF9 RLA    incax7                    001CFE RLA    
incaxy                    001D05 RLA    incsp1                    001D0E RLA    
incsp2                    001D1C RLA    incsp3                    001D2A RLA    
incsp4                    001D2F RLA    incsp5                    001D34 RLA    
incsp6                    001D39 RLA    incsp7                    001D3E RLA    
initlib                   002CAB RLA    ldaidx                    001D75 RLA    
ldax0sp                   001D8E RLA    ldaxi                     001D81 RLA    
ldaxidx                   001D83 RLA    ldaxysp                   001D90 RLA    
ldeaxi                    001D97 RLA    load_jiffy                002682 RLA    
mul8x16                   0023F3 RLA    mul8x16a                  0023FD RLA    
negax                     00242F RLA    negeax                    001E07 RLA    
plot                      001B6C RLA    popa                      00243D RLA    
popax                     001D15 RLA    popptr1                   002447 RLA    
popsargsudiv16            00251C RLA    ptr1                      00002A RLZ    
ptr2                      00002C RLZ    ptr3                      00002E RLZ    
ptr4                      000030 RLZ    push1                     002455 RLA    
pusha                     00245E RLA    pusha0                    002472 RLA    
pushax                    002474 RLA    pusheax                   001E2C RLA    
pushw                     00248A RLA    pushw0sp                  002499 RLA    
regbank                   000036 RLZ    regswap2                  0024EF RLA    
return0                   002505 RLA    shlax2                    0019B7 RLA    
shlax3                    0019C2 RLA    shlax4                    0019D0 RLA    
shrax1                    00253C RLA    shrax2                    002544 RLA    
shrax4                    00254F RLA    shreax4                   002560 RLA    
sp                        000022 RLZ    sreg                      000024 RLZ    
stax0sp                   0025BB RLA    staxspidx                 0025C6 RLA    
staxysp                   0025BD RLA    steaxspidx                0025E0 RLA    
tmp1                      000032 RLZ    tmp2                      000033 RLZ    
tmp3                      000034 RLZ    tmp4                      000035 RLZ    
tosadda0                  001978 RLA    tosaddeax                 001D57 RLA    
tosdiva0                  001C35 RLA    tosdivax                  001C37 RLA    
tosicmp                   001CBC RLA    tosmoda0                  00239B RLA    
tosmul0ax                 001DAE RLA    tossubeax                 001E47 RLA    
tosudiv0ax                001EFA RLA    tosudiveax                001EFE RLA    
tosumod0ax                001F71 RLA    tosumoda0                 0026DE RLA    
tosumodax                 0026E0 RLA    tosumul0ax                001DAE RLA    
tosumula0                 0023F1 RLA    tosumulax                 0023AC RLA    
tosumuleax                001DB2 RLA    udiv16                    0026A0 RLA    
udiv32                    001F2C RLA    vsnprintf                 00276A RLA    
zerobss                   002853 RLA    


Exports list by value:
----------------------
__CONSTRUCTOR_COUNT__     000000 REA    __DESTRUCTOR_COUNT__      000000 REA    
__STARTUP__               000001 REA    __LOADADDR__              000001 REA    
__EXEHDR__                000001 REA    sp                        000022 RLZ    
sreg                      000024 RLZ    ptr1                      00002A RLZ    
ptr2                      00002C RLZ    ptr3                      00002E RLZ    
ptr4                      000030 RLZ    tmp1                      000032 RLZ    
tmp2                      000033 RLZ    tmp3                      000034 RLZ    
tmp4                      000035 RLZ    regbank                   000036 RLZ    
__BSS_SIZE__              000085 REA    __STACKSIZE__             000800 REA    
__MAIN_START__            00080D RLA    __HEADER_LAST__           00080D RLA    
_main                     000AA3 RLA    _sprite_define            000AFE RLA    
_sprite_horiz_flip        000E25 RLA    _sprite_horiz_unflip      000E56 RLA    
_theDate                  000EC6 RLA    _setBank                  00108C RLA    
_map_init                 00109B RLA    _map_frame_draw           0010B2 RLA    
_map_south                001147 RLA    _map_north                00117F RLA    
_map_east                 0011B5 RLA    _map_west                 0011ED RLA    
_map_calculate            001223 RLA    _map_region               0013F3 RLA    
_menus_init               0014CB RLA    __directerrno             0015C1 RLA    
__printf                  0016BD RLA    __seterrno                00196F RLA    
tosadda0                  001978 RLA    addeq0sp                  001990 RLA    
addysp1                   0019A1 RLA    addysp                    0019A2 RLA    
aslax1                    0019AF RLA    shlax2                    0019B7 RLA    
shlax3                    0019C2 RLA    aslax3                    0019C2 RLA    
shlax4                    0019D0 RLA    aslax4                    0019D0 RLA    
asrax1                    0019E1 RLA    asrax4                    0019EB RLA    
axlong                    001A04 RLA    axulong                   001A0A RLA    
_cbm_k_load               001A11 RLA    _cbm_k_setlfs             001A2E RLA    
_cbm_k_setnam             001A3C RLA    callmain                  001A4F RLA    
_cgetc                    001A66 RLA    _clrscr                   001ACA RLA    
_textcolor                001ADB RLA    _bgcolor                  001AEE RLA    
donelib                   001B05 RLA    _cprintf                  001B11 RLA    
_cputcxy                  001B3B RLA    _cputc                    001B40 RLA    
plot                      001B6C RLA    _cputsxy                  001B9A RLA    
ctypemaskdirect           001BC1 RLA    decax1                    001BDB RLA    
decaxy                    001BE2 RLA    decsp1                    001BEB RLA    
decsp2                    001BF4 RLA    decsp3                    001C01 RLA    
decsp4                    001C0E RLA    decsp6                    001C1B RLA    
decsp7                    001C28 RLA    tosdiva0                  001C35 RLA    
tosdivax                  001C37 RLA    _div                      001C4A RLA    
_clock_gettime            001C5F RLA    gotoxy                    001CAB RLA    
_gotoxy                   001CAE RLA    tosicmp                   001CBC RLA    
incax2                    001CE8 RLA    incax3                    001CEF RLA    
incax5                    001CF4 RLA    incax6                    001CF9 RLA    
incax7                    001CFE RLA    incax4                    001D03 RLA    
incaxy                    001D05 RLA    incsp1                    001D0E RLA    
popax                     001D15 RLA    incsp2                    001D1C RLA    
incsp3                    001D2A RLA    incsp4                    001D2F RLA    
incsp5                    001D34 RLA    incsp6                    001D39 RLA    
incsp7                    001D3E RLA    _kbhit                    001D43 RLA    
tosaddeax                 001D57 RLA    ldaidx                    001D75 RLA    
ldaxi                     001D81 RLA    ldaxidx                   001D83 RLA    
ldax0sp                   001D8E RLA    ldaxysp                   001D90 RLA    
ldeaxi                    001D97 RLA    tosumul0ax                001DAE RLA    
tosmul0ax                 001DAE RLA    tosumuleax                001DB2 RLA    
negeax                    001E07 RLA    pusheax                   001E2C RLA    
tossubeax                 001E47 RLA    _ltoa                     001E7F RLA    
_ultoa                    001EBE RLA    tosudiv0ax                001EFA RLA    
tosudiveax                001EFE RLA    getlop                    001F09 RLA    
udiv32                    001F2C RLA    tosumod0ax                001F71 RLA    
_memcpy                   001F88 RLA    _mktime                   001FC4 RLA    
tosmoda0                  00239B RLA    tosumulax                 0023AC RLA    
tosumula0                 0023F1 RLA    mul8x16                   0023F3 RLA    
mul8x16a                  0023FD RLA    negax                     00242F RLA    
popa                      00243D RLA    popptr1                   002447 RLA    
push1                     002455 RLA    pusha                     00245E RLA    
pusha0                    002472 RLA    pushax                    002474 RLA    
pushw                     00248A RLA    pushw0sp                  002499 RLA    
_srand                    0024B5 RLA    __randomize               0024E9 RLA    
regswap2                  0024EF RLA    return0                   002505 RLA    
_revers                   002509 RLA    popsargsudiv16            00251C RLA    
shrax1                    00253C RLA    shrax2                    002544 RLA    
shrax4                    00254F RLA    shreax4                   002560 RLA    
_sprintf                  002571 RLA    _vera_sprites_enable      00259C RLA    
stax0sp                   0025BB RLA    staxysp                   0025BD RLA    
staxspidx                 0025C6 RLA    steaxspidx                0025E0 RLA    
_strlen                   002602 RLA    _strlower                 002618 RLA    
_time                     00263F RLA    load_jiffy                002682 RLA    
udiv16                    0026A0 RLA    tosumoda0                 0026DE RLA    
tosumodax                 0026E0 RLA    _vcprintf                 002737 RLA    
vsnprintf                 00276A RLA    _vsprintf                 002841 RLA    
zerobss                   002853 RLA    __hextab                  002A9F RLA    
__longminstr              002AAF RLA    __ctype                   002AC3 RLA    
__ctypeidx                002ACE RLA    __DESTRUCTOR_TABLE__      002B7C RLA    
__tz                      002C78 RLA    TM                        002C87 RLA    
initlib                   002CAB RLA    __ONCE_RUN__              002CAB RLA    
__BSS_RUN__               002CAB RLA    __CONSTRUCTOR_TABLE__     002CDA RLA    
cursor                    002CF7 RLA    __oserror                 002CF8 RLA    
__errno                   002D25 RLA    __MAIN_SIZE__             0096F3 REA    
__HIMEM__                 009F00 REA    ENTROPY_GET               00FECF RLA    
CLOCK_GET_DATE_TIME       00FF50 RLA    SETLFS                    00FFBA RLA    
SETNAM                    00FFBD RLA    CHROUT                    00FFD2 RLA    
_cbm_k_bsout              00FFD2 RLA    BSOUT                     00FFD2 RLA    
LOAD                      00FFD5 RLA    GETIN                     00FFE4 RLA    
PLOT                      00FFF0 RLA    


Imports list:
-------------
BSOUT (kernal.o):
    c_bsout.o                 cbm/cbm.inc:49
CHROUT (kernal.o):
    crt0.o                    cx16/crt0.s:10
    clrscr.o                  cx16/clrscr.s:10
    c_bsout.o                 cbm/cbm.inc:50
CLOCK_GET_DATE_TIME (kernal.o):
    gettime.o                 cx16/gettime.s:12
ENTROPY_GET (kernal.o):
    randomize.o               cx16/randomize.s:10
GETIN (kernal.o):
    cgetc.o                   cx16/cgetc.s:10
LOAD (kernal.o):
    c_load.o                  cbm/cbm.inc:37
PLOT (kernal.o):
    cputc.o                   cx16/cputc.s:11
SETLFS (kernal.o):
    c_setlfs.o                cbm/cbm.inc:33
SETNAM (kernal.o):
    c_setnam.o                cbm/cbm.inc:34
TM (tmcommon.o):
    gettime.o                 cx16/gettime.s:11
__BSS_RUN__ ([linker generated]):
    zerobss.o                 common/zerobss.s:8
__BSS_SIZE__ ([linker generated]):
    zerobss.o                 common/zerobss.s:8
__CONSTRUCTOR_COUNT__ ([linker generated]):
    condes.o                  runtime/condes.s:18
__CONSTRUCTOR_TABLE__ ([linker generated]):
    condes.o                  runtime/condes.s:18
__DESTRUCTOR_COUNT__ ([linker generated]):
    condes.o                  runtime/condes.s:19
__DESTRUCTOR_TABLE__ ([linker generated]):
    condes.o                  runtime/condes.s:19
__EXEHDR__ (exehdr.o):
    [linker generated]        /Users/rje/git/cc65/cfg/cx16.cfg:6
__HEADER_LAST__ ([linker generated]):
    [linker generated]        /Users/rje/git/cc65/cfg/cx16.cfg:14
    [linker generated]        /Users/rje/git/cc65/cfg/cx16.cfg:14
__HIMEM__ ([linker generated]):
    [linker generated]        /Users/rje/git/cc65/cfg/cx16.cfg:15
    [linker generated]        /Users/rje/git/cc65/cfg/cx16.cfg:14
__LOADADDR__ (loadaddr.o):
    [linker generated]        /Users/rje/git/cc65/cfg/cx16.cfg:5
__MAIN_SIZE__ ([linker generated]):
    crt0.o                    cx16/crt0.s:11
__MAIN_START__ ([linker generated]):
    crt0.o                    cx16/crt0.s:11
__ONCE_RUN__ ([linker generated]):
    [linker generated]        /Users/rje/git/cc65/cfg/cx16.cfg:15
    [linker generated]        /Users/rje/git/cc65/cfg/cx16.cfg:15
__STACKSIZE__ ([linker generated]):
    [linker generated]        /Users/rje/git/cc65/cfg/cx16.cfg:15
__STARTUP__ (crt0.o):
    main.o                    main.s:13
__ctype (ctype.o):
    ctypemask.o               common/ctypemask.s:23
__ctypeidx (ctype.o):
    ctypemask.o               common/ctypemask.s:24
__directerrno (_directerrno.o):
    vsnprintf.o               /Users/rje/git/cc65/asminc/errno.inc:10
__errno (errno.o):
    _seterrno.o               /Users/rje/git/cc65/asminc/errno.inc:7
__hextab (_hextab.o):
    ltoa.o                    common/ltoa.s:10
__longminstr (_longminstr.o):
    ltoa.o                    common/ltoa.s:10
__oserror (_oserror.o):
    _directerrno.o            /Users/rje/git/cc65/asminc/errno.inc:7
    c_load.o                  cbm/c_load.s:10
__printf (_printf.o):
    vsnprintf.o               common/vsnprintf.s:10
    vcprintf.o                conio/vcprintf.s:9
__randomize (randomize.o):
    main.o                    main.s:25
__seterrno (_seterrno.o):
    _directerrno.o            /Users/rje/git/cc65/asminc/errno.inc:9
__tz (timezone.o):
    mktime.o                  ../libwrk/cx16/mktime.s:14
_bgcolor (color.o):
    main.o                    main.s:24
_cbm_k_bsout (c_bsout.o):
    main.o                    main.s:15
_cbm_k_load (c_load.o):
    main.o                    main.s:16
_cbm_k_setlfs (c_setlfs.o):
    main.o                    main.s:17
_cbm_k_setnam (c_setnam.o):
    main.o                    main.s:18
_cgetc (cgetc.o):
    map.o                     map.s:18
    main.o                    main.s:23
_clock_gettime (gettime.o):
    time.o                    /Users/rje/git/cc65/asminc/time.inc:65
_clrscr (clrscr.o):
    map.o                     map.s:13
    main.o                    main.s:19
_cprintf (cprintf.o):
    map.o                     map.s:17
    main.o                    main.s:22
_cputc (cputc.o):
    vcprintf.o                conio/vcprintf.s:9
    cputs.o                   conio/cputs.s:9
_cputcxy (cputc.o):
    map.o                     map.s:15
_cputsxy (cputs.o):
    menus.o                   menus.s:13
    map.o                     map.s:16
    main.o                    main.s:21
_div (divt.o):
    mktime.o                  ../libwrk/cx16/mktime.s:13
_gotoxy (gotoxy.o):
    map.o                     map.s:14
_kbhit (kbhit.o):
    cgetc.o                   cx16/cgetc.s:10
    main.o                    main.s:20
_ltoa (ltoa.o):
    _printf.o                 common/_printf.s:12
_main (main.o):
    callmain.o                runtime/callmain.s:11
_map_calculate (map.o):
    main.o                    main.s:36
_map_east (map.o):
    main.o                    main.s:34
_map_frame_draw (map.o):
    main.o                    main.s:31
_map_init (map.o):
    main.o                    main.s:30
_map_north (map.o):
    main.o                    main.s:33
_map_region (map.o):
    main.o                    main.s:37
_map_south (map.o):
    main.o                    main.s:32
_map_west (map.o):
    main.o                    main.s:35
_memcpy (memcpy.o):
    vsnprintf.o               common/vsnprintf.s:10
_menus_init (menus.o):
    main.o                    main.s:39
_mktime (mktime.o):
    gettime.o                 /Users/rje/git/cc65/asminc/time.inc:68
_revers (revers.o):
    map.o                     map.s:19
_setBank (common.o):
    main.o                    main.s:26
_sprintf (sprintf.o):
    calendar.o                calendar.s:13
_sprite_define (sprite.o):
    map.o                     map.s:29
    main.o                    main.s:27
_sprite_horiz_flip (sprite.o):
    main.o                    main.s:28
_sprite_horiz_unflip (sprite.o):
    main.o                    main.s:29
_srand (rand.o):
    randomize.o               cx16/randomize.s:10
_strlen (strlen.o):
    _printf.o                 common/_printf.s:13
_strlower (strlower.o):
    _printf.o                 common/_printf.s:13
_textcolor (color.o):
    map.o                     map.s:20
_theDate (calendar.o):
    main.o                    main.s:38
_time (time.o):
    calendar.o                calendar.s:14
_ultoa (ltoa.o):
    _printf.o                 common/_printf.s:12
_vcprintf (vcprintf.o):
    cprintf.o                 conio/cprintf.s:8
_vera_sprites_enable (sprites_enable.o):
    main.o                    main.s:14
_vsprintf (vsprintf.o):
    sprintf.o                 common/sprintf.s:8
addeq0sp (addeqsp.o):
    sprite.o                  sprite.s:560
addysp (addysp.o):
    incsp6.o                  runtime/incsp6.s:8
    mktime.o                  ../libwrk/cx16/mktime.s:618
    sprintf.o                 common/sprintf.s:8
    incsp7.o                  runtime/incsp7.s:8
    incsp5.o                  runtime/incsp5.s:8
    incsp4.o                  runtime/incsp4.s:8
    incsp3.o                  runtime/incsp3.s:8
    cprintf.o                 conio/cprintf.s:8
addysp1 (addysp.o):
    lsub.o                    runtime/lsub.s:11
    ladd.o                    runtime/ladd.s:8
    lmul.o                    runtime/lmul.s:9
    ludiv.o                   runtime/ludiv.s:9
aslax1 (aslax1.o):
    mktime.o                  ../libwrk/cx16/mktime.s:618
    PSG.o                     PSG.s:160
    map.o                     map.s:672
aslax3 (aslax3.o):
    sprite.o                  sprite.s:560
    sprite.o                  sprite.s:560
    sprite.o                  sprite.s:560
    sprite.o                  sprite.s:560
    sprite.o                  sprite.s:560
aslax4 (aslax4.o):
    map.o                     map.s:672
asrax1 (asrax1.o):
    sprite.o                  sprite.s:560
    sprite.o                  sprite.s:560
    sprite.o                  sprite.s:560
asrax4 (asrax4.o):
    sprite.o                  sprite.s:560
    sprite.o                  sprite.s:560
    sprite.o                  sprite.s:560
axlong (axlong.o):
    _printf.o                 common/_printf.s:11
axulong (axlong.o):
    mktime.o                  ../libwrk/cx16/mktime.s:618
    _printf.o                 common/_printf.s:11
callmain (callmain.o):
    crt0.o                    cx16/crt0.s:9
ctypemaskdirect (ctypemask.o):
    strlower.o                common/strlower.s:14
cursor (_cursor.o):
    cgetc.o                   cx16/cgetc.s:10
decax1 (decax1.o):
    mktime.o                  ../libwrk/cx16/mktime.s:618
decaxy (decaxy.o):
    mktime.o                  ../libwrk/cx16/mktime.s:618
    map.o                     map.s:672
decsp1 (decsp1.o):
    time.o                    common/time.s:9
    main.o                    main.s:456
decsp2 (decsp2.o):
    map.o                     map.s:672
decsp3 (decsp3.o):
    calendar.o                calendar.s:378
decsp4 (decsp4.o):
    mktime.o                  ../libwrk/cx16/mktime.s:618
    sprintf.o                 common/sprintf.s:8
    lpush.o                   runtime/lpush.s:12
    calendar.o                calendar.s:378
decsp6 (decsp6.o):
    _printf.o                 common/_printf.s:11
    map.o                     map.s:672
decsp7 (decsp7.o):
    map.o                     map.s:672
donelib (condes.o):
    crt0.o                    cx16/crt0.s:8
getlop (ludiv.o):
    lumod.o                   runtime/lumod.s:9
gotoxy (gotoxy.o):
    cputs.o                   conio/cputs.s:9
    cputc.o                   cx16/cputc.s:11
incax2 (incax2.o):
    sprite.o                  sprite.s:560
    sprite.o                  sprite.s:560
incax3 (incax3.o):
    sprite.o                  sprite.s:560
incax4 (incaxy.o):
    mktime.o                  ../libwrk/cx16/mktime.s:618
    sprite.o                  sprite.s:560
incax5 (incax5.o):
    sprite.o                  sprite.s:560
incax6 (incax6.o):
    sprite.o                  sprite.s:560
    sprite.o                  sprite.s:560
    sprite.o                  sprite.s:560
incax7 (incax7.o):
    sprite.o                  sprite.s:560
incaxy (incaxy.o):
    incax7.o                  runtime/incax7.s:8
    incax6.o                  runtime/incax6.s:8
    incax5.o                  runtime/incax5.s:8
    incax3.o                  runtime/incax3.s:8
    PSG.o                     PSG.s:160
    map.o                     map.s:672
    map.o                     map.s:672
    map.o                     map.s:672
incsp1 (incsp1.o):
    gettime.o                 cx16/gettime.s:10
    map.o                     map.s:672
    map.o                     map.s:672
    map.o                     map.s:672
    map.o                     map.s:672
    common.o                  common.s:33
    sprite.o                  sprite.s:560
    sprite.o                  sprite.s:560
    main.o                    main.s:456
incsp2 (incsp2.o):
    vsnprintf.o               common/vsnprintf.s:9
    staxspi.o                 runtime/staxspi.s:9
    popptr1.o                 runtime/popptr1.s:8
    mktime.o                  ../libwrk/cx16/mktime.s:618
    PSG.o                     PSG.s:160
    map.o                     map.s:672
    sprite.o                  sprite.s:560
incsp3 (incsp3.o):
    calendar.o                calendar.s:378
    sprite.o                  sprite.s:560
    sprite.o                  sprite.s:560
    sprite.o                  sprite.s:560
incsp4 (incsp4.o):
    PSG.o                     PSG.s:160
    calendar.o                calendar.s:378
    main.o                    main.s:456
incsp5 (incsp5.o):
    sprite.o                  sprite.s:560
incsp6 (incsp6.o):
    vsnprintf.o               common/vsnprintf.s:9
incsp7 (incsp7.o):
    map.o                     map.s:672
    map.o                     map.s:672
initlib (condes.o):
    crt0.o                    cx16/crt0.s:8
ldaidx (ldai.o):
    sprite.o                  sprite.s:560
    sprite.o                  sprite.s:560
ldax0sp (ldaxsp.o):
    mktime.o                  ../libwrk/cx16/mktime.s:618
    PSG.o                     PSG.s:160
    PSG.o                     PSG.s:160
    sprite.o                  sprite.s:560
    sprite.o                  sprite.s:560
    sprite.o                  sprite.s:560
    sprite.o                  sprite.s:560
    sprite.o                  sprite.s:560
ldaxi (ldaxi.o):
    mktime.o                  ../libwrk/cx16/mktime.s:618
    PSG.o                     PSG.s:160
    PSG.o                     PSG.s:160
    sprite.o                  sprite.s:560
    sprite.o                  sprite.s:560
    sprite.o                  sprite.s:560
    sprite.o                  sprite.s:560
ldaxidx (ldaxi.o):
    PSG.o                     PSG.s:160
    sprite.o                  sprite.s:560
    sprite.o                  sprite.s:560
    sprite.o                  sprite.s:560
ldaxysp (ldaxsp.o):
    vsnprintf.o               common/vsnprintf.s:9
    mktime.o                  ../libwrk/cx16/mktime.s:618
    PSG.o                     PSG.s:160
    sprite.o                  sprite.s:560
    main.o                    main.s:456
ldeaxi (ldeaxi.o):
    time.o                    common/time.s:9
load_jiffy (tmcommon.o):
    gettime.o                 cx16/gettime.s:11
mul8x16 (mul8.o):
    mul.o                     runtime/mul.s:8
mul8x16a (mul8.o):
    mul.o                     runtime/mul.s:8
negax (negabs.o):
    divt.o                    common/divt.s:17
    shelp.o                   runtime/shelp.s:11
    mod.o                     runtime/mod.s:11
    div.o                     runtime/div.s:11
    main.o                    main.s:456
negeax (lneg.o):
    ltoa.o                    common/ltoa.s:9
plot (cputc.o):
    gotoxy.o                  cx16/gotoxy.s:9
popa (popa.o):
    gotoxy.o                  cx16/gotoxy.s:9
    c_setlfs.o                cbm/c_setlfs.s:12
    c_load.o                  cbm/c_load.s:11
popax (incsp2.o):
    memcpy.o                  common/memcpy.s:14
    vsnprintf.o               common/vsnprintf.s:9
    ltoa.o                    common/ltoa.s:9
    _printf.o                 common/_printf.s:11
    vcprintf.o                conio/vcprintf.s:8
    shelp.o                   runtime/shelp.s:11
popptr1 (popptr1.o):
    memcpy.o                  common/memcpy.s:14
    umod.o                    runtime/umod.s:8
    steaxspi.o                runtime/steaxspi.s:9
    mul8.o                    runtime/mul8.s:9
    mul.o                     runtime/mul.s:9
    ltoa.o                    common/ltoa.s:9
    vcprintf.o                conio/vcprintf.s:8
    udiv.o                    runtime/udiv.s:9
popsargsudiv16 (shelp.o):
    mod.o                     runtime/mod.s:11
    div.o                     runtime/div.s:11
ptr1 (zeropage.o):
    memcpy.o                  common/memcpy.s:15
    vsnprintf.o               common/vsnprintf.s:11
    strlower.o                common/strlower.s:13
    steaxspi.o                runtime/steaxspi.s:10
    staxspi.o                 runtime/staxspi.s:10
    popptr1.o                 runtime/popptr1.s:9
    mul8.o                    runtime/mul8.s:10
    mul.o                     runtime/mul.s:10
    mktime.o                  ../libwrk/cx16/mktime.s:11
    ltoa.o                    common/ltoa.s:11
    lmul.o                    runtime/lmul.s:10
    ldeaxi.o                  runtime/ldeaxi.s:8
    _printf.o                 /Users/rje/git/cc65/asminc/zeropage.inc:12
    zerobss.o                 common/zerobss.s:9
    vcprintf.o                conio/vcprintf.s:10
    udiv.o                    runtime/udiv.s:10
    time.o                    common/time.s:10
    sprintf.o                 common/sprintf.s:9
    shelp.o                   runtime/shelp.s:12
    pushw.o                   runtime/pushw.s:9
    ludiv.o                   runtime/ludiv.s:10
    ldaxi.o                   runtime/ldaxi.s:8
    ldai.o                    runtime/ldai.s:8
    div.o                     runtime/div.s:12
    cputs.o                   conio/cputs.s:10
    cprintf.o                 conio/cprintf.s:9
    c_setnam.o                cbm/c_setnam.s:10
    c_load.o                  cbm/c_load.s:12
    PSG.o                     PSG.s:11
    map.o                     map.s:11
    sprite.o                  sprite.s:11
    main.o                    main.s:11
ptr2 (zeropage.o):
    memcpy.o                  common/memcpy.s:15
    strlower.o                common/strlower.s:13
    strlen.o                  common/strlen.s:12
    ltoa.o                    common/ltoa.s:11
    _printf.o                 /Users/rje/git/cc65/asminc/zeropage.inc:12
    vcprintf.o                conio/vcprintf.s:10
    lumod.o                   runtime/lumod.s:10
    ludiv.o                   runtime/ludiv.s:10
    sprite.o                  sprite.s:11
ptr3 (zeropage.o):
    memcpy.o                  common/memcpy.s:15
    ltoa.o                    common/ltoa.s:11
    lmul.o                    runtime/lmul.s:10
    vcprintf.o                conio/vcprintf.s:10
    ludiv.o                   runtime/ludiv.s:10
ptr4 (zeropage.o):
    umod.o                    runtime/umod.s:9
    mul8.o                    runtime/mul8.s:10
    mul.o                     runtime/mul.s:10
    lmul.o                    runtime/lmul.s:10
    udiv.o                    runtime/udiv.s:10
    shelp.o                   runtime/shelp.s:12
    ludiv.o                   runtime/ludiv.s:10
push1 (push1.o):
    _printf.o                 common/_printf.s:11
pusha (pusha.o):
    menus.o                   menus.s:85
    map.o                     map.s:672
    map.o                     map.s:672
    map.o                     map.s:672
    map.o                     map.s:672
    map.o                     map.s:672
    map.o                     map.s:672
    map.o                     map.s:672
    common.o                  common.s:33
    sprite.o                  sprite.s:560
    sprite.o                  sprite.s:560
    main.o                    main.s:456
    main.o                    main.s:456
    main.o                    main.s:456
    main.o                    main.s:456
pusha0 (pushax.o):
    push1.o                   runtime/push1.s:8
    map.o                     map.s:672
    calendar.o                calendar.s:378
pushax (pushax.o):
    mktime.o                  ../libwrk/cx16/mktime.s:618
    mktime.o                  ../libwrk/cx16/mktime.s:618
    gettime.o                 cx16/gettime.s:10
    callmain.o                runtime/callmain.s:11
    _printf.o                 common/_printf.s:11
    vcprintf.o                conio/vcprintf.s:8
    pushw.o                   runtime/pushw.s:8
    cprintf.o                 conio/cprintf.s:8
    PSG.o                     PSG.s:160
    PSG.o                     PSG.s:160
    map.o                     map.s:672
    calendar.o                calendar.s:378
    calendar.o                calendar.s:378
    sprite.o                  sprite.s:560
    sprite.o                  sprite.s:560
    sprite.o                  sprite.s:560
    sprite.o                  sprite.s:560
    sprite.o                  sprite.s:560
    main.o                    main.s:456
    main.o                    main.s:456
    main.o                    main.s:456
    main.o                    main.s:456
pusheax (lpush.o):
    mktime.o                  ../libwrk/cx16/mktime.s:618
    gettime.o                 cx16/gettime.s:10
    _printf.o                 common/_printf.s:11
    calendar.o                calendar.s:378
    calendar.o                calendar.s:378
pushw (pushw.o):
    calendar.o                calendar.s:378
pushw0sp (pushwsp.o):
    mktime.o                  ../libwrk/cx16/mktime.s:618
    vsprintf.o                common/vsprintf.s:8
regbank (zeropage.o):
    regswap2.o                runtime/regswap2.s:8
    mktime.o                  ../libwrk/cx16/mktime.s:10
    _printf.o                 /Users/rje/git/cc65/asminc/zeropage.inc:14
regswap2 (regswap2.o):
    mktime.o                  ../libwrk/cx16/mktime.s:618
return0 (return0.o):
    gettime.o                 cx16/gettime.s:10
shlax2 (aslax2.o):
    map.o                     map.s:672
shlax3 (aslax3.o):
    sprite.o                  sprite.s:560
shlax4 (aslax4.o):
    PSG.o                     PSG.s:160
    map.o                     map.s:672
shrax1 (shrax1.o):
    sprite.o                  sprite.s:560
    sprite.o                  sprite.s:560
    sprite.o                  sprite.s:560
shrax2 (shrax2.o):
    mktime.o                  ../libwrk/cx16/mktime.s:618
    PSG.o                     PSG.s:160
shrax4 (shrax4.o):
    PSG.o                     PSG.s:160
    sprite.o                  sprite.s:560
    sprite.o                  sprite.s:560
    sprite.o                  sprite.s:560
shreax4 (shreax4.o):
    calendar.o                calendar.s:378
sp (zeropage.o):
    memcpy.o                  common/memcpy.s:15
    lsub.o                    runtime/lsub.s:12
    ladd.o                    runtime/ladd.s:9
    vsnprintf.o               common/vsnprintf.s:11
    staxspi.o                 runtime/staxspi.s:10
    staxsp.o                  runtime/staxsp.s:8
    regswap2.o                runtime/regswap2.s:8
    pushwsp.o                 runtime/pushwsp.s:8
    popptr1.o                 runtime/popptr1.s:9
    mktime.o                  ../libwrk/cx16/mktime.s:10
    lmul.o                    runtime/lmul.s:10
    addysp.o                  runtime/addysp.s:8
    _printf.o                 /Users/rje/git/cc65/asminc/zeropage.inc:11
    vcprintf.o                conio/vcprintf.s:10
    sprintf.o                 common/sprintf.s:9
    pushax.o                  runtime/pushax.s:8
    pusha.o                   runtime/pusha.s:8
    popa.o                    runtime/popa.s:8
    ludiv.o                   runtime/ludiv.s:10
    lpush.o                   runtime/lpush.s:13
    ldaxsp.o                  runtime/ldaxsp.s:8
    incsp2.o                  runtime/incsp2.s:8
    incsp1.o                  runtime/incsp1.s:8
    icmp.o                    runtime/icmp.s:9
    decsp7.o                  runtime/decsp7.s:8
    decsp6.o                  runtime/decsp6.s:8
    decsp4.o                  runtime/decsp4.s:8
    decsp3.o                  runtime/decsp3.s:8
    decsp2.o                  runtime/decsp2.s:8
    decsp1.o                  runtime/decsp1.s:8
    crt0.o                    /Users/rje/git/cc65/asminc/zeropage.inc:11
    cprintf.o                 conio/cprintf.s:9
    addeqsp.o                 runtime/addeqsp.s:8
    add.o                     runtime/add.s:12
    map.o                     map.s:10
    common.o                  common.s:10
    calendar.o                calendar.s:10
    sprite.o                  sprite.s:10
    main.o                    main.s:10
sreg (zeropage.o):
    lsub.o                    runtime/lsub.s:12
    lneg.o                    runtime/lneg.s:11
    ladd.o                    runtime/ladd.s:9
    divt.o                    common/divt.s:18
    umod.o                    runtime/umod.s:9
    tmcommon.o                cx16/tmcommon.s:9
    steaxspi.o                runtime/steaxspi.s:10
    mktime.o                  ../libwrk/cx16/mktime.s:10
    ltoa.o                    common/ltoa.s:11
    lmul.o                    runtime/lmul.s:10
    ldeaxi.o                  runtime/ldeaxi.s:8
    axlong.o                  runtime/axlong.s:9
    _printf.o                 /Users/rje/git/cc65/asminc/zeropage.inc:11
    udiv.o                    runtime/udiv.s:10
    time.o                    common/time.s:10
    shreax4.o                 runtime/shreax4.s:8
    mod.o                     runtime/mod.s:12
    lumod.o                   runtime/lumod.s:10
    ludiv.o                   runtime/ludiv.s:10
    lpush.o                   runtime/lpush.s:13
    icmp.o                    runtime/icmp.s:9
    PSG.o                     PSG.s:10
    calendar.o                calendar.s:10
    sprite.o                  sprite.s:10
stax0sp (staxsp.o):
    mktime.o                  ../libwrk/cx16/mktime.s:618
staxspidx (staxspi.o):
    mktime.o                  ../libwrk/cx16/mktime.s:618
staxysp (staxsp.o):
    mktime.o                  ../libwrk/cx16/mktime.s:618
    vsprintf.o                common/vsprintf.s:8
steaxspidx (steaxspi.o):
    gettime.o                 cx16/gettime.s:10
tmp1 (zeropage.o):
    ladd.o                    runtime/ladd.s:9
    divt.o                    common/divt.s:18
    steaxspi.o                runtime/steaxspi.s:10
    staxspi.o                 runtime/staxspi.s:10
    mul.o                     runtime/mul.s:10
    mktime.o                  ../libwrk/cx16/mktime.s:11
    ltoa.o                    common/ltoa.s:11
    _printf.o                 /Users/rje/git/cc65/asminc/zeropage.inc:13
    vcprintf.o                conio/vcprintf.s:10
    time.o                    common/time.s:10
    shreax4.o                 runtime/shreax4.s:8
    shrax4.o                  runtime/shrax4.s:8
    shrax2.o                  runtime/shrax2.s:8
    shrax1.o                  runtime/shrax1.s:8
    shelp.o                   runtime/shelp.s:12
    mod.o                     runtime/mod.s:12
    incaxy.o                  runtime/incaxy.s:8
    div.o                     runtime/div.s:12
    decaxy.o                  runtime/decaxy.s:8
    cputs.o                   conio/cputs.s:10
    color.o                   cx16/color.s:11
    c_setlfs.o                cbm/c_setlfs.s:13
    asrax4.o                  runtime/asrax4.s:9
    asrax1.o                  runtime/asrax1.s:8
    aslax4.o                  runtime/aslax4.s:8
    aslax3.o                  runtime/aslax3.s:8
    aslax2.o                  runtime/aslax2.s:8
    aslax1.o                  runtime/aslax1.s:8
tmp2 (zeropage.o):
    steaxspi.o                runtime/steaxspi.s:10
    lmul.o                    runtime/lmul.s:10
    time.o                    common/time.s:10
    shelp.o                   runtime/shelp.s:12
    div.o                     runtime/div.s:12
tmp3 (zeropage.o):
    steaxspi.o                runtime/steaxspi.s:10
    lmul.o                    runtime/lmul.s:10
    lumod.o                   runtime/lumod.s:10
    ludiv.o                   runtime/ludiv.s:10
tmp4 (zeropage.o):
    lmul.o                    runtime/lmul.s:10
    lumod.o                   runtime/lumod.s:10
    ludiv.o                   runtime/ludiv.s:10
tosadda0 (add.o):
    map.o                     map.s:672
tosaddeax (ladd.o):
    mktime.o                  ../libwrk/cx16/mktime.s:618
tosdiva0 (div.o):
    map.o                     map.s:672
tosdivax (div.o):
    divt.o                    common/divt.s:17
tosicmp (icmp.o):
    mktime.o                  ../libwrk/cx16/mktime.s:618
    main.o                    main.s:456
tosmoda0 (mod.o):
    map.o                     map.s:672
tosmul0ax (lmul.o):
    gettime.o                 cx16/gettime.s:10
tossubeax (lsub.o):
    mktime.o                  ../libwrk/cx16/mktime.s:618
tosudiv0ax (ludiv.o):
    calendar.o                calendar.s:378
    calendar.o                calendar.s:378
tosudiveax (ludiv.o):
    calendar.o                calendar.s:378
tosumod0ax (lumod.o):
    calendar.o                calendar.s:378
    calendar.o                calendar.s:378
tosumoda0 (umod.o):
    mktime.o                  ../libwrk/cx16/mktime.s:618
    mktime.o                  ../libwrk/cx16/mktime.s:618
tosumodax (umod.o):
    mktime.o                  ../libwrk/cx16/mktime.s:618
tosumul0ax (lmul.o):
    mktime.o                  ../libwrk/cx16/mktime.s:618
tosumula0 (mul8.o):
    mktime.o                  ../libwrk/cx16/mktime.s:618
tosumulax (mul.o):
    mktime.o                  ../libwrk/cx16/mktime.s:618
tosumuleax (lmul.o):
    mktime.o                  ../libwrk/cx16/mktime.s:618
udiv16 (udiv.o):
    umod.o                    runtime/umod.s:8
    shelp.o                   runtime/shelp.s:11
udiv32 (ludiv.o):
    lumod.o                   runtime/lumod.s:9
vsnprintf (vsnprintf.o):
    vsprintf.o                common/vsprintf.s:9
zerobss (zerobss.o):
    crt0.o                    cx16/crt0.s:9

