Modules list:
-------------
test-adsr.o:
    CODE              Offs=000000  Size=0003AA  Align=00001  Fill=0000
    RODATA            Offs=000000  Size=000190  Align=00001  Fill=0000
    DATA              Offs=000000  Size=00007F  Align=00001  Fill=0000
ADSR.o:
    CODE              Offs=0003AA  Size=0001D0  Align=00001  Fill=0000
    RODATA            Offs=000190  Size=00000A  Align=00001  Fill=0000
/Volumes/Zort/git/cc65/lib/cx16.lib(_cursor.o):
    BSS               Offs=000000  Size=000001  Align=00001  Fill=0000
/Volumes/Zort/git/cc65/lib/cx16.lib(_hextab.o):
    RODATA            Offs=00019A  Size=000010  Align=00001  Fill=0000
/Volumes/Zort/git/cc65/lib/cx16.lib(_longminstr.o):
    RODATA            Offs=0001AA  Size=00000C  Align=00001  Fill=0000
/Volumes/Zort/git/cc65/lib/cx16.lib(_oserror.o):
    BSS               Offs=000001  Size=000001  Align=00001  Fill=0000
/Volumes/Zort/git/cc65/lib/cx16.lib(_printf.o):
    CODE              Offs=00057A  Size=0003A1  Align=00001  Fill=0000
    BSS               Offs=000002  Size=00002B  Align=00001  Fill=0000
    DATA              Offs=00007F  Size=000003  Align=00001  Fill=0000
/Volumes/Zort/git/cc65/lib/cx16.lib(_sys.o):
    CODE              Offs=00091B  Size=000044  Align=00001  Fill=0000
/Volumes/Zort/git/cc65/lib/cx16.lib(addysp.o):
    CODE              Offs=00095F  Size=00000E  Align=00001  Fill=0000
/Volumes/Zort/git/cc65/lib/cx16.lib(aslax2.o):
    CODE              Offs=00096D  Size=00000B  Align=00001  Fill=0000
/Volumes/Zort/git/cc65/lib/cx16.lib(axlong.o):
    CODE              Offs=000978  Size=00000D  Align=00001  Fill=0000
/Volumes/Zort/git/cc65/lib/cx16.lib(c_load.o):
    CODE              Offs=000985  Size=00001D  Align=00001  Fill=0000
/Volumes/Zort/git/cc65/lib/cx16.lib(c_setlfs.o):
    CODE              Offs=0009A2  Size=00000E  Align=00001  Fill=0000
/Volumes/Zort/git/cc65/lib/cx16.lib(c_setnam.o):
    CODE              Offs=0009B0  Size=000013  Align=00001  Fill=0000
/Volumes/Zort/git/cc65/lib/cx16.lib(callmain.o):
    CODE              Offs=0009C3  Size=000017  Align=00001  Fill=0000
    DATA              Offs=000082  Size=000004  Align=00001  Fill=0000
/Volumes/Zort/git/cc65/lib/cx16.lib(cgetc.o):
    CODE              Offs=0009DA  Size=000067  Align=00001  Fill=0000
/Volumes/Zort/git/cc65/lib/cx16.lib(clock.o):
    CODE              Offs=000A41  Size=00000F  Align=00001  Fill=0000
/Volumes/Zort/git/cc65/lib/cx16.lib(clrscr.o):
    CODE              Offs=000A50  Size=000011  Align=00001  Fill=0000
/Volumes/Zort/git/cc65/lib/cx16.lib(condes.o):
    CODE              Offs=000A61  Size=00000C  Align=00001  Fill=0000
    DATA              Offs=000086  Size=000025  Align=00001  Fill=0000
    ONCE              Offs=000000  Size=00000C  Align=00001  Fill=0000
/Volumes/Zort/git/cc65/lib/cx16.lib(cprintf.o):
    CODE              Offs=000A6D  Size=00002A  Align=00001  Fill=0000
    BSS               Offs=00002D  Size=000001  Align=00001  Fill=0000
/Volumes/Zort/git/cc65/lib/cx16.lib(cputc.o):
    CODE              Offs=000A97  Size=000062  Align=00001  Fill=0000
    RODATA            Offs=0001B6  Size=000008  Align=00001  Fill=0000
/Volumes/Zort/git/cc65/lib/cx16.lib(crt0.o):
    STARTUP           Offs=000000  Size=000021  Align=00001  Fill=0000
    ONCE              Offs=00000C  Size=00001B  Align=00001  Fill=0000
    INIT              Offs=000000  Size=000002  Align=00001  Fill=0000
/Volumes/Zort/git/cc65/lib/cx16.lib(ctype.o):
    RODATA            Offs=0001BE  Size=00008B  Align=00001  Fill=0000
/Volumes/Zort/git/cc65/lib/cx16.lib(ctypemask.o):
    CODE              Offs=000AF9  Size=00001E  Align=00001  Fill=0000
/Volumes/Zort/git/cc65/lib/cx16.lib(decsp1.o):
    CODE              Offs=000B17  Size=000009  Align=00001  Fill=0000
/Volumes/Zort/git/cc65/lib/cx16.lib(decsp4.o):
    CODE              Offs=000B20  Size=00000D  Align=00001  Fill=0000
/Volumes/Zort/git/cc65/lib/cx16.lib(decsp6.o):
    CODE              Offs=000B2D  Size=00000D  Align=00001  Fill=0000
/Volumes/Zort/git/cc65/lib/cx16.lib(exehdr.o):
    EXEHDR            Offs=000000  Size=00000C  Align=00001  Fill=0000
/Volumes/Zort/git/cc65/lib/cx16.lib(gotoxy.o):
    CODE              Offs=000B3A  Size=00000F  Align=00001  Fill=0000
/Volumes/Zort/git/cc65/lib/cx16.lib(incsp1.o):
    CODE              Offs=000B49  Size=000007  Align=00001  Fill=0000
/Volumes/Zort/git/cc65/lib/cx16.lib(incsp2.o):
    CODE              Offs=000B50  Size=000015  Align=00001  Fill=0000
/Volumes/Zort/git/cc65/lib/cx16.lib(incsp3.o):
    CODE              Offs=000B65  Size=000005  Align=00001  Fill=0000
/Volumes/Zort/git/cc65/lib/cx16.lib(incsp4.o):
    CODE              Offs=000B6A  Size=000005  Align=00001  Fill=0000
/Volumes/Zort/git/cc65/lib/cx16.lib(incsp6.o):
    CODE              Offs=000B6F  Size=000005  Align=00001  Fill=0000
/Volumes/Zort/git/cc65/lib/cx16.lib(incsp7.o):
    CODE              Offs=000B74  Size=000005  Align=00001  Fill=0000
/Volumes/Zort/git/cc65/lib/cx16.lib(incsp8.o):
    CODE              Offs=000B79  Size=000005  Align=00001  Fill=0000
/Volumes/Zort/git/cc65/lib/cx16.lib(jmpvec.o):
    DATA              Offs=0000AB  Size=000003  Align=00001  Fill=0000
/Volumes/Zort/git/cc65/lib/cx16.lib(kbhit.o):
    CODE              Offs=000B7E  Size=000005  Align=00001  Fill=0000
/Volumes/Zort/git/cc65/lib/cx16.lib(kernal.o):
/Volumes/Zort/git/cc65/lib/cx16.lib(ladd.o):
    CODE              Offs=000B83  Size=000024  Align=00001  Fill=0000
/Volumes/Zort/git/cc65/lib/cx16.lib(lcmp.o):
    CODE              Offs=000BA7  Size=00003B  Align=00001  Fill=0000
/Volumes/Zort/git/cc65/lib/cx16.lib(ldaxi.o):
    CODE              Offs=000BE2  Size=00000D  Align=00001  Fill=0000
/Volumes/Zort/git/cc65/lib/cx16.lib(ldaxsp.o):
    CODE              Offs=000BEF  Size=000009  Align=00001  Fill=0000
/Volumes/Zort/git/cc65/lib/cx16.lib(ldeaxysp.o):
    CODE              Offs=000BF8  Size=000013  Align=00001  Fill=0000
/Volumes/Zort/git/cc65/lib/cx16.lib(lge.o):
    CODE              Offs=000C0B  Size=000006  Align=00001  Fill=0000
/Volumes/Zort/git/cc65/lib/cx16.lib(lmul.o):
    CODE              Offs=000C11  Size=000059  Align=00001  Fill=0000
/Volumes/Zort/git/cc65/lib/cx16.lib(lneg.o):
    CODE              Offs=000C6A  Size=00001E  Align=00001  Fill=0000
/Volumes/Zort/git/cc65/lib/cx16.lib(loadaddr.o):
    LOADADDR          Offs=000000  Size=000002  Align=00001  Fill=0000
/Volumes/Zort/git/cc65/lib/cx16.lib(lpush.o):
    CODE              Offs=000C88  Size=00001E  Align=00001  Fill=0000
/Volumes/Zort/git/cc65/lib/cx16.lib(lsub.o):
    CODE              Offs=000CA6  Size=000024  Align=00001  Fill=0000
/Volumes/Zort/git/cc65/lib/cx16.lib(ltoa.o):
    CODE              Offs=000CCA  Size=000093  Align=00001  Fill=0000
/Volumes/Zort/git/cc65/lib/cx16.lib(makebool.o):
    CODE              Offs=000D5D  Size=00002C  Align=00001  Fill=0000
/Volumes/Zort/git/cc65/lib/cx16.lib(popa.o):
    CODE              Offs=000D89  Size=00000A  Align=00001  Fill=0000
/Volumes/Zort/git/cc65/lib/cx16.lib(popptr1.o):
    CODE              Offs=000D93  Size=00000E  Align=00001  Fill=0000
/Volumes/Zort/git/cc65/lib/cx16.lib(push1.o):
    CODE              Offs=000DA1  Size=000005  Align=00001  Fill=0000
/Volumes/Zort/git/cc65/lib/cx16.lib(pusha.o):
    CODE              Offs=000DA6  Size=000016  Align=00001  Fill=0000
/Volumes/Zort/git/cc65/lib/cx16.lib(pushax.o):
    CODE              Offs=000DBC  Size=00001A  Align=00001  Fill=0000
/Volumes/Zort/git/cc65/lib/cx16.lib(pushw.o):
    CODE              Offs=000DD6  Size=00000F  Align=00001  Fill=0000
/Volumes/Zort/git/cc65/lib/cx16.lib(sleep.o):
    CODE              Offs=000DE5  Size=000043  Align=00001  Fill=0000
/Volumes/Zort/git/cc65/lib/cx16.lib(staxsp.o):
    CODE              Offs=000E28  Size=00000B  Align=00001  Fill=0000
/Volumes/Zort/git/cc65/lib/cx16.lib(strlen.o):
    CODE              Offs=000E33  Size=000016  Align=00001  Fill=0000
/Volumes/Zort/git/cc65/lib/cx16.lib(strlower.o):
    CODE              Offs=000E49  Size=000027  Align=00001  Fill=0000
/Volumes/Zort/git/cc65/lib/cx16.lib(vcprintf.o):
    CODE              Offs=000E70  Size=000074  Align=00001  Fill=0000
    DATA              Offs=0000AE  Size=000008  Align=00001  Fill=0000
/Volumes/Zort/git/cc65/lib/cx16.lib(waitvsync.o):
    CODE              Offs=000EE4  Size=00000D  Align=00001  Fill=0000
/Volumes/Zort/git/cc65/lib/cx16.lib(zerobss.o):
    CODE              Offs=000EF1  Size=000023  Align=00001  Fill=0000
/Volumes/Zort/git/cc65/lib/cx16.lib(zeropage.o):
    ZEROPAGE          Offs=000000  Size=00001A  Align=00001  Fill=0000


Segment list:
-------------
Name                   Start     End    Size  Align
----------------------------------------------------
ZEROPAGE              000022  00003B  00001A  00001
LOADADDR              0007FF  000800  000002  00001
EXEHDR                000801  00080C  00000C  00001
STARTUP               00080D  00082D  000021  00001
CODE                  00082E  001741  000F14  00001
RODATA                001742  00198A  000249  00001
DATA                  00198B  001A40  0000B6  00001
INIT                  001A41  001A42  000002  00001
BSS                   001A43  001A70  00002E  00001
ONCE                  001A43  001A6B  000029  00001


Exports list by name:
---------------------
CHROUT                    00FFD2 RLA    GETIN                     00FFE4 RLA    
KBDBUF_PEEK               00FEBD RLA    LOAD                      00FFD5 RLA    
PLOT                      00FFF0 RLA    RDTIM                     00FFDE RLA    
SETLFS                    00FFBA RLA    SETNAM                    00FFBD RLA    
SETTIM                    00FFDB RLA    __BSS_RUN__               001A43 RLA    
__BSS_SIZE__              00002E REA    __CONSTRUCTOR_COUNT__     000001 REA    
__CONSTRUCTOR_TABLE__     001A6A RLA    __DESTRUCTOR_COUNT__      000000 REA    
__DESTRUCTOR_TABLE__      00198B RLA    __EXEHDR__                000001 REA    
__HEADER_LAST__           00080D RLA    __HIMEM__                 009F00 REA    
__LOADADDR__              000001 REA    __MAIN_SIZE__             0096F3 REA    
__MAIN_START__            00080D RLA    __ONCE_RUN__              001A43 RLA    
__STACKSIZE__             000800 REA    __STARTUP__               000001 REA    
___oserror                001A44 RLA    __ctype                   001900 RLA    
__ctypeidx                00190B RLA    __hextab                  0018DC RLA    
__longminstr              0018EC RLA    __printf                  000E99 RLA    
__sys                     001149 RLA    _adsr_activateVoice       000D08 RLA    
_adsr_install             000D62 RLA    _adsr_setAttack           000C0D RLA    
_adsr_setDecay            000C43 RLA    _adsr_setFrequency        000BD8 RLA    
_adsr_setHandler          000D3D RLA    _adsr_setRelease          000CA9 RLA    
_adsr_setSustain          000C73 RLA    _cbm_k_load               0011B3 RLA    
_cbm_k_setlfs             0011D0 RLA    _cbm_k_setnam             0011DE RLA    
_cgetc                    001208 RLA    _clock                    001276 RLA    
_clrscr                   00127E RLA    _cprintf                  00129B RLA    
_cputc                    0012CA RLA    _gotoxy                   00136B RLA    
_kbhit                    0013AC RLA    _ltoa                     001510 RLA    
_main                     0009BB RLA    _sleep                    001613 RLA    
_strlen                   001661 RLA    _strlower                 001677 RLA    
_ultoa                    00154F RLA    _vcprintf                 0016E2 RLA    
_waitvsync                001712 RLA    addysp                    00118E RLA    
addysp1                   00118D RLA    axlong                    0011A6 RLA    
axulong                   0011AC RLA    boolge                    0015A2 RLA    
callmain                  0011F1 RLA    ctypemaskdirect           00132B RLA    
cursor                    001A43 RLA    decsp1                    001345 RLA    
decsp4                    00134E RLA    decsp6                    00135B RLA    
donelib                   00128F RLA    gotoxy                    001368 RLA    
incsp1                    001377 RLA    incsp2                    001385 RLA    
incsp3                    001393 RLA    incsp4                    001398 RLA    
incsp6                    00139D RLA    incsp7                    0013A2 RLA    
incsp8                    0013A7 RLA    initclock                 00126F  LAI   
initlib                   001A43 RLA    jmpvec                    001A36 RLA    
ldaxi                     001410 RLA    ldaxysp                   00141F RLA    
ldeax0sp                  001426 RLA    negeax                    001498 RLA    
plot                      0012F6 RLA    popa                      0015B7 RLA    
popax                     00137E RLA    popptr1                   0015C1 RLA    
ptr1                      00002A RLZ    ptr2                      00002C RLZ    
ptr3                      00002E RLZ    ptr4                      000030 RLZ    
push1                     0015CF RLA    pusha                     0015D8 RLA    
pusha0                    0015EC RLA    pushax                    0015EE RLA    
pusheax                   0014BD RLA    pushw                     001604 RLA    
regbank                   000036 RLZ    shlax2                    00119B RLA    
sp                        000022 RLZ    sreg                      000024 RLZ    
staxysp                   001658 RLA    tmp1                      000032 RLZ    
tmp2                      000033 RLZ    tmp3                      000034 RLZ    
tmp4                      000035 RLZ    tosaddeax                 0013B7 RLA    
tosgeeax                  001439 RLA    toslcmp                   0013D5 RLA    
tossubeax                 0014D8 RLA    tosumul0ax                00143F RLA    
zerobss                   00171F RLA    


Exports list by value:
----------------------
__DESTRUCTOR_COUNT__      000000 REA    __LOADADDR__              000001 REA    
__CONSTRUCTOR_COUNT__     000001 REA    __STARTUP__               000001 REA    
__EXEHDR__                000001 REA    sp                        000022 RLZ    
sreg                      000024 RLZ    ptr1                      00002A RLZ    
ptr2                      00002C RLZ    ptr3                      00002E RLZ    
__BSS_SIZE__              00002E REA    ptr4                      000030 RLZ    
tmp1                      000032 RLZ    tmp2                      000033 RLZ    
tmp3                      000034 RLZ    tmp4                      000035 RLZ    
regbank                   000036 RLZ    __STACKSIZE__             000800 REA    
__HEADER_LAST__           00080D RLA    __MAIN_START__            00080D RLA    
_main                     0009BB RLA    _adsr_setFrequency        000BD8 RLA    
_adsr_setAttack           000C0D RLA    _adsr_setDecay            000C43 RLA    
_adsr_setSustain          000C73 RLA    _adsr_setRelease          000CA9 RLA    
_adsr_activateVoice       000D08 RLA    _adsr_setHandler          000D3D RLA    
_adsr_install             000D62 RLA    __printf                  000E99 RLA    
__sys                     001149 RLA    addysp1                   00118D RLA    
addysp                    00118E RLA    shlax2                    00119B RLA    
axlong                    0011A6 RLA    axulong                   0011AC RLA    
_cbm_k_load               0011B3 RLA    _cbm_k_setlfs             0011D0 RLA    
_cbm_k_setnam             0011DE RLA    callmain                  0011F1 RLA    
_cgetc                    001208 RLA    initclock                 00126F  LAI   
_clock                    001276 RLA    _clrscr                   00127E RLA    
donelib                   00128F RLA    _cprintf                  00129B RLA    
_cputc                    0012CA RLA    plot                      0012F6 RLA    
ctypemaskdirect           00132B RLA    decsp1                    001345 RLA    
decsp4                    00134E RLA    decsp6                    00135B RLA    
gotoxy                    001368 RLA    _gotoxy                   00136B RLA    
incsp1                    001377 RLA    popax                     00137E RLA    
incsp2                    001385 RLA    incsp3                    001393 RLA    
incsp4                    001398 RLA    incsp6                    00139D RLA    
incsp7                    0013A2 RLA    incsp8                    0013A7 RLA    
_kbhit                    0013AC RLA    tosaddeax                 0013B7 RLA    
toslcmp                   0013D5 RLA    ldaxi                     001410 RLA    
ldaxysp                   00141F RLA    ldeax0sp                  001426 RLA    
tosgeeax                  001439 RLA    tosumul0ax                00143F RLA    
negeax                    001498 RLA    pusheax                   0014BD RLA    
tossubeax                 0014D8 RLA    _ltoa                     001510 RLA    
_ultoa                    00154F RLA    boolge                    0015A2 RLA    
popa                      0015B7 RLA    popptr1                   0015C1 RLA    
push1                     0015CF RLA    pusha                     0015D8 RLA    
pusha0                    0015EC RLA    pushax                    0015EE RLA    
pushw                     001604 RLA    _sleep                    001613 RLA    
staxysp                   001658 RLA    _strlen                   001661 RLA    
_strlower                 001677 RLA    _vcprintf                 0016E2 RLA    
_waitvsync                001712 RLA    zerobss                   00171F RLA    
__hextab                  0018DC RLA    __longminstr              0018EC RLA    
__ctype                   001900 RLA    __ctypeidx                00190B RLA    
__DESTRUCTOR_TABLE__      00198B RLA    jmpvec                    001A36 RLA    
initlib                   001A43 RLA    __BSS_RUN__               001A43 RLA    
cursor                    001A43 RLA    __ONCE_RUN__              001A43 RLA    
___oserror                001A44 RLA    __CONSTRUCTOR_TABLE__     001A6A RLA    
__MAIN_SIZE__             0096F3 REA    __HIMEM__                 009F00 REA    
KBDBUF_PEEK               00FEBD RLA    SETLFS                    00FFBA RLA    
SETNAM                    00FFBD RLA    CHROUT                    00FFD2 RLA    
LOAD                      00FFD5 RLA    SETTIM                    00FFDB RLA    
RDTIM                     00FFDE RLA    GETIN                     00FFE4 RLA    
PLOT                      00FFF0 RLA    


Imports list:
-------------
CHROUT (kernal.o):
    crt0.o                    cx16/crt0.s:10
    clrscr.o                  cx16/clrscr.s:10
GETIN (kernal.o):
    cgetc.o                   cx16/cgetc.s:10
KBDBUF_PEEK (kernal.o):
    kbhit.o                   cx16/kbhit.s:10
LOAD (kernal.o):
    c_load.o                  cbm/cbm.inc:37
PLOT (kernal.o):
    cputc.o                   cx16/cputc.s:11
RDTIM (kernal.o):
    clock.o                   cx16/clock.s:11
    waitvsync.o               cx16/waitvsync.s:14
SETLFS (kernal.o):
    c_setlfs.o                cbm/cbm.inc:33
SETNAM (kernal.o):
    c_setnam.o                cbm/cbm.inc:34
SETTIM (kernal.o):
    clock.o                   cx16/clock.s:11
__BSS_RUN__ ([linker generated]):
    zerobss.o                 common/zerobss.s:8
__BSS_SIZE__ ([linker generated]):
    zerobss.o                 common/zerobss.s:8
__CONSTRUCTOR_COUNT__ ([linker generated]):
    condes.o                  runtime/condes.s:18
__CONSTRUCTOR_TABLE__ ([linker generated]):
    condes.o                  runtime/condes.s:18
__DESTRUCTOR_COUNT__ ([linker generated]):
    condes.o                  runtime/condes.s:19
__DESTRUCTOR_TABLE__ ([linker generated]):
    condes.o                  runtime/condes.s:19
__EXEHDR__ (exehdr.o):
    [linker generated]        /Volumes/Zort/git/cc65/cfg/cx16.cfg:6
__HEADER_LAST__ ([linker generated]):
    [linker generated]        /Volumes/Zort/git/cc65/cfg/cx16.cfg:14
    [linker generated]        /Volumes/Zort/git/cc65/cfg/cx16.cfg:14
__HIMEM__ ([linker generated]):
    [linker generated]        /Volumes/Zort/git/cc65/cfg/cx16.cfg:15
    [linker generated]        /Volumes/Zort/git/cc65/cfg/cx16.cfg:14
__LOADADDR__ (loadaddr.o):
    [linker generated]        /Volumes/Zort/git/cc65/cfg/cx16.cfg:5
__MAIN_SIZE__ ([linker generated]):
    crt0.o                    cx16/crt0.s:11
__MAIN_START__ ([linker generated]):
    crt0.o                    cx16/crt0.s:11
__ONCE_RUN__ ([linker generated]):
    [linker generated]        /Volumes/Zort/git/cc65/cfg/cx16.cfg:15
    [linker generated]        /Volumes/Zort/git/cc65/cfg/cx16.cfg:15
__STACKSIZE__ ([linker generated]):
    [linker generated]        /Volumes/Zort/git/cc65/cfg/cx16.cfg:15
__STARTUP__ (crt0.o):
    test-adsr.o               test-adsr.s:13
___oserror (_oserror.o):
    c_load.o                  cbm/c_load.s:10
__ctype (ctype.o):
    ctypemask.o               common/ctypemask.s:23
__ctypeidx (ctype.o):
    ctypemask.o               common/ctypemask.s:24
__hextab (_hextab.o):
    ltoa.o                    common/ltoa.s:10
__longminstr (_longminstr.o):
    ltoa.o                    common/ltoa.s:10
__printf (_printf.o):
    vcprintf.o                conio/vcprintf.s:9
__sys (_sys.o):
    ADSR.o                    ADSR.s:13
    test-adsr.o               test-adsr.s:21
_adsr_activateVoice (ADSR.o):
    test-adsr.o               test-adsr.s:27
_adsr_install (ADSR.o):
    test-adsr.o               test-adsr.s:29
_adsr_setAttack (ADSR.o):
    test-adsr.o               test-adsr.s:23
_adsr_setDecay (ADSR.o):
    test-adsr.o               test-adsr.s:24
_adsr_setFrequency (ADSR.o):
    test-adsr.o               test-adsr.s:22
_adsr_setHandler (ADSR.o):
    test-adsr.o               test-adsr.s:28
_adsr_setRelease (ADSR.o):
    test-adsr.o               test-adsr.s:26
_adsr_setSustain (ADSR.o):
    test-adsr.o               test-adsr.s:25
_cbm_k_load (c_load.o):
    ADSR.o                    ADSR.s:14
_cbm_k_setlfs (c_setlfs.o):
    ADSR.o                    ADSR.s:15
_cbm_k_setnam (c_setnam.o):
    ADSR.o                    ADSR.s:16
_cgetc (cgetc.o):
    test-adsr.o               test-adsr.s:20
_clock (clock.o):
    sleep.o                   ../libwrk/cx16/sleep.s:16
_clrscr (clrscr.o):
    test-adsr.o               test-adsr.s:16
_cprintf (cprintf.o):
    test-adsr.o               test-adsr.s:19
_cputc (cputc.o):
    vcprintf.o                conio/vcprintf.s:9
_gotoxy (gotoxy.o):
    test-adsr.o               test-adsr.s:18
_kbhit (kbhit.o):
    cgetc.o                   cx16/cgetc.s:10
    test-adsr.o               test-adsr.s:17
_ltoa (ltoa.o):
    _printf.o                 common/_printf.s:12
_main (test-adsr.o):
    callmain.o                runtime/callmain.s:11
_sleep (sleep.o):
    test-adsr.o               test-adsr.s:14
_strlen (strlen.o):
    _printf.o                 common/_printf.s:13
_strlower (strlower.o):
    _printf.o                 common/_printf.s:13
_ultoa (ltoa.o):
    _printf.o                 common/_printf.s:12
_vcprintf (vcprintf.o):
    cprintf.o                 conio/cprintf.s:8
_waitvsync (waitvsync.o):
    test-adsr.o               test-adsr.s:15
addysp (addysp.o):
    incsp4.o                  runtime/incsp4.s:8
    incsp8.o                  runtime/incsp8.s:8
    incsp7.o                  runtime/incsp7.s:8
    incsp6.o                  runtime/incsp6.s:8
    incsp3.o                  runtime/incsp3.s:8
    cprintf.o                 conio/cprintf.s:8
addysp1 (addysp.o):
    lsub.o                    runtime/lsub.s:11
    lmul.o                    runtime/lmul.s:9
    ladd.o                    runtime/ladd.s:8
axlong (axlong.o):
    _printf.o                 common/_printf.s:11
axulong (axlong.o):
    _printf.o                 common/_printf.s:11
    sleep.o                   ../libwrk/cx16/sleep.s:67
boolge (makebool.o):
    lge.o                     runtime/lge.s:8
callmain (callmain.o):
    crt0.o                    cx16/crt0.s:9
ctypemaskdirect (ctypemask.o):
    strlower.o                common/strlower.s:14
cursor (_cursor.o):
    cgetc.o                   cx16/cgetc.s:10
decsp1 (decsp1.o):
    test-adsr.o               test-adsr.s:608
decsp4 (decsp4.o):
    lpush.o                   runtime/lpush.s:12
decsp6 (decsp6.o):
    _printf.o                 common/_printf.s:11
    ADSR.o                    ADSR.s:397
    ADSR.o                    ADSR.s:397
    ADSR.o                    ADSR.s:397
    test-adsr.o               test-adsr.s:608
donelib (condes.o):
    crt0.o                    cx16/crt0.s:8
gotoxy (gotoxy.o):
    cputc.o                   cx16/cputc.s:11
incsp1 (incsp1.o):
    ADSR.o                    ADSR.s:397
    test-adsr.o               test-adsr.s:608
incsp2 (incsp2.o):
    popptr1.o                 runtime/popptr1.s:8
    ADSR.o                    ADSR.s:397
    ADSR.o                    ADSR.s:397
    ADSR.o                    ADSR.s:397
    ADSR.o                    ADSR.s:397
incsp3 (incsp3.o):
    ADSR.o                    ADSR.s:397
    ADSR.o                    ADSR.s:397
incsp4 (incsp4.o):
    lcmp.o                    runtime/lcmp.s:9
incsp6 (incsp6.o):
    sleep.o                   ../libwrk/cx16/sleep.s:67
    ADSR.o                    ADSR.s:397
    ADSR.o                    ADSR.s:397
    test-adsr.o               test-adsr.s:608
incsp7 (incsp7.o):
    ADSR.o                    ADSR.s:397
incsp8 (incsp8.o):
    ADSR.o                    ADSR.s:397
initlib (condes.o):
    crt0.o                    cx16/crt0.s:8
jmpvec (jmpvec.o):
    _sys.o                    common/_sys.s:8
ldaxi (ldaxi.o):
    test-adsr.o               test-adsr.s:608
ldaxysp (ldaxsp.o):
    sleep.o                   ../libwrk/cx16/sleep.s:67
ldeax0sp (ldeaxysp.o):
    sleep.o                   ../libwrk/cx16/sleep.s:67
negeax (lneg.o):
    ltoa.o                    common/ltoa.s:9
plot (cputc.o):
    gotoxy.o                  cx16/gotoxy.s:9
popa (popa.o):
    gotoxy.o                  cx16/gotoxy.s:9
    c_setlfs.o                cbm/c_setlfs.s:12
    c_load.o                  cbm/c_load.s:11
popax (incsp2.o):
    ltoa.o                    common/ltoa.s:9
    _printf.o                 common/_printf.s:11
    vcprintf.o                conio/vcprintf.s:8
popptr1 (popptr1.o):
    ltoa.o                    common/ltoa.s:9
    vcprintf.o                conio/vcprintf.s:8
ptr1 (zeropage.o):
    lcmp.o                    runtime/lcmp.s:10
    strlower.o                common/strlower.s:13
    popptr1.o                 runtime/popptr1.s:9
    ltoa.o                    common/ltoa.s:11
    lmul.o                    runtime/lmul.s:10
    _printf.o                 /Volumes/Zort/git/cc65/asminc/zeropage.inc:12
    zerobss.o                 common/zerobss.s:9
    vcprintf.o                conio/vcprintf.s:10
    pushw.o                   runtime/pushw.s:9
    ldaxi.o                   runtime/ldaxi.s:8
    cprintf.o                 conio/cprintf.s:9
    c_setnam.o                cbm/c_setnam.s:10
    c_load.o                  cbm/c_load.s:12
    _sys.o                    common/_sys.s:9
    ADSR.o                    ADSR.s:11
ptr2 (zeropage.o):
    strlower.o                common/strlower.s:13
    ltoa.o                    common/ltoa.s:11
    _printf.o                 /Volumes/Zort/git/cc65/asminc/zeropage.inc:12
    vcprintf.o                conio/vcprintf.s:10
ptr3 (zeropage.o):
    ltoa.o                    common/ltoa.s:11
    lmul.o                    runtime/lmul.s:10
    vcprintf.o                conio/vcprintf.s:10
ptr4 (zeropage.o):
    strlen.o                  common/strlen.s:12
    lmul.o                    runtime/lmul.s:10
push1 (push1.o):
    _printf.o                 common/_printf.s:11
pusha (pusha.o):
    ADSR.o                    ADSR.s:397
    ADSR.o                    ADSR.s:397
    ADSR.o                    ADSR.s:397
    ADSR.o                    ADSR.s:397
    ADSR.o                    ADSR.s:397
    ADSR.o                    ADSR.s:397
    ADSR.o                    ADSR.s:397
    ADSR.o                    ADSR.s:397
    ADSR.o                    ADSR.s:397
    ADSR.o                    ADSR.s:397
    test-adsr.o               test-adsr.s:608
    test-adsr.o               test-adsr.s:608
pusha0 (pushax.o):
    push1.o                   runtime/push1.s:8
    test-adsr.o               test-adsr.s:608
pushax (pushax.o):
    callmain.o                runtime/callmain.s:11
    _printf.o                 common/_printf.s:11
    vcprintf.o                conio/vcprintf.s:8
    sleep.o                   ../libwrk/cx16/sleep.s:67
    pushw.o                   runtime/pushw.s:8
    cprintf.o                 conio/cprintf.s:8
    ADSR.o                    ADSR.s:397
    test-adsr.o               test-adsr.s:608
    test-adsr.o               test-adsr.s:608
pusheax (lpush.o):
    _printf.o                 common/_printf.s:11
    sleep.o                   ../libwrk/cx16/sleep.s:67
pushw (pushw.o):
    test-adsr.o               test-adsr.s:608
regbank (zeropage.o):
    _printf.o                 /Volumes/Zort/git/cc65/asminc/zeropage.inc:14
shlax2 (aslax2.o):
    ADSR.o                    ADSR.s:397
sp (zeropage.o):
    lcmp.o                    runtime/lcmp.s:10
    decsp4.o                  runtime/decsp4.s:8
    popptr1.o                 runtime/popptr1.s:9
    lsub.o                    runtime/lsub.s:12
    lpush.o                   runtime/lpush.s:13
    lmul.o                    runtime/lmul.s:10
    ldeaxysp.o                runtime/ldeaxysp.s:12
    ldaxsp.o                  runtime/ldaxsp.s:8
    ladd.o                    runtime/ladd.s:9
    addysp.o                  runtime/addysp.s:8
    _printf.o                 /Volumes/Zort/git/cc65/asminc/zeropage.inc:11
    vcprintf.o                conio/vcprintf.s:10
    staxsp.o                  runtime/staxsp.s:8
    pushax.o                  runtime/pushax.s:8
    pusha.o                   runtime/pusha.s:8
    popa.o                    runtime/popa.s:8
    incsp2.o                  runtime/incsp2.s:8
    incsp1.o                  runtime/incsp1.s:8
    decsp6.o                  runtime/decsp6.s:8
    decsp1.o                  runtime/decsp1.s:8
    crt0.o                    /Volumes/Zort/git/cc65/asminc/zeropage.inc:11
    cprintf.o                 conio/cprintf.s:9
    ADSR.o                    ADSR.s:10
    test-adsr.o               test-adsr.s:10
sreg (zeropage.o):
    lneg.o                    runtime/lneg.s:11
    lcmp.o                    runtime/lcmp.s:10
    ltoa.o                    common/ltoa.s:11
    lsub.o                    runtime/lsub.s:12
    lpush.o                   runtime/lpush.s:13
    lmul.o                    runtime/lmul.s:10
    ldeaxysp.o                runtime/ldeaxysp.s:12
    ladd.o                    runtime/ladd.s:9
    clock.o                   cx16/clock.s:12
    axlong.o                  runtime/axlong.s:9
    _printf.o                 /Volumes/Zort/git/cc65/asminc/zeropage.inc:11
    sleep.o                   ../libwrk/cx16/sleep.s:10
staxysp (staxsp.o):
    ADSR.o                    ADSR.s:397
    ADSR.o                    ADSR.s:397
    ADSR.o                    ADSR.s:397
    test-adsr.o               test-adsr.s:608
tmp1 (zeropage.o):
    ltoa.o                    common/ltoa.s:11
    ladd.o                    runtime/ladd.s:9
    _printf.o                 /Volumes/Zort/git/cc65/asminc/zeropage.inc:13
    waitvsync.o               cx16/waitvsync.s:13
    vcprintf.o                conio/vcprintf.s:10
    c_setlfs.o                cbm/c_setlfs.s:13
    aslax2.o                  runtime/aslax2.s:8
tmp2 (zeropage.o):
    lmul.o                    runtime/lmul.s:10
tmp3 (zeropage.o):
    lmul.o                    runtime/lmul.s:10
tmp4 (zeropage.o):
    lmul.o                    runtime/lmul.s:10
tosaddeax (ladd.o):
    sleep.o                   ../libwrk/cx16/sleep.s:67
tosgeeax (lge.o):
    sleep.o                   ../libwrk/cx16/sleep.s:67
toslcmp (lcmp.o):
    lge.o                     runtime/lge.s:8
tossubeax (lsub.o):
    sleep.o                   ../libwrk/cx16/sleep.s:67
tosumul0ax (lmul.o):
    sleep.o                   ../libwrk/cx16/sleep.s:67
zerobss (zerobss.o):
    crt0.o                    cx16/crt0.s:9

